❌ Fixture Failed: tier-1-10000.json (Tier 1, Seed 10000)
   Mean Error for test: 52.5500px
  [root-node] x: expected -20.00, got 0.00 (err: 20.00)
  [root-node] y: expected -18.00, got 0.00 (err: 18.00)
  [root-node] width: expected 280.00, got 0.00 (err: 280.00)
  [root-node] height: expected 252.00, got 0.00 (err: 252.00)
  [root-node] borderBoxWidth: expected 320.00, got 0.00 (err: 320.00)
  [root-node] borderBoxHeight: expected 285.00, got 0.00 (err: 285.00)
  [root-node] outerWidth: expected 337.00, got 0.00 (err: 337.00)
  [root-node] outerHeight: expected 286.00, got 0.00 (err: 286.00)
  [root-node] padding.top: expected 17.00, got 0.00 (err: 17.00)
  [root-node] padding.right: expected 20.00, got 0.00 (err: 20.00)
  [root-node] padding.bottom: expected 6.00, got 0.00 (err: 6.00)
  [root-node] padding.left: expected 17.00, got 0.00 (err: 17.00)
  [root-node] border.top: expected 1.00, got 0.00 (err: 1.00)
  [root-node] border.bottom: expected 9.00, got 0.00 (err: 9.00)
  [root-node] border.left: expected 3.00, got 0.00 (err: 3.00)
  [root-node] margin.top: expected 1.00, got 0.00 (err: 1.00)
  [root-node] margin.right: expected 6.00, got 0.00 (err: 6.00)
  [root-node] margin.left: expected 11.00, got 0.00 (err: 11.00)
  [node-2] x: expected 7.00, got 0.00 (err: 7.00)
  [node-2] y: expected 16.00, got 0.00 (err: 16.00)
  [node-2] width: expected 65.00, got 0.00 (err: 65.00)
  [node-2] height: expected 35.00, got 0.00 (err: 35.00)
  [node-2] borderBoxWidth: expected 99.00, got 0.00 (err: 99.00)
  [node-2] borderBoxHeight: expected 55.00, got 0.00 (err: 55.00)
  [node-2] outerWidth: expected 108.00, got 0.00 (err: 108.00)
  [node-2] outerHeight: expected 71.00, got 0.00 (err: 71.00)
  [node-2] padding.top: expected 13.00, got 0.00 (err: 13.00)
  [node-2] padding.right: expected 4.00, got 0.00 (err: 4.00)
  [node-2] padding.bottom: expected 4.00, got 0.00 (err: 4.00)
  [node-2] padding.left: expected 19.00, got 0.00 (err: 19.00)
  [node-2] border.top: expected 1.00, got 0.00 (err: 1.00)
  [node-2] border.right: expected 5.00, got 0.00 (err: 5.00)
  [node-2] border.bottom: expected 2.00, got 0.00 (err: 2.00)
  [node-2] border.left: expected 6.00, got 0.00 (err: 6.00)
  [node-2] margin.top: expected 16.00, got 0.00 (err: 16.00)
  [node-2] margin.right: expected 2.00, got 0.00 (err: 2.00)
  [node-2] margin.left: expected 7.00, got 0.00 (err: 7.00)
  [node-3] x: expected 38.00, got 0.00 (err: 38.00)
  [node-3] y: expected 40.00, got 0.00 (err: 40.00)
  [node-3] width: expected 72.00, got 0.00 (err: 72.00)
  [node-3] height: expected 129.00, got 0.00 (err: 129.00)
  [node-3] borderBoxWidth: expected 108.00, got 0.00 (err: 108.00)
  [node-3] borderBoxHeight: expected 164.00, got 0.00 (err: 164.00)
  [node-3] outerWidth: expected 131.00, got 0.00 (err: 131.00)
  [node-3] outerHeight: expected 174.00, got 0.00 (err: 174.00)
  [node-3] padding.top: expected 20.00, got 0.00 (err: 20.00)
  [node-3] padding.right: expected 19.00, got 0.00 (err: 19.00)
  [node-3] padding.bottom: expected 5.00, got 0.00 (err: 5.00)
  [node-3] padding.left: expected 11.00, got 0.00 (err: 11.00)
  [node-3] border.top: expected 3.00, got 0.00 (err: 3.00)
  [node-3] border.right: expected 3.00, got 0.00 (err: 3.00)
  [node-3] border.bottom: expected 7.00, got 0.00 (err: 7.00)
  [node-3] border.left: expected 3.00, got 0.00 (err: 3.00)
  [node-3] margin.top: expected 10.00, got 0.00 (err: 10.00)
  [node-3] margin.right: expected 17.00, got 0.00 (err: 17.00)
  [node-3] margin.left: expected 6.00, got 0.00 (err: 6.00)
  [node-4] x: expected 15.00, got 0.00 (err: 15.00)
  [node-4] y: expected 86.00, got 0.00 (err: 86.00)
  [node-4] width: expected 82.00, got 0.00 (err: 82.00)
  [node-4] height: expected 75.00, got 0.00 (err: 75.00)
  [node-4] borderBoxWidth: expected 129.00, got 0.00 (err: 129.00)
  [node-4] borderBoxHeight: expected 99.00, got 0.00 (err: 99.00)
  [node-4] outerWidth: expected 161.00, got 0.00 (err: 161.00)
  [node-4] outerHeight: expected 114.00, got 0.00 (err: 114.00)
  [node-4] padding.top: expected 12.00, got 0.00 (err: 12.00)
  [node-4] padding.right: expected 20.00, got 0.00 (err: 20.00)
  [node-4] padding.bottom: expected 2.00, got 0.00 (err: 2.00)
  [node-4] padding.left: expected 13.00, got 0.00 (err: 13.00)
  [node-4] border.top: expected 6.00, got 0.00 (err: 6.00)
  [node-4] border.right: expected 5.00, got 0.00 (err: 5.00)
  [node-4] border.bottom: expected 4.00, got 0.00 (err: 4.00)
  [node-4] border.left: expected 9.00, got 0.00 (err: 9.00)
  [node-4] margin.top: expected 15.00, got 0.00 (err: 15.00)
  [node-4] margin.right: expected 17.00, got 0.00 (err: 17.00)
  [node-4] margin.left: expected 15.00, got 0.00 (err: 15.00)
  [node-5] x: expected 43.00, got 0.00 (err: 43.00)
  [node-5] y: expected 122.00, got 0.00 (err: 122.00)
  [node-5] width: expected 70.00, got 0.00 (err: 70.00)
  [node-5] height: expected 115.00, got 0.00 (err: 115.00)
  [node-5] borderBoxWidth: expected 116.00, got 0.00 (err: 116.00)
  [node-5] borderBoxHeight: expected 141.00, got 0.00 (err: 141.00)
  [node-5] outerWidth: expected 126.00, got 0.00 (err: 126.00)
  [node-5] outerHeight: expected 159.00, got 0.00 (err: 159.00)
  [node-5] padding.top: expected 11.00, got 0.00 (err: 11.00)
  [node-5] padding.right: expected 12.00, got 0.00 (err: 12.00)
  [node-5] padding.bottom: expected 2.00, got 0.00 (err: 2.00)
  [node-5] padding.left: expected 17.00, got 0.00 (err: 17.00)
  [node-5] border.top: expected 10.00, got 0.00 (err: 10.00)
  [node-5] border.right: expected 9.00, got 0.00 (err: 9.00)
  [node-5] border.bottom: expected 3.00, got 0.00 (err: 3.00)
  [node-5] border.left: expected 8.00, got 0.00 (err: 8.00)
  [node-5] margin.top: expected 18.00, got 0.00 (err: 18.00)
  [node-5] margin.right: expected 4.00, got 0.00 (err: 4.00)
  [node-5] margin.left: expected 6.00, got 0.00 (err: 6.00)

❌ Fixture Failed: tier-1-10001.json (Tier 1, Seed 10001)
   Mean Error for test: 83.9643px
  [root-node] x: expected -22.00, got 0.00 (err: 22.00)
  [root-node] y: expected -21.00, got 0.00 (err: 21.00)
  [root-node] width: expected 264.00, got 0.00 (err: 264.00)
  [root-node] height: expected 181.00, got 0.00 (err: 181.00)
  [root-node] borderBoxWidth: expected 290.00, got 0.00 (err: 290.00)
  [root-node] borderBoxHeight: expected 211.00, got 0.00 (err: 211.00)
  [root-node] outerWidth: expected 303.00, got 0.00 (err: 303.00)
  [root-node] outerHeight: expected 223.00, got 0.00 (err: 223.00)
  [root-node] padding.top: expected 13.00, got 0.00 (err: 13.00)
  [root-node] padding.right: expected 4.00, got 0.00 (err: 4.00)
  [root-node] padding.bottom: expected 5.00, got 0.00 (err: 5.00)
  [root-node] padding.left: expected 18.00, got 0.00 (err: 18.00)
  [root-node] border.top: expected 8.00, got 0.00 (err: 8.00)
  [root-node] border.bottom: expected 4.00, got 0.00 (err: 4.00)
  [root-node] border.left: expected 4.00, got 0.00 (err: 4.00)
  [root-node] margin.top: expected 12.00, got 0.00 (err: 12.00)
  [root-node] margin.right: expected 3.00, got 0.00 (err: 3.00)
  [root-node] margin.left: expected 10.00, got 0.00 (err: 10.00)
  [node-2] x: expected 12.00, got 0.00 (err: 12.00)
  [node-2] y: expected 6.00, got 0.00 (err: 6.00)
  [node-2] width: expected 183.00, got 0.00 (err: 183.00)
  [node-2] height: expected 236.00, got 0.00 (err: 236.00)
  [node-2] borderBoxWidth: expected 210.00, got 0.00 (err: 210.00)
  [node-2] borderBoxHeight: expected 270.00, got 0.00 (err: 270.00)
  [node-2] outerWidth: expected 236.00, got 0.00 (err: 236.00)
  [node-2] outerHeight: expected 276.00, got 0.00 (err: 276.00)
  [node-2] padding.top: expected 17.00, got 0.00 (err: 17.00)
  [node-2] padding.right: expected 16.00, got 0.00 (err: 16.00)
  [node-2] padding.bottom: expected 14.00, got 0.00 (err: 14.00)
  [node-2] padding.left: expected 2.00, got 0.00 (err: 2.00)
  [node-2] border.top: expected 2.00, got 0.00 (err: 2.00)
  [node-2] border.bottom: expected 1.00, got 0.00 (err: 1.00)
  [node-2] border.left: expected 9.00, got 0.00 (err: 9.00)
  [node-2] margin.top: expected 6.00, got 0.00 (err: 6.00)
  [node-2] margin.right: expected 14.00, got 0.00 (err: 14.00)
  [node-2] margin.left: expected 12.00, got 0.00 (err: 12.00)
  [node-3] x: expected 31.00, got 0.00 (err: 31.00)
  [node-3] y: expected 39.00, got 0.00 (err: 39.00)
  [node-3] width: expected 254.00, got 0.00 (err: 254.00)
  [node-3] height: expected 281.00, got 0.00 (err: 281.00)
  [node-3] borderBoxWidth: expected 301.00, got 0.00 (err: 301.00)
  [node-3] borderBoxHeight: expected 306.00, got 0.00 (err: 306.00)
  [node-3] outerWidth: expected 329.00, got 0.00 (err: 329.00)
  [node-3] outerHeight: expected 320.00, got 0.00 (err: 320.00)
  [node-3] padding.top: expected 6.00, got 0.00 (err: 6.00)
  [node-3] padding.right: expected 13.00, got 0.00 (err: 13.00)
  [node-3] padding.bottom: expected 12.00, got 0.00 (err: 12.00)
  [node-3] padding.left: expected 18.00, got 0.00 (err: 18.00)
  [node-3] border.top: expected 5.00, got 0.00 (err: 5.00)
  [node-3] border.right: expected 10.00, got 0.00 (err: 10.00)
  [node-3] border.bottom: expected 2.00, got 0.00 (err: 2.00)
  [node-3] border.left: expected 6.00, got 0.00 (err: 6.00)
  [node-3] margin.top: expected 14.00, got 0.00 (err: 14.00)
  [node-3] margin.right: expected 20.00, got 0.00 (err: 20.00)
  [node-3] margin.left: expected 8.00, got 0.00 (err: 8.00)
  [node-4] x: expected 12.00, got 0.00 (err: 12.00)
  [node-4] y: expected 282.00, got 0.00 (err: 282.00)
  [node-4] width: expected 181.00, got 0.00 (err: 181.00)
  [node-4] height: expected 203.00, got 0.00 (err: 203.00)
  [node-4] borderBoxWidth: expected 225.00, got 0.00 (err: 225.00)
  [node-4] borderBoxHeight: expected 230.00, got 0.00 (err: 230.00)
  [node-4] outerWidth: expected 242.00, got 0.00 (err: 242.00)
  [node-4] outerHeight: expected 236.00, got 0.00 (err: 236.00)
  [node-4] padding.top: expected 18.00, got 0.00 (err: 18.00)
  [node-4] padding.right: expected 15.00, got 0.00 (err: 15.00)
  [node-4] padding.left: expected 18.00, got 0.00 (err: 18.00)
  [node-4] border.top: expected 8.00, got 0.00 (err: 8.00)
  [node-4] border.right: expected 2.00, got 0.00 (err: 2.00)
  [node-4] border.bottom: expected 1.00, got 0.00 (err: 1.00)
  [node-4] border.left: expected 9.00, got 0.00 (err: 9.00)
  [node-4] margin.top: expected 6.00, got 0.00 (err: 6.00)
  [node-4] margin.right: expected 5.00, got 0.00 (err: 5.00)
  [node-4] margin.left: expected 12.00, got 0.00 (err: 12.00)
  [node-5] x: expected 57.00, got 0.00 (err: 57.00)
  [node-5] y: expected 309.00, got 0.00 (err: 309.00)
  [node-5] width: expected 264.00, got 0.00 (err: 264.00)
  [node-5] height: expected 171.00, got 0.00 (err: 171.00)
  [node-5] borderBoxWidth: expected 292.00, got 0.00 (err: 292.00)
  [node-5] borderBoxHeight: expected 195.00, got 0.00 (err: 195.00)
  [node-5] outerWidth: expected 318.00, got 0.00 (err: 318.00)
  [node-5] outerHeight: expected 196.00, got 0.00 (err: 196.00)
  [node-5] padding.top: expected 2.00, got 0.00 (err: 2.00)
  [node-5] padding.right: expected 12.00, got 0.00 (err: 12.00)
  [node-5] padding.bottom: expected 10.00, got 0.00 (err: 10.00)
  [node-5] padding.left: expected 12.00, got 0.00 (err: 12.00)
  [node-5] border.top: expected 8.00, got 0.00 (err: 8.00)
  [node-5] border.right: expected 4.00, got 0.00 (err: 4.00)
  [node-5] border.bottom: expected 4.00, got 0.00 (err: 4.00)
  [node-5] margin.top: expected 1.00, got 0.00 (err: 1.00)
  [node-5] margin.right: expected 8.00, got 0.00 (err: 8.00)
  [node-5] margin.left: expected 18.00, got 0.00 (err: 18.00)
  [node-6] y: expected 521.00, got 0.00 (err: 521.00)
  [node-6] width: expected 67.00, got 0.00 (err: 67.00)
  [node-6] height: expected 176.00, got 0.00 (err: 176.00)
  [node-6] borderBoxWidth: expected 95.00, got 0.00 (err: 95.00)
  [node-6] borderBoxHeight: expected 221.00, got 0.00 (err: 221.00)
  [node-6] outerWidth: expected 115.00, got 0.00 (err: 115.00)
  [node-6] outerHeight: expected 230.00, got 0.00 (err: 230.00)
  [node-6] padding.top: expected 18.00, got 0.00 (err: 18.00)
  [node-6] padding.right: expected 5.00, got 0.00 (err: 5.00)
  [node-6] padding.bottom: expected 14.00, got 0.00 (err: 14.00)
  [node-6] padding.left: expected 13.00, got 0.00 (err: 13.00)
  [node-6] border.top: expected 9.00, got 0.00 (err: 9.00)
  [node-6] border.right: expected 4.00, got 0.00 (err: 4.00)
  [node-6] border.bottom: expected 4.00, got 0.00 (err: 4.00)
  [node-6] border.left: expected 6.00, got 0.00 (err: 6.00)
  [node-6] margin.top: expected 9.00, got 0.00 (err: 9.00)
  [node-6] margin.right: expected 20.00, got 0.00 (err: 20.00)
  [node-7] x: expected 28.00, got 0.00 (err: 28.00)
  [node-7] y: expected 563.00, got 0.00 (err: 563.00)
  [node-7] width: expected 192.00, got 0.00 (err: 192.00)
  [node-7] height: expected 53.00, got 0.00 (err: 53.00)
  [node-7] borderBoxWidth: expected 232.00, got 0.00 (err: 232.00)
  [node-7] borderBoxHeight: expected 70.00, got 0.00 (err: 70.00)
  [node-7] outerWidth: expected 243.00, got 0.00 (err: 243.00)
  [node-7] outerHeight: expected 85.00, got 0.00 (err: 85.00)
  [node-7] padding.top: expected 4.00, got 0.00 (err: 4.00)
  [node-7] padding.right: expected 13.00, got 0.00 (err: 13.00)
  [node-7] padding.bottom: expected 12.00, got 0.00 (err: 12.00)
  [node-7] padding.left: expected 10.00, got 0.00 (err: 10.00)
  [node-7] border.right: expected 9.00, got 0.00 (err: 9.00)
  [node-7] border.bottom: expected 1.00, got 0.00 (err: 1.00)
  [node-7] border.left: expected 8.00, got 0.00 (err: 8.00)
  [node-7] margin.top: expected 15.00, got 0.00 (err: 15.00)
  [node-7] margin.right: expected 2.00, got 0.00 (err: 2.00)
  [node-7] margin.left: expected 9.00, got 0.00 (err: 9.00)

❌ Fixture Failed: tier-1-10002.json (Tier 1, Seed 10002)
   Mean Error for test: 73.0750px
  [root-node] x: expected -24.00, got 0.00 (err: 24.00)
  [root-node] y: expected -11.00, got 0.00 (err: 11.00)
  [root-node] width: expected 300.00, got 0.00 (err: 300.00)
  [root-node] height: expected 169.00, got 0.00 (err: 169.00)
  [root-node] borderBoxWidth: expected 332.00, got 0.00 (err: 332.00)
  [root-node] borderBoxHeight: expected 194.00, got 0.00 (err: 194.00)
  [root-node] outerWidth: expected 342.00, got 0.00 (err: 342.00)
  [root-node] outerHeight: expected 196.00, got 0.00 (err: 196.00)
  [root-node] padding.top: expected 8.00, got 0.00 (err: 8.00)
  [root-node] padding.right: expected 8.00, got 0.00 (err: 8.00)
  [root-node] padding.bottom: expected 4.00, got 0.00 (err: 4.00)
  [root-node] padding.left: expected 19.00, got 0.00 (err: 19.00)
  [root-node] border.top: expected 3.00, got 0.00 (err: 3.00)
  [root-node] border.bottom: expected 10.00, got 0.00 (err: 10.00)
  [root-node] border.left: expected 5.00, got 0.00 (err: 5.00)
  [root-node] margin.top: expected 2.00, got 0.00 (err: 2.00)
  [root-node] margin.left: expected 10.00, got 0.00 (err: 10.00)
  [node-2] x: expected 18.00, got 0.00 (err: 18.00)
  [node-2] y: expected 17.00, got 0.00 (err: 17.00)
  [node-2] width: expected 50.00, got 0.00 (err: 50.00)
  [node-2] height: expected 197.00, got 0.00 (err: 197.00)
  [node-2] borderBoxWidth: expected 70.00, got 0.00 (err: 70.00)
  [node-2] borderBoxHeight: expected 234.00, got 0.00 (err: 234.00)
  [node-2] outerWidth: expected 93.00, got 0.00 (err: 93.00)
  [node-2] outerHeight: expected 251.00, got 0.00 (err: 251.00)
  [node-2] padding.top: expected 20.00, got 0.00 (err: 20.00)
  [node-2] padding.right: expected 7.00, got 0.00 (err: 7.00)
  [node-2] padding.bottom: expected 3.00, got 0.00 (err: 3.00)
  [node-2] padding.left: expected 6.00, got 0.00 (err: 6.00)
  [node-2] border.top: expected 4.00, got 0.00 (err: 4.00)
  [node-2] border.right: expected 7.00, got 0.00 (err: 7.00)
  [node-2] border.bottom: expected 10.00, got 0.00 (err: 10.00)
  [node-2] margin.top: expected 17.00, got 0.00 (err: 17.00)
  [node-2] margin.right: expected 5.00, got 0.00 (err: 5.00)
  [node-2] margin.left: expected 18.00, got 0.00 (err: 18.00)
  [node-3] x: expected 35.00, got 0.00 (err: 35.00)
  [node-3] y: expected 59.00, got 0.00 (err: 59.00)
  [node-3] width: expected 184.00, got 0.00 (err: 184.00)
  [node-3] height: expected 182.00, got 0.00 (err: 182.00)
  [node-3] borderBoxWidth: expected 211.00, got 0.00 (err: 211.00)
  [node-3] borderBoxHeight: expected 228.00, got 0.00 (err: 228.00)
  [node-3] outerWidth: expected 224.00, got 0.00 (err: 224.00)
  [node-3] outerHeight: expected 246.00, got 0.00 (err: 246.00)
  [node-3] padding.top: expected 14.00, got 0.00 (err: 14.00)
  [node-3] padding.right: expected 7.00, got 0.00 (err: 7.00)
  [node-3] padding.bottom: expected 18.00, got 0.00 (err: 18.00)
  [node-3] padding.left: expected 4.00, got 0.00 (err: 4.00)
  [node-3] border.top: expected 6.00, got 0.00 (err: 6.00)
  [node-3] border.right: expected 7.00, got 0.00 (err: 7.00)
  [node-3] border.bottom: expected 8.00, got 0.00 (err: 8.00)
  [node-3] border.left: expected 9.00, got 0.00 (err: 9.00)
  [node-3] margin.top: expected 18.00, got 0.00 (err: 18.00)
  [node-3] margin.right: expected 2.00, got 0.00 (err: 2.00)
  [node-3] margin.left: expected 11.00, got 0.00 (err: 11.00)
  [node-4] x: expected 33.00, got 0.00 (err: 33.00)
  [node-4] y: expected 305.00, got 0.00 (err: 305.00)
  [node-4] width: expected 281.00, got 0.00 (err: 281.00)
  [node-4] height: expected 80.00, got 0.00 (err: 80.00)
  [node-4] borderBoxWidth: expected 311.00, got 0.00 (err: 311.00)
  [node-4] borderBoxHeight: expected 118.00, got 0.00 (err: 118.00)
  [node-4] outerWidth: expected 335.00, got 0.00 (err: 335.00)
  [node-4] outerHeight: expected 136.00, got 0.00 (err: 136.00)
  [node-4] padding.top: expected 3.00, got 0.00 (err: 3.00)
  [node-4] padding.right: expected 10.00, got 0.00 (err: 10.00)
  [node-4] padding.bottom: expected 19.00, got 0.00 (err: 19.00)
  [node-4] padding.left: expected 3.00, got 0.00 (err: 3.00)
  [node-4] border.top: expected 9.00, got 0.00 (err: 9.00)
  [node-4] border.right: expected 9.00, got 0.00 (err: 9.00)
  [node-4] border.bottom: expected 7.00, got 0.00 (err: 7.00)
  [node-4] border.left: expected 8.00, got 0.00 (err: 8.00)
  [node-4] margin.top: expected 18.00, got 0.00 (err: 18.00)
  [node-4] margin.right: expected 15.00, got 0.00 (err: 15.00)
  [node-4] margin.left: expected 9.00, got 0.00 (err: 9.00)

❌ Fixture Failed: tier-1-10003.json (Tier 1, Seed 10003)
   Mean Error for test: 50.4625px
  [root-node] x: expected -7.00, got 0.00 (err: 7.00)
  [root-node] y: expected -13.00, got 0.00 (err: 13.00)
  [root-node] width: expected 59.00, got 0.00 (err: 59.00)
  [root-node] height: expected 128.00, got 0.00 (err: 128.00)
  [root-node] borderBoxWidth: expected 79.00, got 0.00 (err: 79.00)
  [root-node] borderBoxHeight: expected 150.00, got 0.00 (err: 150.00)
  [root-node] outerWidth: expected 107.00, got 0.00 (err: 107.00)
  [root-node] outerHeight: expected 163.00, got 0.00 (err: 163.00)
  [root-node] padding.top: expected 4.00, got 0.00 (err: 4.00)
  [root-node] padding.right: expected 13.00, got 0.00 (err: 13.00)
  [root-node] padding.bottom: expected 3.00, got 0.00 (err: 3.00)
  [root-node] border.top: expected 9.00, got 0.00 (err: 9.00)
  [root-node] border.bottom: expected 6.00, got 0.00 (err: 6.00)
  [root-node] border.left: expected 7.00, got 0.00 (err: 7.00)
  [root-node] margin.top: expected 13.00, got 0.00 (err: 13.00)
  [root-node] margin.right: expected 18.00, got 0.00 (err: 18.00)
  [root-node] margin.left: expected 10.00, got 0.00 (err: 10.00)
  [node-2] x: expected 3.00, got 0.00 (err: 3.00)
  [node-2] y: expected 7.00, got 0.00 (err: 7.00)
  [node-2] width: expected 147.00, got 0.00 (err: 147.00)
  [node-2] height: expected 167.00, got 0.00 (err: 167.00)
  [node-2] borderBoxWidth: expected 182.00, got 0.00 (err: 182.00)
  [node-2] borderBoxHeight: expected 198.00, got 0.00 (err: 198.00)
  [node-2] outerWidth: expected 203.00, got 0.00 (err: 203.00)
  [node-2] outerHeight: expected 205.00, got 0.00 (err: 205.00)
  [node-2] padding.top: expected 3.00, got 0.00 (err: 3.00)
  [node-2] padding.right: expected 20.00, got 0.00 (err: 20.00)
  [node-2] padding.bottom: expected 14.00, got 0.00 (err: 14.00)
  [node-2] padding.left: expected 10.00, got 0.00 (err: 10.00)
  [node-2] border.top: expected 6.00, got 0.00 (err: 6.00)
  [node-2] border.right: expected 3.00, got 0.00 (err: 3.00)
  [node-2] border.bottom: expected 8.00, got 0.00 (err: 8.00)
  [node-2] border.left: expected 2.00, got 0.00 (err: 2.00)
  [node-2] margin.top: expected 7.00, got 0.00 (err: 7.00)
  [node-2] margin.right: expected 18.00, got 0.00 (err: 18.00)
  [node-2] margin.left: expected 3.00, got 0.00 (err: 3.00)
  [node-3] x: expected 28.00, got 0.00 (err: 28.00)
  [node-3] y: expected 16.00, got 0.00 (err: 16.00)
  [node-3] width: expected 99.00, got 0.00 (err: 99.00)
  [node-3] height: expected 69.00, got 0.00 (err: 69.00)
  [node-3] borderBoxWidth: expected 115.00, got 0.00 (err: 115.00)
  [node-3] borderBoxHeight: expected 83.00, got 0.00 (err: 83.00)
  [node-3] outerWidth: expected 133.00, got 0.00 (err: 133.00)
  [node-3] outerHeight: expected 83.00, got 0.00 (err: 83.00)
  [node-3] padding.right: expected 1.00, got 0.00 (err: 1.00)
  [node-3] padding.bottom: expected 4.00, got 0.00 (err: 4.00)
  [node-3] padding.left: expected 11.00, got 0.00 (err: 11.00)
  [node-3] border.top: expected 8.00, got 0.00 (err: 8.00)
  [node-3] border.right: expected 4.00, got 0.00 (err: 4.00)
  [node-3] border.bottom: expected 2.00, got 0.00 (err: 2.00)
  [node-3] margin.right: expected 5.00, got 0.00 (err: 5.00)
  [node-3] margin.left: expected 13.00, got 0.00 (err: 13.00)
  [node-4] x: expected 21.00, got 0.00 (err: 21.00)
  [node-4] y: expected 108.00, got 0.00 (err: 108.00)
  [node-4] width: expected 129.00, got 0.00 (err: 129.00)
  [node-4] height: expected 208.00, got 0.00 (err: 208.00)
  [node-4] borderBoxWidth: expected 155.00, got 0.00 (err: 155.00)
  [node-4] borderBoxHeight: expected 246.00, got 0.00 (err: 246.00)
  [node-4] outerWidth: expected 164.00, got 0.00 (err: 164.00)
  [node-4] outerHeight: expected 255.00, got 0.00 (err: 255.00)
  [node-4] padding.top: expected 8.00, got 0.00 (err: 8.00)
  [node-4] padding.right: expected 4.00, got 0.00 (err: 4.00)
  [node-4] padding.bottom: expected 17.00, got 0.00 (err: 17.00)
  [node-4] padding.left: expected 9.00, got 0.00 (err: 9.00)
  [node-4] border.top: expected 10.00, got 0.00 (err: 10.00)
  [node-4] border.right: expected 6.00, got 0.00 (err: 6.00)
  [node-4] border.bottom: expected 3.00, got 0.00 (err: 3.00)
  [node-4] border.left: expected 7.00, got 0.00 (err: 7.00)
  [node-4] margin.top: expected 9.00, got 0.00 (err: 9.00)
  [node-4] margin.right: expected 3.00, got 0.00 (err: 3.00)
  [node-4] margin.left: expected 6.00, got 0.00 (err: 6.00)

❌ Fixture Failed: tier-1-10004.json (Tier 1, Seed 10004)
   Mean Error for test: 63.2333px
  [root-node] x: expected -9.00, got 0.00 (err: 9.00)
  [root-node] y: expected -5.00, got 0.00 (err: 5.00)
  [root-node] width: expected 42.00, got 0.00 (err: 42.00)
  [root-node] height: expected 79.00, got 0.00 (err: 79.00)
  [root-node] borderBoxWidth: expected 69.00, got 0.00 (err: 69.00)
  [root-node] borderBoxHeight: expected 87.00, got 0.00 (err: 87.00)
  [root-node] outerWidth: expected 93.00, got 0.00 (err: 93.00)
  [root-node] outerHeight: expected 90.00, got 0.00 (err: 90.00)
  [root-node] padding.right: expected 17.00, got 0.00 (err: 17.00)
  [root-node] padding.bottom: expected 2.00, got 0.00 (err: 2.00)
  [root-node] padding.left: expected 1.00, got 0.00 (err: 1.00)
  [root-node] border.top: expected 5.00, got 0.00 (err: 5.00)
  [root-node] border.right: expected 1.00, got 0.00 (err: 1.00)
  [root-node] border.bottom: expected 1.00, got 0.00 (err: 1.00)
  [root-node] border.left: expected 8.00, got 0.00 (err: 8.00)
  [root-node] margin.top: expected 3.00, got 0.00 (err: 3.00)
  [root-node] margin.right: expected 15.00, got 0.00 (err: 15.00)
  [root-node] margin.left: expected 9.00, got 0.00 (err: 9.00)
  [node-2] x: expected 9.00, got 0.00 (err: 9.00)
  [node-2] y: expected 18.00, got 0.00 (err: 18.00)
  [node-2] width: expected 254.00, got 0.00 (err: 254.00)
  [node-2] height: expected 137.00, got 0.00 (err: 137.00)
  [node-2] borderBoxWidth: expected 293.00, got 0.00 (err: 293.00)
  [node-2] borderBoxHeight: expected 161.00, got 0.00 (err: 161.00)
  [node-2] outerWidth: expected 311.00, got 0.00 (err: 311.00)
  [node-2] outerHeight: expected 179.00, got 0.00 (err: 179.00)
  [node-2] padding.top: expected 7.00, got 0.00 (err: 7.00)
  [node-2] padding.right: expected 11.00, got 0.00 (err: 11.00)
  [node-2] padding.bottom: expected 3.00, got 0.00 (err: 3.00)
  [node-2] padding.left: expected 14.00, got 0.00 (err: 14.00)
  [node-2] border.top: expected 8.00, got 0.00 (err: 8.00)
  [node-2] border.right: expected 10.00, got 0.00 (err: 10.00)
  [node-2] border.bottom: expected 6.00, got 0.00 (err: 6.00)
  [node-2] border.left: expected 4.00, got 0.00 (err: 4.00)
  [node-2] margin.top: expected 18.00, got 0.00 (err: 18.00)
  [node-2] margin.right: expected 9.00, got 0.00 (err: 9.00)
  [node-2] margin.left: expected 9.00, got 0.00 (err: 9.00)
  [node-3] x: expected 42.00, got 0.00 (err: 42.00)
  [node-3] y: expected 37.00, got 0.00 (err: 37.00)
  [node-3] width: expected 260.00, got 0.00 (err: 260.00)
  [node-3] height: expected 201.00, got 0.00 (err: 201.00)
  [node-3] borderBoxWidth: expected 296.00, got 0.00 (err: 296.00)
  [node-3] borderBoxHeight: expected 235.00, got 0.00 (err: 235.00)
  [node-3] outerWidth: expected 319.00, got 0.00 (err: 319.00)
  [node-3] outerHeight: expected 239.00, got 0.00 (err: 239.00)
  [node-3] padding.top: expected 7.00, got 0.00 (err: 7.00)
  [node-3] padding.right: expected 16.00, got 0.00 (err: 16.00)
  [node-3] padding.bottom: expected 10.00, got 0.00 (err: 10.00)
  [node-3] padding.left: expected 17.00, got 0.00 (err: 17.00)
  [node-3] border.top: expected 9.00, got 0.00 (err: 9.00)
  [node-3] border.bottom: expected 8.00, got 0.00 (err: 8.00)
  [node-3] border.left: expected 3.00, got 0.00 (err: 3.00)
  [node-3] margin.top: expected 4.00, got 0.00 (err: 4.00)
  [node-3] margin.right: expected 8.00, got 0.00 (err: 8.00)
  [node-3] margin.left: expected 15.00, got 0.00 (err: 15.00)
  [node-4] x: expected 30.00, got 0.00 (err: 30.00)
  [node-4] y: expected 272.00, got 0.00 (err: 272.00)
  [node-4] width: expected 186.00, got 0.00 (err: 186.00)
  [node-4] height: expected 44.00, got 0.00 (err: 44.00)
  [node-4] borderBoxWidth: expected 228.00, got 0.00 (err: 228.00)
  [node-4] borderBoxHeight: expected 84.00, got 0.00 (err: 84.00)
  [node-4] outerWidth: expected 243.00, got 0.00 (err: 243.00)
  [node-4] outerHeight: expected 84.00, got 0.00 (err: 84.00)
  [node-4] padding.top: expected 14.00, got 0.00 (err: 14.00)
  [node-4] padding.right: expected 20.00, got 0.00 (err: 20.00)
  [node-4] padding.bottom: expected 16.00, got 0.00 (err: 16.00)
  [node-4] padding.left: expected 14.00, got 0.00 (err: 14.00)
  [node-4] border.right: expected 2.00, got 0.00 (err: 2.00)
  [node-4] border.bottom: expected 10.00, got 0.00 (err: 10.00)
  [node-4] border.left: expected 6.00, got 0.00 (err: 6.00)
  [node-4] margin.right: expected 12.00, got 0.00 (err: 12.00)
  [node-4] margin.left: expected 3.00, got 0.00 (err: 3.00)
  [node-5] x: expected 30.00, got 0.00 (err: 30.00)
  [node-5] y: expected 374.00, got 0.00 (err: 374.00)
  [node-5] width: expected 192.00, got 0.00 (err: 192.00)
  [node-5] height: expected 178.00, got 0.00 (err: 178.00)
  [node-5] borderBoxWidth: expected 229.00, got 0.00 (err: 229.00)
  [node-5] borderBoxHeight: expected 205.00, got 0.00 (err: 205.00)
  [node-5] outerWidth: expected 246.00, got 0.00 (err: 246.00)
  [node-5] outerHeight: expected 223.00, got 0.00 (err: 223.00)
  [node-5] padding.top: expected 11.00, got 0.00 (err: 11.00)
  [node-5] padding.right: expected 18.00, got 0.00 (err: 18.00)
  [node-5] padding.bottom: expected 10.00, got 0.00 (err: 10.00)
  [node-5] padding.left: expected 10.00, got 0.00 (err: 10.00)
  [node-5] border.top: expected 6.00, got 0.00 (err: 6.00)
  [node-5] border.right: expected 2.00, got 0.00 (err: 2.00)
  [node-5] border.left: expected 7.00, got 0.00 (err: 7.00)
  [node-5] margin.top: expected 18.00, got 0.00 (err: 18.00)
  [node-5] margin.right: expected 14.00, got 0.00 (err: 14.00)
  [node-5] margin.left: expected 3.00, got 0.00 (err: 3.00)
  [node-6] x: expected 15.00, got 0.00 (err: 15.00)
  [node-6] y: expected 199.00, got 0.00 (err: 199.00)
  [node-6] width: expected 69.00, got 0.00 (err: 69.00)
  [node-6] height: expected 116.00, got 0.00 (err: 116.00)
  [node-6] borderBoxWidth: expected 95.00, got 0.00 (err: 95.00)
  [node-6] borderBoxHeight: expected 141.00, got 0.00 (err: 141.00)
  [node-6] outerWidth: expected 126.00, got 0.00 (err: 126.00)
  [node-6] outerHeight: expected 161.00, got 0.00 (err: 161.00)
  [node-6] padding.right: expected 12.00, got 0.00 (err: 12.00)
  [node-6] padding.bottom: expected 17.00, got 0.00 (err: 17.00)
  [node-6] padding.left: expected 8.00, got 0.00 (err: 8.00)
  [node-6] border.top: expected 6.00, got 0.00 (err: 6.00)
  [node-6] border.right: expected 1.00, got 0.00 (err: 1.00)
  [node-6] border.bottom: expected 2.00, got 0.00 (err: 2.00)
  [node-6] border.left: expected 5.00, got 0.00 (err: 5.00)
  [node-6] margin.top: expected 20.00, got 0.00 (err: 20.00)
  [node-6] margin.right: expected 16.00, got 0.00 (err: 16.00)
  [node-6] margin.left: expected 15.00, got 0.00 (err: 15.00)
  [node-7] x: expected 28.00, got 0.00 (err: 28.00)
  [node-7] y: expected 225.00, got 0.00 (err: 225.00)
  [node-7] width: expected 90.00, got 0.00 (err: 90.00)
  [node-7] height: expected 111.00, got 0.00 (err: 111.00)
  [node-7] borderBoxWidth: expected 120.00, got 0.00 (err: 120.00)
  [node-7] borderBoxHeight: expected 134.00, got 0.00 (err: 134.00)
  [node-7] outerWidth: expected 123.00, got 0.00 (err: 123.00)
  [node-7] outerHeight: expected 154.00, got 0.00 (err: 154.00)
  [node-7] padding.top: expected 2.00, got 0.00 (err: 2.00)
  [node-7] padding.right: expected 17.00, got 0.00 (err: 17.00)
  [node-7] padding.bottom: expected 8.00, got 0.00 (err: 8.00)
  [node-7] padding.left: expected 7.00, got 0.00 (err: 7.00)
  [node-7] border.top: expected 10.00, got 0.00 (err: 10.00)
  [node-7] border.right: expected 5.00, got 0.00 (err: 5.00)
  [node-7] border.bottom: expected 3.00, got 0.00 (err: 3.00)
  [node-7] border.left: expected 1.00, got 0.00 (err: 1.00)
  [node-7] margin.top: expected 20.00, got 0.00 (err: 20.00)
  [node-7] margin.right: expected 3.00, got 0.00 (err: 3.00)
  [node-8] x: expected 28.00, got 0.00 (err: 28.00)
  [node-8] y: expected 365.00, got 0.00 (err: 365.00)
  [node-8] width: expected 146.00, got 0.00 (err: 146.00)
  [node-8] height: expected 116.00, got 0.00 (err: 116.00)
  [node-8] borderBoxWidth: expected 174.00, got 0.00 (err: 174.00)
  [node-8] borderBoxHeight: expected 151.00, got 0.00 (err: 151.00)
  [node-8] outerWidth: expected 188.00, got 0.00 (err: 188.00)
  [node-8] outerHeight: expected 157.00, got 0.00 (err: 157.00)
  [node-8] padding.top: expected 12.00, got 0.00 (err: 12.00)
  [node-8] padding.right: expected 12.00, got 0.00 (err: 12.00)
  [node-8] padding.bottom: expected 13.00, got 0.00 (err: 13.00)
  [node-8] padding.left: expected 1.00, got 0.00 (err: 1.00)
  [node-8] border.top: expected 9.00, got 0.00 (err: 9.00)
  [node-8] border.right: expected 10.00, got 0.00 (err: 10.00)
  [node-8] border.bottom: expected 1.00, got 0.00 (err: 1.00)
  [node-8] border.left: expected 5.00, got 0.00 (err: 5.00)
  [node-8] margin.top: expected 6.00, got 0.00 (err: 6.00)
  [node-8] margin.right: expected 14.00, got 0.00 (err: 14.00)
  [node-9] x: expected 42.00, got 0.00 (err: 42.00)
  [node-9] y: expected 534.00, got 0.00 (err: 534.00)
  [node-9] width: expected 37.00, got 0.00 (err: 37.00)
  [node-9] height: expected 68.00, got 0.00 (err: 68.00)
  [node-9] borderBoxWidth: expected 56.00, got 0.00 (err: 56.00)
  [node-9] borderBoxHeight: expected 92.00, got 0.00 (err: 92.00)
  [node-9] outerWidth: expected 89.00, got 0.00 (err: 89.00)
  [node-9] outerHeight: expected 110.00, got 0.00 (err: 110.00)
  [node-9] padding.top: expected 2.00, got 0.00 (err: 2.00)
  [node-9] padding.right: expected 3.00, got 0.00 (err: 3.00)
  [node-9] padding.bottom: expected 3.00, got 0.00 (err: 3.00)
  [node-9] padding.left: expected 5.00, got 0.00 (err: 5.00)
  [node-9] border.top: expected 9.00, got 0.00 (err: 9.00)
  [node-9] border.right: expected 7.00, got 0.00 (err: 7.00)
  [node-9] border.bottom: expected 10.00, got 0.00 (err: 10.00)
  [node-9] border.left: expected 4.00, got 0.00 (err: 4.00)
  [node-9] margin.top: expected 18.00, got 0.00 (err: 18.00)
  [node-9] margin.right: expected 19.00, got 0.00 (err: 19.00)
  [node-9] margin.left: expected 14.00, got 0.00 (err: 14.00)

❌ Fixture Failed: tier-1-10005.json (Tier 1, Seed 10005)
   Mean Error for test: 64.0056px
  [root-node] x: expected -11.00, got 0.00 (err: 11.00)
  [root-node] y: expected -17.00, got 0.00 (err: 17.00)
  [root-node] width: expected 66.00, got 0.00 (err: 66.00)
  [root-node] height: expected 273.00, got 0.00 (err: 273.00)
  [root-node] borderBoxWidth: expected 79.00, got 0.00 (err: 79.00)
  [root-node] borderBoxHeight: expected 297.00, got 0.00 (err: 297.00)
  [root-node] outerWidth: expected 100.00, got 0.00 (err: 100.00)
  [root-node] outerHeight: expected 311.00, got 0.00 (err: 311.00)
  [root-node] padding.top: expected 17.00, got 0.00 (err: 17.00)
  [root-node] padding.right: expected 1.00, got 0.00 (err: 1.00)
  [root-node] padding.left: expected 2.00, got 0.00 (err: 2.00)
  [root-node] border.right: expected 1.00, got 0.00 (err: 1.00)
  [root-node] border.bottom: expected 7.00, got 0.00 (err: 7.00)
  [root-node] border.left: expected 9.00, got 0.00 (err: 9.00)
  [root-node] margin.top: expected 14.00, got 0.00 (err: 14.00)
  [root-node] margin.right: expected 12.00, got 0.00 (err: 12.00)
  [root-node] margin.left: expected 9.00, got 0.00 (err: 9.00)
  [node-2] x: expected 14.00, got 0.00 (err: 14.00)
  [node-2] y: expected 8.00, got 0.00 (err: 8.00)
  [node-2] width: expected 120.00, got 0.00 (err: 120.00)
  [node-2] height: expected 89.00, got 0.00 (err: 89.00)
  [node-2] borderBoxWidth: expected 153.00, got 0.00 (err: 153.00)
  [node-2] borderBoxHeight: expected 125.00, got 0.00 (err: 125.00)
  [node-2] outerWidth: expected 167.00, got 0.00 (err: 167.00)
  [node-2] outerHeight: expected 133.00, got 0.00 (err: 133.00)
  [node-2] padding.top: expected 10.00, got 0.00 (err: 10.00)
  [node-2] padding.right: expected 2.00, got 0.00 (err: 2.00)
  [node-2] padding.bottom: expected 13.00, got 0.00 (err: 13.00)
  [node-2] padding.left: expected 18.00, got 0.00 (err: 18.00)
  [node-2] border.top: expected 9.00, got 0.00 (err: 9.00)
  [node-2] border.right: expected 6.00, got 0.00 (err: 6.00)
  [node-2] border.bottom: expected 4.00, got 0.00 (err: 4.00)
  [node-2] border.left: expected 7.00, got 0.00 (err: 7.00)
  [node-2] margin.top: expected 8.00, got 0.00 (err: 8.00)
  [node-2] margin.left: expected 14.00, got 0.00 (err: 14.00)
  [node-3] x: expected 56.00, got 0.00 (err: 56.00)
  [node-3] y: expected 35.00, got 0.00 (err: 35.00)
  [node-3] width: expected 200.00, got 0.00 (err: 200.00)
  [node-3] height: expected 101.00, got 0.00 (err: 101.00)
  [node-3] borderBoxWidth: expected 227.00, got 0.00 (err: 227.00)
  [node-3] borderBoxHeight: expected 136.00, got 0.00 (err: 136.00)
  [node-3] outerWidth: expected 256.00, got 0.00 (err: 256.00)
  [node-3] outerHeight: expected 144.00, got 0.00 (err: 144.00)
  [node-3] padding.top: expected 15.00, got 0.00 (err: 15.00)
  [node-3] padding.right: expected 10.00, got 0.00 (err: 10.00)
  [node-3] padding.bottom: expected 17.00, got 0.00 (err: 17.00)
  [node-3] padding.left: expected 3.00, got 0.00 (err: 3.00)
  [node-3] border.right: expected 8.00, got 0.00 (err: 8.00)
  [node-3] border.bottom: expected 3.00, got 0.00 (err: 3.00)
  [node-3] border.left: expected 6.00, got 0.00 (err: 6.00)
  [node-3] margin.top: expected 8.00, got 0.00 (err: 8.00)
  [node-3] margin.right: expected 12.00, got 0.00 (err: 12.00)
  [node-3] margin.left: expected 17.00, got 0.00 (err: 17.00)
  [node-4] x: expected 40.00, got 0.00 (err: 40.00)
  [node-4] y: expected 183.00, got 0.00 (err: 183.00)
  [node-4] width: expected 25.00, got 0.00 (err: 25.00)
  [node-4] height: expected 171.00, got 0.00 (err: 171.00)
  [node-4] borderBoxWidth: expected 76.00, got 0.00 (err: 76.00)
  [node-4] borderBoxHeight: expected 212.00, got 0.00 (err: 212.00)
  [node-4] outerWidth: expected 78.00, got 0.00 (err: 78.00)
  [node-4] outerHeight: expected 224.00, got 0.00 (err: 224.00)
  [node-4] padding.top: expected 19.00, got 0.00 (err: 19.00)
  [node-4] padding.right: expected 15.00, got 0.00 (err: 15.00)
  [node-4] padding.bottom: expected 14.00, got 0.00 (err: 14.00)
  [node-4] padding.left: expected 20.00, got 0.00 (err: 20.00)
  [node-4] border.top: expected 2.00, got 0.00 (err: 2.00)
  [node-4] border.right: expected 10.00, got 0.00 (err: 10.00)
  [node-4] border.bottom: expected 6.00, got 0.00 (err: 6.00)
  [node-4] border.left: expected 6.00, got 0.00 (err: 6.00)
  [node-4] margin.top: expected 12.00, got 0.00 (err: 12.00)
  [node-4] margin.right: expected 1.00, got 0.00 (err: 1.00)
  [node-4] margin.left: expected 1.00, got 0.00 (err: 1.00)
  [node-5] x: expected 51.00, got 0.00 (err: 51.00)
  [node-5] y: expected 409.00, got 0.00 (err: 409.00)
  [node-5] width: expected 197.00, got 0.00 (err: 197.00)
  [node-5] height: expected 176.00, got 0.00 (err: 176.00)
  [node-5] borderBoxWidth: expected 233.00, got 0.00 (err: 233.00)
  [node-5] borderBoxHeight: expected 212.00, got 0.00 (err: 212.00)
  [node-5] outerWidth: expected 264.00, got 0.00 (err: 264.00)
  [node-5] outerHeight: expected 226.00, got 0.00 (err: 226.00)
  [node-5] padding.top: expected 18.00, got 0.00 (err: 18.00)
  [node-5] padding.right: expected 10.00, got 0.00 (err: 10.00)
  [node-5] padding.bottom: expected 10.00, got 0.00 (err: 10.00)
  [node-5] padding.left: expected 18.00, got 0.00 (err: 18.00)
  [node-5] border.top: expected 2.00, got 0.00 (err: 2.00)
  [node-5] border.bottom: expected 6.00, got 0.00 (err: 6.00)
  [node-5] border.left: expected 8.00, got 0.00 (err: 8.00)
  [node-5] margin.top: expected 14.00, got 0.00 (err: 14.00)
  [node-5] margin.right: expected 19.00, got 0.00 (err: 19.00)
  [node-5] margin.left: expected 12.00, got 0.00 (err: 12.00)
  [node-6] x: expected 11.00, got 0.00 (err: 11.00)
  [node-6] y: expected 149.00, got 0.00 (err: 149.00)
  [node-6] width: expected 68.00, got 0.00 (err: 68.00)
  [node-6] height: expected 277.00, got 0.00 (err: 277.00)
  [node-6] borderBoxWidth: expected 108.00, got 0.00 (err: 108.00)
  [node-6] borderBoxHeight: expected 300.00, got 0.00 (err: 300.00)
  [node-6] outerWidth: expected 124.00, got 0.00 (err: 124.00)
  [node-6] outerHeight: expected 316.00, got 0.00 (err: 316.00)
  [node-6] padding.top: expected 11.00, got 0.00 (err: 11.00)
  [node-6] padding.right: expected 16.00, got 0.00 (err: 16.00)
  [node-6] padding.bottom: expected 7.00, got 0.00 (err: 7.00)
  [node-6] padding.left: expected 20.00, got 0.00 (err: 20.00)
  [node-6] border.right: expected 2.00, got 0.00 (err: 2.00)
  [node-6] border.bottom: expected 5.00, got 0.00 (err: 5.00)
  [node-6] border.left: expected 2.00, got 0.00 (err: 2.00)
  [node-6] margin.top: expected 16.00, got 0.00 (err: 16.00)
  [node-6] margin.right: expected 5.00, got 0.00 (err: 5.00)
  [node-6] margin.left: expected 11.00, got 0.00 (err: 11.00)
  [node-7] x: expected 52.00, got 0.00 (err: 52.00)
  [node-7] y: expected 162.00, got 0.00 (err: 162.00)
  [node-7] width: expected 103.00, got 0.00 (err: 103.00)
  [node-7] height: expected 71.00, got 0.00 (err: 71.00)
  [node-7] borderBoxWidth: expected 133.00, got 0.00 (err: 133.00)
  [node-7] borderBoxHeight: expected 98.00, got 0.00 (err: 98.00)
  [node-7] outerWidth: expected 172.00, got 0.00 (err: 172.00)
  [node-7] outerHeight: expected 100.00, got 0.00 (err: 100.00)
  [node-7] padding.top: expected 16.00, got 0.00 (err: 16.00)
  [node-7] padding.right: expected 7.00, got 0.00 (err: 7.00)
  [node-7] padding.bottom: expected 6.00, got 0.00 (err: 6.00)
  [node-7] padding.left: expected 19.00, got 0.00 (err: 19.00)
  [node-7] border.top: expected 4.00, got 0.00 (err: 4.00)
  [node-7] border.right: expected 3.00, got 0.00 (err: 3.00)
  [node-7] border.bottom: expected 1.00, got 0.00 (err: 1.00)
  [node-7] border.left: expected 1.00, got 0.00 (err: 1.00)
  [node-7] margin.top: expected 2.00, got 0.00 (err: 2.00)
  [node-7] margin.right: expected 20.00, got 0.00 (err: 20.00)
  [node-7] margin.left: expected 19.00, got 0.00 (err: 19.00)
  [node-8] x: expected 17.00, got 0.00 (err: 17.00)
  [node-8] y: expected 462.00, got 0.00 (err: 462.00)
  [node-8] width: expected 89.00, got 0.00 (err: 89.00)
  [node-8] height: expected 168.00, got 0.00 (err: 168.00)
  [node-8] borderBoxWidth: expected 107.00, got 0.00 (err: 107.00)
  [node-8] borderBoxHeight: expected 193.00, got 0.00 (err: 193.00)
  [node-8] outerWidth: expected 124.00, got 0.00 (err: 124.00)
  [node-8] outerHeight: expected 206.00, got 0.00 (err: 206.00)
  [node-8] padding.top: expected 11.00, got 0.00 (err: 11.00)
  [node-8] padding.right: expected 12.00, got 0.00 (err: 12.00)
  [node-8] padding.left: expected 5.00, got 0.00 (err: 5.00)
  [node-8] border.top: expected 9.00, got 0.00 (err: 9.00)
  [node-8] border.bottom: expected 5.00, got 0.00 (err: 5.00)
  [node-8] border.left: expected 1.00, got 0.00 (err: 1.00)
  [node-8] margin.top: expected 13.00, got 0.00 (err: 13.00)
  [node-8] margin.left: expected 17.00, got 0.00 (err: 17.00)
  [node-9] x: expected 36.00, got 0.00 (err: 36.00)
  [node-9] y: expected 501.00, got 0.00 (err: 501.00)
  [node-9] width: expected 70.00, got 0.00 (err: 70.00)
  [node-9] height: expected 77.00, got 0.00 (err: 77.00)
  [node-9] borderBoxWidth: expected 97.00, got 0.00 (err: 97.00)
  [node-9] borderBoxHeight: expected 115.00, got 0.00 (err: 115.00)
  [node-9] outerWidth: expected 124.00, got 0.00 (err: 124.00)
  [node-9] outerHeight: expected 134.00, got 0.00 (err: 134.00)
  [node-9] padding.top: expected 2.00, got 0.00 (err: 2.00)
  [node-9] padding.right: expected 4.00, got 0.00 (err: 4.00)
  [node-9] padding.bottom: expected 18.00, got 0.00 (err: 18.00)
  [node-9] padding.left: expected 18.00, got 0.00 (err: 18.00)
  [node-9] border.top: expected 10.00, got 0.00 (err: 10.00)
  [node-9] border.right: expected 4.00, got 0.00 (err: 4.00)
  [node-9] border.bottom: expected 8.00, got 0.00 (err: 8.00)
  [node-9] border.left: expected 1.00, got 0.00 (err: 1.00)
  [node-9] margin.top: expected 19.00, got 0.00 (err: 19.00)
  [node-9] margin.right: expected 14.00, got 0.00 (err: 14.00)
  [node-9] margin.left: expected 13.00, got 0.00 (err: 13.00)

❌ Fixture Failed: tier-1-10006.json (Tier 1, Seed 10006)
   Mean Error for test: 67.0000px
  [root-node] x: expected -14.00, got 0.00 (err: 14.00)
  [root-node] y: expected -19.00, got 0.00 (err: 19.00)
  [root-node] width: expected 89.00, got 0.00 (err: 89.00)
  [root-node] height: expected 256.00, got 0.00 (err: 256.00)
  [root-node] borderBoxWidth: expected 109.00, got 0.00 (err: 109.00)
  [root-node] borderBoxHeight: expected 298.00, got 0.00 (err: 298.00)
  [root-node] outerWidth: expected 127.00, got 0.00 (err: 127.00)
  [root-node] outerHeight: expected 302.00, got 0.00 (err: 302.00)
  [root-node] padding.top: expected 12.00, got 0.00 (err: 12.00)
  [root-node] padding.right: expected 5.00, got 0.00 (err: 5.00)
  [root-node] padding.bottom: expected 20.00, got 0.00 (err: 20.00)
  [root-node] padding.left: expected 4.00, got 0.00 (err: 4.00)
  [root-node] border.top: expected 7.00, got 0.00 (err: 7.00)
  [root-node] border.right: expected 1.00, got 0.00 (err: 1.00)
  [root-node] border.bottom: expected 3.00, got 0.00 (err: 3.00)
  [root-node] border.left: expected 10.00, got 0.00 (err: 10.00)
  [root-node] margin.top: expected 4.00, got 0.00 (err: 4.00)
  [root-node] margin.right: expected 9.00, got 0.00 (err: 9.00)
  [root-node] margin.left: expected 9.00, got 0.00 (err: 9.00)
  [node-2] x: expected 20.00, got 0.00 (err: 20.00)
  [node-2] y: expected 19.00, got 0.00 (err: 19.00)
  [node-2] width: expected 240.00, got 0.00 (err: 240.00)
  [node-2] height: expected 71.00, got 0.00 (err: 71.00)
  [node-2] borderBoxWidth: expected 264.00, got 0.00 (err: 264.00)
  [node-2] borderBoxHeight: expected 89.00, got 0.00 (err: 89.00)
  [node-2] outerWidth: expected 297.00, got 0.00 (err: 297.00)
  [node-2] outerHeight: expected 108.00, got 0.00 (err: 108.00)
  [node-2] padding.top: expected 14.00, got 0.00 (err: 14.00)
  [node-2] padding.right: expected 14.00, got 0.00 (err: 14.00)
  [node-2] padding.bottom: expected 2.00, got 0.00 (err: 2.00)
  [node-2] border.right: expected 1.00, got 0.00 (err: 1.00)
  [node-2] border.bottom: expected 2.00, got 0.00 (err: 2.00)
  [node-2] border.left: expected 9.00, got 0.00 (err: 9.00)
  [node-2] margin.top: expected 19.00, got 0.00 (err: 19.00)
  [node-2] margin.right: expected 13.00, got 0.00 (err: 13.00)
  [node-2] margin.left: expected 20.00, got 0.00 (err: 20.00)
  [node-3] x: expected 49.00, got 0.00 (err: 49.00)
  [node-3] y: expected 44.00, got 0.00 (err: 44.00)
  [node-3] width: expected 130.00, got 0.00 (err: 130.00)
  [node-3] height: expected 276.00, got 0.00 (err: 276.00)
  [node-3] borderBoxWidth: expected 157.00, got 0.00 (err: 157.00)
  [node-3] borderBoxHeight: expected 288.00, got 0.00 (err: 288.00)
  [node-3] outerWidth: expected 192.00, got 0.00 (err: 192.00)
  [node-3] outerHeight: expected 299.00, got 0.00 (err: 299.00)
  [node-3] padding.top: expected 1.00, got 0.00 (err: 1.00)
  [node-3] padding.right: expected 4.00, got 0.00 (err: 4.00)
  [node-3] padding.bottom: expected 2.00, got 0.00 (err: 2.00)
  [node-3] padding.left: expected 10.00, got 0.00 (err: 10.00)
  [node-3] border.top: expected 1.00, got 0.00 (err: 1.00)
  [node-3] border.right: expected 4.00, got 0.00 (err: 4.00)
  [node-3] border.bottom: expected 8.00, got 0.00 (err: 8.00)
  [node-3] border.left: expected 9.00, got 0.00 (err: 9.00)
  [node-3] margin.top: expected 11.00, got 0.00 (err: 11.00)
  [node-3] margin.right: expected 15.00, got 0.00 (err: 15.00)
  [node-3] margin.left: expected 20.00, got 0.00 (err: 20.00)

❌ Fixture Failed: tier-1-10007.json (Tier 1, Seed 10007)
   Mean Error for test: 52.7300px
  [root-node] x: expected -5.00, got 0.00 (err: 5.00)
  [root-node] y: expected -10.00, got 0.00 (err: 10.00)
  [root-node] width: expected 83.00, got 0.00 (err: 83.00)
  [root-node] height: expected 176.00, got 0.00 (err: 176.00)
  [root-node] borderBoxWidth: expected 99.00, got 0.00 (err: 99.00)
  [root-node] borderBoxHeight: expected 214.00, got 0.00 (err: 214.00)
  [root-node] outerWidth: expected 113.00, got 0.00 (err: 113.00)
  [root-node] outerHeight: expected 229.00, got 0.00 (err: 229.00)
  [root-node] padding.top: expected 8.00, got 0.00 (err: 8.00)
  [root-node] padding.right: expected 10.00, got 0.00 (err: 10.00)
  [root-node] padding.bottom: expected 19.00, got 0.00 (err: 19.00)
  [root-node] padding.left: expected 5.00, got 0.00 (err: 5.00)
  [root-node] border.top: expected 2.00, got 0.00 (err: 2.00)
  [root-node] border.right: expected 1.00, got 0.00 (err: 1.00)
  [root-node] border.bottom: expected 9.00, got 0.00 (err: 9.00)
  [root-node] margin.top: expected 15.00, got 0.00 (err: 15.00)
  [root-node] margin.right: expected 6.00, got 0.00 (err: 6.00)
  [root-node] margin.left: expected 8.00, got 0.00 (err: 8.00)
  [node-2] x: expected 5.00, got 0.00 (err: 5.00)
  [node-2] y: expected 9.00, got 0.00 (err: 9.00)
  [node-2] width: expected 107.00, got 0.00 (err: 107.00)
  [node-2] height: expected 21.00, got 0.00 (err: 21.00)
  [node-2] borderBoxWidth: expected 125.00, got 0.00 (err: 125.00)
  [node-2] borderBoxHeight: expected 53.00, got 0.00 (err: 53.00)
  [node-2] outerWidth: expected 134.00, got 0.00 (err: 134.00)
  [node-2] outerHeight: expected 62.00, got 0.00 (err: 62.00)
  [node-2] padding.top: expected 18.00, got 0.00 (err: 18.00)
  [node-2] padding.right: expected 6.00, got 0.00 (err: 6.00)
  [node-2] padding.bottom: expected 12.00, got 0.00 (err: 12.00)
  [node-2] padding.left: expected 4.00, got 0.00 (err: 4.00)
  [node-2] border.top: expected 2.00, got 0.00 (err: 2.00)
  [node-2] border.right: expected 8.00, got 0.00 (err: 8.00)
  [node-2] margin.top: expected 9.00, got 0.00 (err: 9.00)
  [node-2] margin.right: expected 4.00, got 0.00 (err: 4.00)
  [node-2] margin.left: expected 5.00, got 0.00 (err: 5.00)
  [node-3] x: expected 10.00, got 0.00 (err: 10.00)
  [node-3] y: expected 44.00, got 0.00 (err: 44.00)
  [node-3] width: expected 51.00, got 0.00 (err: 51.00)
  [node-3] height: expected 165.00, got 0.00 (err: 165.00)
  [node-3] borderBoxWidth: expected 88.00, got 0.00 (err: 88.00)
  [node-3] borderBoxHeight: expected 189.00, got 0.00 (err: 189.00)
  [node-3] outerWidth: expected 107.00, got 0.00 (err: 107.00)
  [node-3] outerHeight: expected 204.00, got 0.00 (err: 204.00)
  [node-3] padding.top: expected 9.00, got 0.00 (err: 9.00)
  [node-3] padding.right: expected 19.00, got 0.00 (err: 19.00)
  [node-3] padding.bottom: expected 9.00, got 0.00 (err: 9.00)
  [node-3] padding.left: expected 17.00, got 0.00 (err: 17.00)
  [node-3] border.top: expected 3.00, got 0.00 (err: 3.00)
  [node-3] border.right: expected 1.00, got 0.00 (err: 1.00)
  [node-3] border.bottom: expected 3.00, got 0.00 (err: 3.00)
  [node-3] margin.top: expected 15.00, got 0.00 (err: 15.00)
  [node-3] margin.right: expected 18.00, got 0.00 (err: 18.00)
  [node-3] margin.left: expected 1.00, got 0.00 (err: 1.00)
  [node-4] x: expected 16.00, got 0.00 (err: 16.00)
  [node-4] y: expected 76.00, got 0.00 (err: 76.00)
  [node-4] width: expected 253.00, got 0.00 (err: 253.00)
  [node-4] height: expected 184.00, got 0.00 (err: 184.00)
  [node-4] borderBoxWidth: expected 274.00, got 0.00 (err: 274.00)
  [node-4] borderBoxHeight: expected 217.00, got 0.00 (err: 217.00)
  [node-4] outerWidth: expected 309.00, got 0.00 (err: 309.00)
  [node-4] outerHeight: expected 231.00, got 0.00 (err: 231.00)
  [node-4] padding.top: expected 10.00, got 0.00 (err: 10.00)
  [node-4] padding.right: expected 4.00, got 0.00 (err: 4.00)
  [node-4] padding.bottom: expected 10.00, got 0.00 (err: 10.00)
  [node-4] padding.left: expected 10.00, got 0.00 (err: 10.00)
  [node-4] border.top: expected 4.00, got 0.00 (err: 4.00)
  [node-4] border.right: expected 3.00, got 0.00 (err: 3.00)
  [node-4] border.bottom: expected 9.00, got 0.00 (err: 9.00)
  [node-4] border.left: expected 4.00, got 0.00 (err: 4.00)
  [node-4] margin.top: expected 14.00, got 0.00 (err: 14.00)
  [node-4] margin.right: expected 19.00, got 0.00 (err: 19.00)
  [node-4] margin.left: expected 16.00, got 0.00 (err: 16.00)
  [node-5] x: expected 37.00, got 0.00 (err: 37.00)
  [node-5] y: expected 96.00, got 0.00 (err: 96.00)
  [node-5] width: expected 92.00, got 0.00 (err: 92.00)
  [node-5] height: expected 134.00, got 0.00 (err: 134.00)
  [node-5] borderBoxWidth: expected 119.00, got 0.00 (err: 119.00)
  [node-5] borderBoxHeight: expected 175.00, got 0.00 (err: 175.00)
  [node-5] outerWidth: expected 136.00, got 0.00 (err: 136.00)
  [node-5] outerHeight: expected 181.00, got 0.00 (err: 181.00)
  [node-5] padding.top: expected 13.00, got 0.00 (err: 13.00)
  [node-5] padding.right: expected 9.00, got 0.00 (err: 9.00)
  [node-5] padding.bottom: expected 11.00, got 0.00 (err: 11.00)
  [node-5] padding.left: expected 4.00, got 0.00 (err: 4.00)
  [node-5] border.top: expected 7.00, got 0.00 (err: 7.00)
  [node-5] border.right: expected 8.00, got 0.00 (err: 8.00)
  [node-5] border.bottom: expected 10.00, got 0.00 (err: 10.00)
  [node-5] border.left: expected 6.00, got 0.00 (err: 6.00)
  [node-5] margin.top: expected 6.00, got 0.00 (err: 6.00)
  [node-5] margin.right: expected 10.00, got 0.00 (err: 10.00)
  [node-5] margin.left: expected 7.00, got 0.00 (err: 7.00)

❌ Fixture Failed: tier-1-10008.json (Tier 1, Seed 10008)
   Mean Error for test: 70.2364px
  [root-node] x: expected -8.00, got 0.00 (err: 8.00)
  [root-node] y: expected -12.00, got 0.00 (err: 12.00)
  [root-node] width: expected 86.00, got 0.00 (err: 86.00)
  [root-node] height: expected 139.00, got 0.00 (err: 139.00)
  [root-node] borderBoxWidth: expected 109.00, got 0.00 (err: 109.00)
  [root-node] borderBoxHeight: expected 173.00, got 0.00 (err: 173.00)
  [root-node] outerWidth: expected 120.00, got 0.00 (err: 120.00)
  [root-node] outerHeight: expected 179.00, got 0.00 (err: 179.00)
  [root-node] padding.top: expected 4.00, got 0.00 (err: 4.00)
  [root-node] padding.right: expected 14.00, got 0.00 (err: 14.00)
  [root-node] padding.bottom: expected 18.00, got 0.00 (err: 18.00)
  [root-node] padding.left: expected 6.00, got 0.00 (err: 6.00)
  [root-node] border.top: expected 8.00, got 0.00 (err: 8.00)
  [root-node] border.right: expected 1.00, got 0.00 (err: 1.00)
  [root-node] border.bottom: expected 4.00, got 0.00 (err: 4.00)
  [root-node] border.left: expected 2.00, got 0.00 (err: 2.00)
  [root-node] margin.top: expected 6.00, got 0.00 (err: 6.00)
  [root-node] margin.right: expected 3.00, got 0.00 (err: 3.00)
  [root-node] margin.left: expected 8.00, got 0.00 (err: 8.00)
  [node-2] x: expected 11.00, got 0.00 (err: 11.00)
  [node-2] y: expected 20.00, got 0.00 (err: 20.00)
  [node-2] width: expected 204.00, got 0.00 (err: 204.00)
  [node-2] height: expected 253.00, got 0.00 (err: 253.00)
  [node-2] borderBoxWidth: expected 236.00, got 0.00 (err: 236.00)
  [node-2] borderBoxHeight: expected 268.00, got 0.00 (err: 268.00)
  [node-2] outerWidth: expected 263.00, got 0.00 (err: 263.00)
  [node-2] outerHeight: expected 288.00, got 0.00 (err: 288.00)
  [node-2] padding.right: expected 18.00, got 0.00 (err: 18.00)
  [node-2] padding.bottom: expected 2.00, got 0.00 (err: 2.00)
  [node-2] padding.left: expected 8.00, got 0.00 (err: 8.00)
  [node-2] border.top: expected 4.00, got 0.00 (err: 4.00)
  [node-2] border.right: expected 4.00, got 0.00 (err: 4.00)
  [node-2] border.bottom: expected 9.00, got 0.00 (err: 9.00)
  [node-2] border.left: expected 2.00, got 0.00 (err: 2.00)
  [node-2] margin.top: expected 20.00, got 0.00 (err: 20.00)
  [node-2] margin.right: expected 16.00, got 0.00 (err: 16.00)
  [node-2] margin.left: expected 11.00, got 0.00 (err: 11.00)
  [node-3] x: expected 24.00, got 0.00 (err: 24.00)
  [node-3] y: expected 43.00, got 0.00 (err: 43.00)
  [node-3] width: expected 243.00, got 0.00 (err: 243.00)
  [node-3] height: expected 46.00, got 0.00 (err: 46.00)
  [node-3] borderBoxWidth: expected 269.00, got 0.00 (err: 269.00)
  [node-3] borderBoxHeight: expected 90.00, got 0.00 (err: 90.00)
  [node-3] outerWidth: expected 272.00, got 0.00 (err: 272.00)
  [node-3] outerHeight: expected 109.00, got 0.00 (err: 109.00)
  [node-3] padding.top: expected 16.00, got 0.00 (err: 16.00)
  [node-3] padding.right: expected 12.00, got 0.00 (err: 12.00)
  [node-3] padding.bottom: expected 15.00, got 0.00 (err: 15.00)
  [node-3] padding.left: expected 3.00, got 0.00 (err: 3.00)
  [node-3] border.top: expected 4.00, got 0.00 (err: 4.00)
  [node-3] border.right: expected 8.00, got 0.00 (err: 8.00)
  [node-3] border.bottom: expected 9.00, got 0.00 (err: 9.00)
  [node-3] border.left: expected 3.00, got 0.00 (err: 3.00)
  [node-3] margin.top: expected 19.00, got 0.00 (err: 19.00)
  [node-3] margin.left: expected 3.00, got 0.00 (err: 3.00)
  [node-4] x: expected 34.00, got 0.00 (err: 34.00)
  [node-4] y: expected 138.00, got 0.00 (err: 138.00)
  [node-4] width: expected 74.00, got 0.00 (err: 74.00)
  [node-4] height: expected 60.00, got 0.00 (err: 60.00)
  [node-4] borderBoxWidth: expected 123.00, got 0.00 (err: 123.00)
  [node-4] borderBoxHeight: expected 94.00, got 0.00 (err: 94.00)
  [node-4] outerWidth: expected 143.00, got 0.00 (err: 143.00)
  [node-4] outerHeight: expected 99.00, got 0.00 (err: 99.00)
  [node-4] padding.top: expected 15.00, got 0.00 (err: 15.00)
  [node-4] padding.right: expected 20.00, got 0.00 (err: 20.00)
  [node-4] padding.bottom: expected 8.00, got 0.00 (err: 8.00)
  [node-4] padding.left: expected 16.00, got 0.00 (err: 16.00)
  [node-4] border.top: expected 6.00, got 0.00 (err: 6.00)
  [node-4] border.right: expected 10.00, got 0.00 (err: 10.00)
  [node-4] border.bottom: expected 5.00, got 0.00 (err: 5.00)
  [node-4] border.left: expected 3.00, got 0.00 (err: 3.00)
  [node-4] margin.top: expected 5.00, got 0.00 (err: 5.00)
  [node-4] margin.right: expected 7.00, got 0.00 (err: 7.00)
  [node-4] margin.left: expected 13.00, got 0.00 (err: 13.00)
  [node-5] x: expected 18.00, got 0.00 (err: 18.00)
  [node-5] y: expected 308.00, got 0.00 (err: 308.00)
  [node-5] width: expected 73.00, got 0.00 (err: 73.00)
  [node-5] height: expected 52.00, got 0.00 (err: 52.00)
  [node-5] borderBoxWidth: expected 101.00, got 0.00 (err: 101.00)
  [node-5] borderBoxHeight: expected 90.00, got 0.00 (err: 90.00)
  [node-5] outerWidth: expected 130.00, got 0.00 (err: 130.00)
  [node-5] outerHeight: expected 110.00, got 0.00 (err: 110.00)
  [node-5] padding.top: expected 17.00, got 0.00 (err: 17.00)
  [node-5] padding.right: expected 4.00, got 0.00 (err: 4.00)
  [node-5] padding.bottom: expected 8.00, got 0.00 (err: 8.00)
  [node-5] padding.left: expected 19.00, got 0.00 (err: 19.00)
  [node-5] border.top: expected 10.00, got 0.00 (err: 10.00)
  [node-5] border.right: expected 5.00, got 0.00 (err: 5.00)
  [node-5] border.bottom: expected 3.00, got 0.00 (err: 3.00)
  [node-5] margin.top: expected 20.00, got 0.00 (err: 20.00)
  [node-5] margin.right: expected 11.00, got 0.00 (err: 11.00)
  [node-5] margin.left: expected 18.00, got 0.00 (err: 18.00)
  [node-6] x: expected 49.00, got 0.00 (err: 49.00)
  [node-6] y: expected 347.00, got 0.00 (err: 347.00)
  [node-6] width: expected 71.00, got 0.00 (err: 71.00)
  [node-6] height: expected 36.00, got 0.00 (err: 36.00)
  [node-6] borderBoxWidth: expected 99.00, got 0.00 (err: 99.00)
  [node-6] borderBoxHeight: expected 68.00, got 0.00 (err: 68.00)
  [node-6] outerWidth: expected 131.00, got 0.00 (err: 131.00)
  [node-6] outerHeight: expected 80.00, got 0.00 (err: 80.00)
  [node-6] padding.top: expected 10.00, got 0.00 (err: 10.00)
  [node-6] padding.right: expected 19.00, got 0.00 (err: 19.00)
  [node-6] padding.bottom: expected 13.00, got 0.00 (err: 13.00)
  [node-6] padding.left: expected 1.00, got 0.00 (err: 1.00)
  [node-6] border.top: expected 5.00, got 0.00 (err: 5.00)
  [node-6] border.right: expected 3.00, got 0.00 (err: 3.00)
  [node-6] border.bottom: expected 4.00, got 0.00 (err: 4.00)
  [node-6] border.left: expected 5.00, got 0.00 (err: 5.00)
  [node-6] margin.top: expected 12.00, got 0.00 (err: 12.00)
  [node-6] margin.right: expected 20.00, got 0.00 (err: 20.00)
  [node-6] margin.left: expected 12.00, got 0.00 (err: 12.00)
  [node-7] x: expected 50.00, got 0.00 (err: 50.00)
  [node-7] y: expected 427.00, got 0.00 (err: 427.00)
  [node-7] width: expected 99.00, got 0.00 (err: 99.00)
  [node-7] height: expected 168.00, got 0.00 (err: 168.00)
  [node-7] borderBoxWidth: expected 143.00, got 0.00 (err: 143.00)
  [node-7] borderBoxHeight: expected 202.00, got 0.00 (err: 202.00)
  [node-7] outerWidth: expected 164.00, got 0.00 (err: 164.00)
  [node-7] outerHeight: expected 214.00, got 0.00 (err: 214.00)
  [node-7] padding.top: expected 17.00, got 0.00 (err: 17.00)
  [node-7] padding.right: expected 20.00, got 0.00 (err: 20.00)
  [node-7] padding.bottom: expected 1.00, got 0.00 (err: 1.00)
  [node-7] padding.left: expected 14.00, got 0.00 (err: 14.00)
  [node-7] border.top: expected 10.00, got 0.00 (err: 10.00)
  [node-7] border.right: expected 8.00, got 0.00 (err: 8.00)
  [node-7] border.bottom: expected 6.00, got 0.00 (err: 6.00)
  [node-7] border.left: expected 2.00, got 0.00 (err: 2.00)
  [node-7] margin.top: expected 12.00, got 0.00 (err: 12.00)
  [node-7] margin.right: expected 8.00, got 0.00 (err: 8.00)
  [node-7] margin.left: expected 13.00, got 0.00 (err: 13.00)
  [node-8] x: expected 40.00, got 0.00 (err: 40.00)
  [node-8] y: expected 642.00, got 0.00 (err: 642.00)
  [node-8] width: expected 196.00, got 0.00 (err: 196.00)
  [node-8] height: expected 154.00, got 0.00 (err: 154.00)
  [node-8] borderBoxWidth: expected 242.00, got 0.00 (err: 242.00)
  [node-8] borderBoxHeight: expected 174.00, got 0.00 (err: 174.00)
  [node-8] outerWidth: expected 245.00, got 0.00 (err: 245.00)
  [node-8] outerHeight: expected 187.00, got 0.00 (err: 187.00)
  [node-8] padding.top: expected 7.00, got 0.00 (err: 7.00)
  [node-8] padding.right: expected 13.00, got 0.00 (err: 13.00)
  [node-8] padding.bottom: expected 6.00, got 0.00 (err: 6.00)
  [node-8] padding.left: expected 18.00, got 0.00 (err: 18.00)
  [node-8] border.right: expected 6.00, got 0.00 (err: 6.00)
  [node-8] border.bottom: expected 7.00, got 0.00 (err: 7.00)
  [node-8] border.left: expected 9.00, got 0.00 (err: 9.00)
  [node-8] margin.top: expected 13.00, got 0.00 (err: 13.00)
  [node-8] margin.left: expected 3.00, got 0.00 (err: 3.00)
  [node-9] x: expected 5.00, got 0.00 (err: 5.00)
  [node-9] y: expected 415.00, got 0.00 (err: 415.00)
  [node-9] width: expected 166.00, got 0.00 (err: 166.00)
  [node-9] height: expected 258.00, got 0.00 (err: 258.00)
  [node-9] borderBoxWidth: expected 198.00, got 0.00 (err: 198.00)
  [node-9] borderBoxHeight: expected 283.00, got 0.00 (err: 283.00)
  [node-9] outerWidth: expected 222.00, got 0.00 (err: 222.00)
  [node-9] outerHeight: expected 300.00, got 0.00 (err: 300.00)
  [node-9] padding.top: expected 2.00, got 0.00 (err: 2.00)
  [node-9] padding.right: expected 1.00, got 0.00 (err: 1.00)
  [node-9] padding.bottom: expected 7.00, got 0.00 (err: 7.00)
  [node-9] padding.left: expected 15.00, got 0.00 (err: 15.00)
  [node-9] border.top: expected 9.00, got 0.00 (err: 9.00)
  [node-9] border.right: expected 9.00, got 0.00 (err: 9.00)
  [node-9] border.bottom: expected 7.00, got 0.00 (err: 7.00)
  [node-9] border.left: expected 7.00, got 0.00 (err: 7.00)
  [node-9] margin.top: expected 17.00, got 0.00 (err: 17.00)
  [node-9] margin.right: expected 19.00, got 0.00 (err: 19.00)
  [node-9] margin.left: expected 5.00, got 0.00 (err: 5.00)
  [node-10] x: expected 36.00, got 0.00 (err: 36.00)
  [node-10] y: expected 429.00, got 0.00 (err: 429.00)
  [node-10] width: expected 222.00, got 0.00 (err: 222.00)
  [node-10] height: expected 96.00, got 0.00 (err: 96.00)
  [node-10] borderBoxWidth: expected 251.00, got 0.00 (err: 251.00)
  [node-10] borderBoxHeight: expected 122.00, got 0.00 (err: 122.00)
  [node-10] outerWidth: expected 261.00, got 0.00 (err: 261.00)
  [node-10] outerHeight: expected 125.00, got 0.00 (err: 125.00)
  [node-10] padding.top: expected 5.00, got 0.00 (err: 5.00)
  [node-10] padding.right: expected 8.00, got 0.00 (err: 8.00)
  [node-10] padding.bottom: expected 7.00, got 0.00 (err: 7.00)
  [node-10] padding.left: expected 5.00, got 0.00 (err: 5.00)
  [node-10] border.top: expected 8.00, got 0.00 (err: 8.00)
  [node-10] border.right: expected 8.00, got 0.00 (err: 8.00)
  [node-10] border.bottom: expected 6.00, got 0.00 (err: 6.00)
  [node-10] border.left: expected 8.00, got 0.00 (err: 8.00)
  [node-10] margin.top: expected 3.00, got 0.00 (err: 3.00)
  [node-10] margin.right: expected 1.00, got 0.00 (err: 1.00)
  [node-10] margin.left: expected 9.00, got 0.00 (err: 9.00)
  [node-11] x: expected 45.00, got 0.00 (err: 45.00)
  [node-11] y: expected 569.00, got 0.00 (err: 569.00)
  [node-11] width: expected 88.00, got 0.00 (err: 88.00)
  [node-11] height: expected 221.00, got 0.00 (err: 221.00)
  [node-11] borderBoxWidth: expected 101.00, got 0.00 (err: 101.00)
  [node-11] borderBoxHeight: expected 256.00, got 0.00 (err: 256.00)
  [node-11] outerWidth: expected 129.00, got 0.00 (err: 129.00)
  [node-11] outerHeight: expected 274.00, got 0.00 (err: 274.00)
  [node-11] padding.top: expected 7.00, got 0.00 (err: 7.00)
  [node-11] padding.right: expected 8.00, got 0.00 (err: 8.00)
  [node-11] padding.bottom: expected 16.00, got 0.00 (err: 16.00)
  [node-11] border.top: expected 3.00, got 0.00 (err: 3.00)
  [node-11] border.bottom: expected 9.00, got 0.00 (err: 9.00)
  [node-11] border.left: expected 5.00, got 0.00 (err: 5.00)
  [node-11] margin.top: expected 18.00, got 0.00 (err: 18.00)
  [node-11] margin.right: expected 10.00, got 0.00 (err: 10.00)
  [node-11] margin.left: expected 18.00, got 0.00 (err: 18.00)

❌ Fixture Failed: tier-1-10009.json (Tier 1, Seed 10009)
   Mean Error for test: 65.6500px
  [root-node] x: expected -11.00, got 0.00 (err: 11.00)
  [root-node] y: expected -24.00, got 0.00 (err: 24.00)
  [root-node] width: expected 119.00, got 0.00 (err: 119.00)
  [root-node] height: expected 132.00, got 0.00 (err: 132.00)
  [root-node] borderBoxWidth: expected 150.00, got 0.00 (err: 150.00)
  [root-node] borderBoxHeight: expected 173.00, got 0.00 (err: 173.00)
  [root-node] outerWidth: expected 157.00, got 0.00 (err: 157.00)
  [root-node] outerHeight: expected 190.00, got 0.00 (err: 190.00)
  [root-node] padding.top: expected 20.00, got 0.00 (err: 20.00)
  [root-node] padding.right: expected 19.00, got 0.00 (err: 19.00)
  [root-node] padding.bottom: expected 17.00, got 0.00 (err: 17.00)
  [root-node] padding.left: expected 8.00, got 0.00 (err: 8.00)
  [root-node] border.top: expected 4.00, got 0.00 (err: 4.00)
  [root-node] border.right: expected 1.00, got 0.00 (err: 1.00)
  [root-node] border.left: expected 3.00, got 0.00 (err: 3.00)
  [root-node] margin.top: expected 17.00, got 0.00 (err: 17.00)
  [root-node] margin.left: expected 7.00, got 0.00 (err: 7.00)
  [node-2] x: expected 16.00, got 0.00 (err: 16.00)
  [node-2] y: expected 10.00, got 0.00 (err: 10.00)
  [node-2] width: expected 70.00, got 0.00 (err: 70.00)
  [node-2] height: expected 203.00, got 0.00 (err: 203.00)
  [node-2] borderBoxWidth: expected 96.00, got 0.00 (err: 96.00)
  [node-2] borderBoxHeight: expected 232.00, got 0.00 (err: 232.00)
  [node-2] outerWidth: expected 120.00, got 0.00 (err: 120.00)
  [node-2] outerHeight: expected 242.00, got 0.00 (err: 242.00)
  [node-2] padding.top: expected 4.00, got 0.00 (err: 4.00)
  [node-2] padding.right: expected 9.00, got 0.00 (err: 9.00)
  [node-2] padding.bottom: expected 12.00, got 0.00 (err: 12.00)
  [node-2] padding.left: expected 12.00, got 0.00 (err: 12.00)
  [node-2] border.top: expected 5.00, got 0.00 (err: 5.00)
  [node-2] border.bottom: expected 8.00, got 0.00 (err: 8.00)
  [node-2] border.left: expected 5.00, got 0.00 (err: 5.00)
  [node-2] margin.top: expected 10.00, got 0.00 (err: 10.00)
  [node-2] margin.right: expected 8.00, got 0.00 (err: 8.00)
  [node-2] margin.left: expected 16.00, got 0.00 (err: 16.00)
  [node-3] x: expected 39.00, got 0.00 (err: 39.00)
  [node-3] y: expected 20.00, got 0.00 (err: 20.00)
  [node-3] width: expected 172.00, got 0.00 (err: 172.00)
  [node-3] height: expected 230.00, got 0.00 (err: 230.00)
  [node-3] borderBoxWidth: expected 199.00, got 0.00 (err: 199.00)
  [node-3] borderBoxHeight: expected 242.00, got 0.00 (err: 242.00)
  [node-3] outerWidth: expected 208.00, got 0.00 (err: 208.00)
  [node-3] outerHeight: expected 243.00, got 0.00 (err: 243.00)
  [node-3] padding.top: expected 3.00, got 0.00 (err: 3.00)
  [node-3] padding.right: expected 6.00, got 0.00 (err: 6.00)
  [node-3] padding.bottom: expected 1.00, got 0.00 (err: 1.00)
  [node-3] padding.left: expected 10.00, got 0.00 (err: 10.00)
  [node-3] border.top: expected 5.00, got 0.00 (err: 5.00)
  [node-3] border.right: expected 5.00, got 0.00 (err: 5.00)
  [node-3] border.bottom: expected 3.00, got 0.00 (err: 3.00)
  [node-3] border.left: expected 6.00, got 0.00 (err: 6.00)
  [node-3] margin.top: expected 1.00, got 0.00 (err: 1.00)
  [node-3] margin.right: expected 3.00, got 0.00 (err: 3.00)
  [node-3] margin.left: expected 6.00, got 0.00 (err: 6.00)
  [node-4] x: expected 43.00, got 0.00 (err: 43.00)
  [node-4] y: expected 279.00, got 0.00 (err: 279.00)
  [node-4] width: expected 222.00, got 0.00 (err: 222.00)
  [node-4] height: expected 221.00, got 0.00 (err: 221.00)
  [node-4] borderBoxWidth: expected 246.00, got 0.00 (err: 246.00)
  [node-4] borderBoxHeight: expected 235.00, got 0.00 (err: 235.00)
  [node-4] outerWidth: expected 273.00, got 0.00 (err: 273.00)
  [node-4] outerHeight: expected 252.00, got 0.00 (err: 252.00)
  [node-4] padding.right: expected 14.00, got 0.00 (err: 14.00)
  [node-4] padding.bottom: expected 6.00, got 0.00 (err: 6.00)
  [node-4] border.top: expected 7.00, got 0.00 (err: 7.00)
  [node-4] border.right: expected 7.00, got 0.00 (err: 7.00)
  [node-4] border.bottom: expected 1.00, got 0.00 (err: 1.00)
  [node-4] border.left: expected 3.00, got 0.00 (err: 3.00)
  [node-4] margin.top: expected 17.00, got 0.00 (err: 17.00)
  [node-4] margin.right: expected 17.00, got 0.00 (err: 17.00)
  [node-4] margin.left: expected 10.00, got 0.00 (err: 10.00)
  [node-5] x: expected 39.00, got 0.00 (err: 39.00)
  [node-5] y: expected 529.00, got 0.00 (err: 529.00)
  [node-5] width: expected 69.00, got 0.00 (err: 69.00)
  [node-5] height: expected 61.00, got 0.00 (err: 61.00)
  [node-5] borderBoxWidth: expected 95.00, got 0.00 (err: 95.00)
  [node-5] borderBoxHeight: expected 85.00, got 0.00 (err: 85.00)
  [node-5] outerWidth: expected 116.00, got 0.00 (err: 116.00)
  [node-5] outerHeight: expected 100.00, got 0.00 (err: 100.00)
  [node-5] padding.top: expected 2.00, got 0.00 (err: 2.00)
  [node-5] padding.right: expected 17.00, got 0.00 (err: 17.00)
  [node-5] padding.bottom: expected 8.00, got 0.00 (err: 8.00)
  [node-5] padding.left: expected 5.00, got 0.00 (err: 5.00)
  [node-5] border.top: expected 5.00, got 0.00 (err: 5.00)
  [node-5] border.right: expected 3.00, got 0.00 (err: 3.00)
  [node-5] border.bottom: expected 9.00, got 0.00 (err: 9.00)
  [node-5] border.left: expected 1.00, got 0.00 (err: 1.00)
  [node-5] margin.top: expected 15.00, got 0.00 (err: 15.00)
  [node-5] margin.right: expected 15.00, got 0.00 (err: 15.00)
  [node-5] margin.left: expected 6.00, got 0.00 (err: 6.00)

❌ Fixture Failed: tier-1-10010.json (Tier 1, Seed 10010)
   Mean Error for test: 64.6750px
  [root-node] x: expected -13.00, got 0.00 (err: 13.00)
  [root-node] y: expected -26.00, got 0.00 (err: 26.00)
  [root-node] width: expected 129.00, got 0.00 (err: 129.00)
  [root-node] height: expected 91.00, got 0.00 (err: 91.00)
  [root-node] borderBoxWidth: expected 146.00, got 0.00 (err: 146.00)
  [root-node] borderBoxHeight: expected 139.00, got 0.00 (err: 139.00)
  [root-node] outerWidth: expected 172.00, got 0.00 (err: 172.00)
  [root-node] outerHeight: expected 146.00, got 0.00 (err: 146.00)
  [root-node] padding.top: expected 16.00, got 0.00 (err: 16.00)
  [root-node] padding.right: expected 2.00, got 0.00 (err: 2.00)
  [root-node] padding.bottom: expected 16.00, got 0.00 (err: 16.00)
  [root-node] padding.left: expected 9.00, got 0.00 (err: 9.00)
  [root-node] border.top: expected 10.00, got 0.00 (err: 10.00)
  [root-node] border.right: expected 2.00, got 0.00 (err: 2.00)
  [root-node] border.bottom: expected 6.00, got 0.00 (err: 6.00)
  [root-node] border.left: expected 4.00, got 0.00 (err: 4.00)
  [root-node] margin.top: expected 7.00, got 0.00 (err: 7.00)
  [root-node] margin.right: expected 19.00, got 0.00 (err: 19.00)
  [root-node] margin.left: expected 7.00, got 0.00 (err: 7.00)
  [node-2] x: expected 1.00, got 0.00 (err: 1.00)
  [node-2] width: expected 178.00, got 0.00 (err: 178.00)
  [node-2] height: expected 175.00, got 0.00 (err: 175.00)
  [node-2] borderBoxWidth: expected 207.00, got 0.00 (err: 207.00)
  [node-2] borderBoxHeight: expected 196.00, got 0.00 (err: 196.00)
  [node-2] outerWidth: expected 228.00, got 0.00 (err: 228.00)
  [node-2] outerHeight: expected 196.00, got 0.00 (err: 196.00)
  [node-2] padding.top: expected 7.00, got 0.00 (err: 7.00)
  [node-2] padding.bottom: expected 1.00, got 0.00 (err: 1.00)
  [node-2] padding.left: expected 16.00, got 0.00 (err: 16.00)
  [node-2] border.top: expected 7.00, got 0.00 (err: 7.00)
  [node-2] border.right: expected 6.00, got 0.00 (err: 6.00)
  [node-2] border.bottom: expected 6.00, got 0.00 (err: 6.00)
  [node-2] border.left: expected 7.00, got 0.00 (err: 7.00)
  [node-2] margin.right: expected 20.00, got 0.00 (err: 20.00)
  [node-2] margin.left: expected 1.00, got 0.00 (err: 1.00)
  [node-3] x: expected 32.00, got 0.00 (err: 32.00)
  [node-3] y: expected 19.00, got 0.00 (err: 19.00)
  [node-3] width: expected 130.00, got 0.00 (err: 130.00)
  [node-3] height: expected 143.00, got 0.00 (err: 143.00)
  [node-3] borderBoxWidth: expected 157.00, got 0.00 (err: 157.00)
  [node-3] borderBoxHeight: expected 176.00, got 0.00 (err: 176.00)
  [node-3] outerWidth: expected 171.00, got 0.00 (err: 171.00)
  [node-3] outerHeight: expected 181.00, got 0.00 (err: 181.00)
  [node-3] padding.top: expected 10.00, got 0.00 (err: 10.00)
  [node-3] padding.bottom: expected 7.00, got 0.00 (err: 7.00)
  [node-3] padding.left: expected 17.00, got 0.00 (err: 17.00)
  [node-3] border.top: expected 7.00, got 0.00 (err: 7.00)
  [node-3] border.right: expected 1.00, got 0.00 (err: 1.00)
  [node-3] border.bottom: expected 9.00, got 0.00 (err: 9.00)
  [node-3] border.left: expected 9.00, got 0.00 (err: 9.00)
  [node-3] margin.top: expected 5.00, got 0.00 (err: 5.00)
  [node-3] margin.right: expected 6.00, got 0.00 (err: 6.00)
  [node-3] margin.left: expected 8.00, got 0.00 (err: 8.00)
  [node-4] x: expected 31.00, got 0.00 (err: 31.00)
  [node-4] y: expected 203.00, got 0.00 (err: 203.00)
  [node-4] width: expected 70.00, got 0.00 (err: 70.00)
  [node-4] height: expected 98.00, got 0.00 (err: 98.00)
  [node-4] borderBoxWidth: expected 90.00, got 0.00 (err: 90.00)
  [node-4] borderBoxHeight: expected 124.00, got 0.00 (err: 124.00)
  [node-4] outerWidth: expected 102.00, got 0.00 (err: 102.00)
  [node-4] outerHeight: expected 132.00, got 0.00 (err: 132.00)
  [node-4] padding.top: expected 6.00, got 0.00 (err: 6.00)
  [node-4] padding.right: expected 9.00, got 0.00 (err: 9.00)
  [node-4] padding.bottom: expected 4.00, got 0.00 (err: 4.00)
  [node-4] padding.left: expected 6.00, got 0.00 (err: 6.00)
  [node-4] border.top: expected 8.00, got 0.00 (err: 8.00)
  [node-4] border.right: expected 3.00, got 0.00 (err: 3.00)
  [node-4] border.bottom: expected 8.00, got 0.00 (err: 8.00)
  [node-4] border.left: expected 2.00, got 0.00 (err: 2.00)
  [node-4] margin.top: expected 8.00, got 0.00 (err: 8.00)
  [node-4] margin.right: expected 5.00, got 0.00 (err: 5.00)
  [node-4] margin.left: expected 7.00, got 0.00 (err: 7.00)
  [node-5] x: expected 38.00, got 0.00 (err: 38.00)
  [node-5] y: expected 337.00, got 0.00 (err: 337.00)
  [node-5] width: expected 288.00, got 0.00 (err: 288.00)
  [node-5] height: expected 283.00, got 0.00 (err: 283.00)
  [node-5] borderBoxWidth: expected 310.00, got 0.00 (err: 310.00)
  [node-5] borderBoxHeight: expected 303.00, got 0.00 (err: 303.00)
  [node-5] outerWidth: expected 343.00, got 0.00 (err: 343.00)
  [node-5] outerHeight: expected 313.00, got 0.00 (err: 313.00)
  [node-5] padding.top: expected 9.00, got 0.00 (err: 9.00)
  [node-5] padding.right: expected 8.00, got 0.00 (err: 8.00)
  [node-5] padding.bottom: expected 7.00, got 0.00 (err: 7.00)
  [node-5] padding.left: expected 12.00, got 0.00 (err: 12.00)
  [node-5] border.right: expected 1.00, got 0.00 (err: 1.00)
  [node-5] border.bottom: expected 4.00, got 0.00 (err: 4.00)
  [node-5] border.left: expected 1.00, got 0.00 (err: 1.00)
  [node-5] margin.top: expected 10.00, got 0.00 (err: 10.00)
  [node-5] margin.right: expected 19.00, got 0.00 (err: 19.00)
  [node-5] margin.left: expected 14.00, got 0.00 (err: 14.00)
  [node-6] x: expected 10.00, got 0.00 (err: 10.00)
  [node-6] y: expected 209.00, got 0.00 (err: 209.00)
  [node-6] width: expected 3.00, got 0.00 (err: 3.00)
  [node-6] height: expected 179.00, got 0.00 (err: 179.00)
  [node-6] borderBoxWidth: expected 53.00, got 0.00 (err: 53.00)
  [node-6] borderBoxHeight: expected 216.00, got 0.00 (err: 216.00)
  [node-6] outerWidth: expected 72.00, got 0.00 (err: 72.00)
  [node-6] outerHeight: expected 229.00, got 0.00 (err: 229.00)
  [node-6] padding.top: expected 1.00, got 0.00 (err: 1.00)
  [node-6] padding.right: expected 19.00, got 0.00 (err: 19.00)
  [node-6] padding.bottom: expected 20.00, got 0.00 (err: 20.00)
  [node-6] padding.left: expected 16.00, got 0.00 (err: 16.00)
  [node-6] border.top: expected 6.00, got 0.00 (err: 6.00)
  [node-6] border.right: expected 7.00, got 0.00 (err: 7.00)
  [node-6] border.bottom: expected 10.00, got 0.00 (err: 10.00)
  [node-6] border.left: expected 8.00, got 0.00 (err: 8.00)
  [node-6] margin.top: expected 13.00, got 0.00 (err: 13.00)
  [node-6] margin.right: expected 9.00, got 0.00 (err: 9.00)
  [node-6] margin.left: expected 10.00, got 0.00 (err: 10.00)
  [node-7] x: expected 43.00, got 0.00 (err: 43.00)
  [node-7] y: expected 234.00, got 0.00 (err: 234.00)
  [node-7] width: expected 170.00, got 0.00 (err: 170.00)
  [node-7] height: expected 121.00, got 0.00 (err: 121.00)
  [node-7] borderBoxWidth: expected 194.00, got 0.00 (err: 194.00)
  [node-7] borderBoxHeight: expected 156.00, got 0.00 (err: 156.00)
  [node-7] outerWidth: expected 203.00, got 0.00 (err: 203.00)
  [node-7] outerHeight: expected 174.00, got 0.00 (err: 174.00)
  [node-7] padding.top: expected 4.00, got 0.00 (err: 4.00)
  [node-7] padding.bottom: expected 19.00, got 0.00 (err: 19.00)
  [node-7] padding.left: expected 18.00, got 0.00 (err: 18.00)
  [node-7] border.top: expected 10.00, got 0.00 (err: 10.00)
  [node-7] border.right: expected 4.00, got 0.00 (err: 4.00)
  [node-7] border.bottom: expected 2.00, got 0.00 (err: 2.00)
  [node-7] border.left: expected 2.00, got 0.00 (err: 2.00)
  [node-7] margin.top: expected 18.00, got 0.00 (err: 18.00)
  [node-7] margin.left: expected 9.00, got 0.00 (err: 9.00)
  [node-8] x: expected 49.00, got 0.00 (err: 49.00)
  [node-8] y: expected 396.00, got 0.00 (err: 396.00)
  [node-8] width: expected 164.00, got 0.00 (err: 164.00)
  [node-8] height: expected 78.00, got 0.00 (err: 78.00)
  [node-8] borderBoxWidth: expected 193.00, got 0.00 (err: 193.00)
  [node-8] borderBoxHeight: expected 89.00, got 0.00 (err: 89.00)
  [node-8] outerWidth: expected 222.00, got 0.00 (err: 222.00)
  [node-8] outerHeight: expected 95.00, got 0.00 (err: 95.00)
  [node-8] padding.top: expected 4.00, got 0.00 (err: 4.00)
  [node-8] padding.right: expected 14.00, got 0.00 (err: 14.00)
  [node-8] padding.bottom: expected 2.00, got 0.00 (err: 2.00)
  [node-8] padding.left: expected 6.00, got 0.00 (err: 6.00)
  [node-8] border.top: expected 1.00, got 0.00 (err: 1.00)
  [node-8] border.right: expected 9.00, got 0.00 (err: 9.00)
  [node-8] border.bottom: expected 4.00, got 0.00 (err: 4.00)
  [node-8] margin.top: expected 6.00, got 0.00 (err: 6.00)
  [node-8] margin.right: expected 14.00, got 0.00 (err: 14.00)
  [node-8] margin.left: expected 15.00, got 0.00 (err: 15.00)

❌ Fixture Failed: tier-1-10011.json (Tier 1, Seed 10011)
   Mean Error for test: 79.6909px
  [root-node] x: expected -15.00, got 0.00 (err: 15.00)
  [root-node] y: expected -18.00, got 0.00 (err: 18.00)
  [root-node] width: expected 115.00, got 0.00 (err: 115.00)
  [root-node] height: expected 16.00, got 0.00 (err: 16.00)
  [root-node] borderBoxWidth: expected 139.00, got 0.00 (err: 139.00)
  [root-node] borderBoxHeight: expected 50.00, got 0.00 (err: 50.00)
  [root-node] outerWidth: expected 162.00, got 0.00 (err: 162.00)
  [root-node] outerHeight: expected 68.00, got 0.00 (err: 68.00)
  [root-node] padding.top: expected 12.00, got 0.00 (err: 12.00)
  [root-node] padding.right: expected 7.00, got 0.00 (err: 7.00)
  [root-node] padding.bottom: expected 15.00, got 0.00 (err: 15.00)
  [root-node] padding.left: expected 10.00, got 0.00 (err: 10.00)
  [root-node] border.top: expected 6.00, got 0.00 (err: 6.00)
  [root-node] border.right: expected 2.00, got 0.00 (err: 2.00)
  [root-node] border.bottom: expected 1.00, got 0.00 (err: 1.00)
  [root-node] border.left: expected 5.00, got 0.00 (err: 5.00)
  [root-node] margin.top: expected 18.00, got 0.00 (err: 18.00)
  [root-node] margin.right: expected 16.00, got 0.00 (err: 16.00)
  [root-node] margin.left: expected 7.00, got 0.00 (err: 7.00)
  [node-2] x: expected 7.00, got 0.00 (err: 7.00)
  [node-2] y: expected 11.00, got 0.00 (err: 11.00)
  [node-2] width: expected 25.00, got 0.00 (err: 25.00)
  [node-2] height: expected 125.00, got 0.00 (err: 125.00)
  [node-2] borderBoxWidth: expected 68.00, got 0.00 (err: 68.00)
  [node-2] borderBoxHeight: expected 160.00, got 0.00 (err: 160.00)
  [node-2] outerWidth: expected 86.00, got 0.00 (err: 86.00)
  [node-2] outerHeight: expected 171.00, got 0.00 (err: 171.00)
  [node-2] padding.top: expected 11.00, got 0.00 (err: 11.00)
  [node-2] padding.right: expected 12.00, got 0.00 (err: 12.00)
  [node-2] padding.bottom: expected 11.00, got 0.00 (err: 11.00)
  [node-2] padding.left: expected 20.00, got 0.00 (err: 20.00)
  [node-2] border.top: expected 9.00, got 0.00 (err: 9.00)
  [node-2] border.right: expected 2.00, got 0.00 (err: 2.00)
  [node-2] border.bottom: expected 4.00, got 0.00 (err: 4.00)
  [node-2] border.left: expected 9.00, got 0.00 (err: 9.00)
  [node-2] margin.top: expected 11.00, got 0.00 (err: 11.00)
  [node-2] margin.right: expected 11.00, got 0.00 (err: 11.00)
  [node-2] margin.left: expected 7.00, got 0.00 (err: 7.00)
  [node-3] x: expected 46.00, got 0.00 (err: 46.00)
  [node-3] y: expected 40.00, got 0.00 (err: 40.00)
  [node-3] width: expected 60.00, got 0.00 (err: 60.00)
  [node-3] height: expected 295.00, got 0.00 (err: 295.00)
  [node-3] borderBoxWidth: expected 86.00, got 0.00 (err: 86.00)
  [node-3] borderBoxHeight: expected 339.00, got 0.00 (err: 339.00)
  [node-3] outerWidth: expected 105.00, got 0.00 (err: 105.00)
  [node-3] outerHeight: expected 348.00, got 0.00 (err: 348.00)
  [node-3] padding.top: expected 18.00, got 0.00 (err: 18.00)
  [node-3] padding.right: expected 15.00, got 0.00 (err: 15.00)
  [node-3] padding.bottom: expected 14.00, got 0.00 (err: 14.00)
  [node-3] padding.left: expected 2.00, got 0.00 (err: 2.00)
  [node-3] border.top: expected 8.00, got 0.00 (err: 8.00)
  [node-3] border.right: expected 9.00, got 0.00 (err: 9.00)
  [node-3] border.bottom: expected 4.00, got 0.00 (err: 4.00)
  [node-3] margin.top: expected 9.00, got 0.00 (err: 9.00)
  [node-3] margin.right: expected 9.00, got 0.00 (err: 9.00)
  [node-3] margin.left: expected 10.00, got 0.00 (err: 10.00)
  [node-4] x: expected 5.00, got 0.00 (err: 5.00)
  [node-4] y: expected 191.00, got 0.00 (err: 191.00)
  [node-4] width: expected 169.00, got 0.00 (err: 169.00)
  [node-4] height: expected 226.00, got 0.00 (err: 226.00)
  [node-4] borderBoxWidth: expected 186.00, got 0.00 (err: 186.00)
  [node-4] borderBoxHeight: expected 253.00, got 0.00 (err: 253.00)
  [node-4] outerWidth: expected 205.00, got 0.00 (err: 205.00)
  [node-4] outerHeight: expected 273.00, got 0.00 (err: 273.00)
  [node-4] padding.top: expected 11.00, got 0.00 (err: 11.00)
  [node-4] padding.right: expected 4.00, got 0.00 (err: 4.00)
  [node-4] padding.bottom: expected 2.00, got 0.00 (err: 2.00)
  [node-4] padding.left: expected 12.00, got 0.00 (err: 12.00)
  [node-4] border.top: expected 10.00, got 0.00 (err: 10.00)
  [node-4] border.bottom: expected 4.00, got 0.00 (err: 4.00)
  [node-4] border.left: expected 1.00, got 0.00 (err: 1.00)
  [node-4] margin.top: expected 20.00, got 0.00 (err: 20.00)
  [node-4] margin.right: expected 14.00, got 0.00 (err: 14.00)
  [node-4] margin.left: expected 5.00, got 0.00 (err: 5.00)
  [node-5] x: expected 31.00, got 0.00 (err: 31.00)
  [node-5] y: expected 215.00, got 0.00 (err: 215.00)
  [node-5] width: expected 254.00, got 0.00 (err: 254.00)
  [node-5] height: expected 245.00, got 0.00 (err: 245.00)
  [node-5] borderBoxWidth: expected 282.00, got 0.00 (err: 282.00)
  [node-5] borderBoxHeight: expected 296.00, got 0.00 (err: 296.00)
  [node-5] outerWidth: expected 299.00, got 0.00 (err: 299.00)
  [node-5] outerHeight: expected 299.00, got 0.00 (err: 299.00)
  [node-5] padding.top: expected 20.00, got 0.00 (err: 20.00)
  [node-5] padding.right: expected 7.00, got 0.00 (err: 7.00)
  [node-5] padding.bottom: expected 19.00, got 0.00 (err: 19.00)
  [node-5] padding.left: expected 5.00, got 0.00 (err: 5.00)
  [node-5] border.top: expected 10.00, got 0.00 (err: 10.00)
  [node-5] border.right: expected 10.00, got 0.00 (err: 10.00)
  [node-5] border.bottom: expected 2.00, got 0.00 (err: 2.00)
  [node-5] border.left: expected 6.00, got 0.00 (err: 6.00)
  [node-5] margin.top: expected 3.00, got 0.00 (err: 3.00)
  [node-5] margin.right: expected 4.00, got 0.00 (err: 4.00)
  [node-5] margin.left: expected 13.00, got 0.00 (err: 13.00)
  [node-6] x: expected 20.00, got 0.00 (err: 20.00)
  [node-6] y: expected 530.00, got 0.00 (err: 530.00)
  [node-6] width: expected 128.00, got 0.00 (err: 128.00)
  [node-6] height: expected 178.00, got 0.00 (err: 178.00)
  [node-6] borderBoxWidth: expected 149.00, got 0.00 (err: 149.00)
  [node-6] borderBoxHeight: expected 201.00, got 0.00 (err: 201.00)
  [node-6] outerWidth: expected 156.00, got 0.00 (err: 156.00)
  [node-6] outerHeight: expected 220.00, got 0.00 (err: 220.00)
  [node-6] padding.top: expected 3.00, got 0.00 (err: 3.00)
  [node-6] padding.right: expected 9.00, got 0.00 (err: 9.00)
  [node-6] padding.bottom: expected 7.00, got 0.00 (err: 7.00)
  [node-6] padding.left: expected 8.00, got 0.00 (err: 8.00)
  [node-6] border.top: expected 8.00, got 0.00 (err: 8.00)
  [node-6] border.right: expected 2.00, got 0.00 (err: 2.00)
  [node-6] border.bottom: expected 5.00, got 0.00 (err: 5.00)
  [node-6] border.left: expected 2.00, got 0.00 (err: 2.00)
  [node-6] margin.top: expected 19.00, got 0.00 (err: 19.00)
  [node-6] margin.right: expected 5.00, got 0.00 (err: 5.00)
  [node-6] margin.left: expected 2.00, got 0.00 (err: 2.00)
  [node-7] x: expected 26.00, got 0.00 (err: 26.00)
  [node-7] y: expected 731.00, got 0.00 (err: 731.00)
  [node-7] width: expected 183.00, got 0.00 (err: 183.00)
  [node-7] height: expected 81.00, got 0.00 (err: 81.00)
  [node-7] borderBoxWidth: expected 207.00, got 0.00 (err: 207.00)
  [node-7] borderBoxHeight: expected 131.00, got 0.00 (err: 131.00)
  [node-7] outerWidth: expected 232.00, got 0.00 (err: 232.00)
  [node-7] outerHeight: expected 131.00, got 0.00 (err: 131.00)
  [node-7] padding.top: expected 18.00, got 0.00 (err: 18.00)
  [node-7] padding.right: expected 11.00, got 0.00 (err: 11.00)
  [node-7] padding.bottom: expected 17.00, got 0.00 (err: 17.00)
  [node-7] padding.left: expected 9.00, got 0.00 (err: 9.00)
  [node-7] border.top: expected 5.00, got 0.00 (err: 5.00)
  [node-7] border.right: expected 2.00, got 0.00 (err: 2.00)
  [node-7] border.bottom: expected 10.00, got 0.00 (err: 10.00)
  [node-7] border.left: expected 2.00, got 0.00 (err: 2.00)
  [node-7] margin.right: expected 17.00, got 0.00 (err: 17.00)
  [node-7] margin.left: expected 8.00, got 0.00 (err: 8.00)
  [node-8] x: expected 11.00, got 0.00 (err: 11.00)
  [node-8] y: expected 457.00, got 0.00 (err: 457.00)
  [node-8] width: expected 126.00, got 0.00 (err: 126.00)
  [node-8] height: expected 155.00, got 0.00 (err: 155.00)
  [node-8] borderBoxWidth: expected 157.00, got 0.00 (err: 157.00)
  [node-8] borderBoxHeight: expected 179.00, got 0.00 (err: 179.00)
  [node-8] outerWidth: expected 168.00, got 0.00 (err: 168.00)
  [node-8] outerHeight: expected 192.00, got 0.00 (err: 192.00)
  [node-8] padding.top: expected 3.00, got 0.00 (err: 3.00)
  [node-8] padding.right: expected 15.00, got 0.00 (err: 15.00)
  [node-8] padding.bottom: expected 11.00, got 0.00 (err: 11.00)
  [node-8] padding.left: expected 10.00, got 0.00 (err: 10.00)
  [node-8] border.top: expected 2.00, got 0.00 (err: 2.00)
  [node-8] border.bottom: expected 8.00, got 0.00 (err: 8.00)
  [node-8] border.left: expected 6.00, got 0.00 (err: 6.00)
  [node-8] margin.top: expected 13.00, got 0.00 (err: 13.00)
  [node-8] margin.left: expected 11.00, got 0.00 (err: 11.00)
  [node-9] x: expected 29.00, got 0.00 (err: 29.00)
  [node-9] y: expected 480.00, got 0.00 (err: 480.00)
  [node-9] width: expected 194.00, got 0.00 (err: 194.00)
  [node-9] height: expected 71.00, got 0.00 (err: 71.00)
  [node-9] borderBoxWidth: expected 234.00, got 0.00 (err: 234.00)
  [node-9] borderBoxHeight: expected 97.00, got 0.00 (err: 97.00)
  [node-9] outerWidth: expected 236.00, got 0.00 (err: 236.00)
  [node-9] outerHeight: expected 115.00, got 0.00 (err: 115.00)
  [node-9] padding.right: expected 11.00, got 0.00 (err: 11.00)
  [node-9] padding.bottom: expected 12.00, got 0.00 (err: 12.00)
  [node-9] padding.left: expected 17.00, got 0.00 (err: 17.00)
  [node-9] border.top: expected 8.00, got 0.00 (err: 8.00)
  [node-9] border.right: expected 10.00, got 0.00 (err: 10.00)
  [node-9] border.bottom: expected 6.00, got 0.00 (err: 6.00)
  [node-9] border.left: expected 2.00, got 0.00 (err: 2.00)
  [node-9] margin.top: expected 18.00, got 0.00 (err: 18.00)
  [node-9] margin.left: expected 2.00, got 0.00 (err: 2.00)
  [node-10] x: expected 30.00, got 0.00 (err: 30.00)
  [node-10] y: expected 588.00, got 0.00 (err: 588.00)
  [node-10] width: expected 218.00, got 0.00 (err: 218.00)
  [node-10] height: expected 243.00, got 0.00 (err: 243.00)
  [node-10] borderBoxWidth: expected 262.00, got 0.00 (err: 262.00)
  [node-10] borderBoxHeight: expected 277.00, got 0.00 (err: 277.00)
  [node-10] outerWidth: expected 285.00, got 0.00 (err: 285.00)
  [node-10] outerHeight: expected 288.00, got 0.00 (err: 288.00)
  [node-10] padding.top: expected 10.00, got 0.00 (err: 10.00)
  [node-10] padding.right: expected 18.00, got 0.00 (err: 18.00)
  [node-10] padding.bottom: expected 18.00, got 0.00 (err: 18.00)
  [node-10] padding.left: expected 12.00, got 0.00 (err: 12.00)
  [node-10] border.top: expected 5.00, got 0.00 (err: 5.00)
  [node-10] border.right: expected 6.00, got 0.00 (err: 6.00)
  [node-10] border.bottom: expected 1.00, got 0.00 (err: 1.00)
  [node-10] border.left: expected 8.00, got 0.00 (err: 8.00)
  [node-10] margin.top: expected 11.00, got 0.00 (err: 11.00)
  [node-10] margin.right: expected 20.00, got 0.00 (err: 20.00)
  [node-10] margin.left: expected 3.00, got 0.00 (err: 3.00)
  [node-11] x: expected 37.00, got 0.00 (err: 37.00)
  [node-11] y: expected 866.00, got 0.00 (err: 866.00)
  [node-11] width: expected 249.00, got 0.00 (err: 249.00)
  [node-11] height: expected 121.00, got 0.00 (err: 121.00)
  [node-11] borderBoxWidth: expected 281.00, got 0.00 (err: 281.00)
  [node-11] borderBoxHeight: expected 142.00, got 0.00 (err: 142.00)
  [node-11] outerWidth: expected 304.00, got 0.00 (err: 304.00)
  [node-11] outerHeight: expected 143.00, got 0.00 (err: 143.00)
  [node-11] padding.top: expected 6.00, got 0.00 (err: 6.00)
  [node-11] padding.right: expected 13.00, got 0.00 (err: 13.00)
  [node-11] padding.bottom: expected 9.00, got 0.00 (err: 9.00)
  [node-11] padding.left: expected 2.00, got 0.00 (err: 2.00)
  [node-11] border.top: expected 3.00, got 0.00 (err: 3.00)
  [node-11] border.right: expected 8.00, got 0.00 (err: 8.00)
  [node-11] border.bottom: expected 3.00, got 0.00 (err: 3.00)
  [node-11] border.left: expected 9.00, got 0.00 (err: 9.00)
  [node-11] margin.top: expected 1.00, got 0.00 (err: 1.00)
  [node-11] margin.right: expected 13.00, got 0.00 (err: 13.00)
  [node-11] margin.left: expected 10.00, got 0.00 (err: 10.00)

❌ Fixture Failed: tier-1-10012.json (Tier 1, Seed 10012)
   Mean Error for test: 69.9833px
  [root-node] x: expected -19.00, got 0.00 (err: 19.00)
  [root-node] y: expected -9.00, got 0.00 (err: 9.00)
  [root-node] width: expected 149.00, got 0.00 (err: 149.00)
  [root-node] height: expected 260.00, got 0.00 (err: 260.00)
  [root-node] borderBoxWidth: expected 181.00, got 0.00 (err: 181.00)
  [root-node] borderBoxHeight: expected 290.00, got 0.00 (err: 290.00)
  [root-node] outerWidth: expected 200.00, got 0.00 (err: 200.00)
  [root-node] outerHeight: expected 298.00, got 0.00 (err: 298.00)
  [root-node] padding.top: expected 8.00, got 0.00 (err: 8.00)
  [root-node] padding.right: expected 11.00, got 0.00 (err: 11.00)
  [root-node] padding.bottom: expected 13.00, got 0.00 (err: 13.00)
  [root-node] padding.left: expected 12.00, got 0.00 (err: 12.00)
  [root-node] border.top: expected 1.00, got 0.00 (err: 1.00)
  [root-node] border.right: expected 2.00, got 0.00 (err: 2.00)
  [root-node] border.bottom: expected 8.00, got 0.00 (err: 8.00)
  [root-node] border.left: expected 7.00, got 0.00 (err: 7.00)
  [root-node] margin.top: expected 8.00, got 0.00 (err: 8.00)
  [root-node] margin.right: expected 13.00, got 0.00 (err: 13.00)
  [root-node] margin.left: expected 6.00, got 0.00 (err: 6.00)
  [node-2] x: expected 13.00, got 0.00 (err: 13.00)
  [node-2] y: expected 1.00, got 0.00 (err: 1.00)
  [node-2] width: expected 179.00, got 0.00 (err: 179.00)
  [node-2] height: expected 124.00, got 0.00 (err: 124.00)
  [node-2] borderBoxWidth: expected 194.00, got 0.00 (err: 194.00)
  [node-2] borderBoxHeight: expected 141.00, got 0.00 (err: 141.00)
  [node-2] outerWidth: expected 209.00, got 0.00 (err: 209.00)
  [node-2] outerHeight: expected 142.00, got 0.00 (err: 142.00)
  [node-2] padding.top: expected 15.00, got 0.00 (err: 15.00)
  [node-2] padding.right: expected 4.00, got 0.00 (err: 4.00)
  [node-2] padding.left: expected 2.00, got 0.00 (err: 2.00)
  [node-2] border.right: expected 9.00, got 0.00 (err: 9.00)
  [node-2] border.bottom: expected 2.00, got 0.00 (err: 2.00)
  [node-2] margin.top: expected 1.00, got 0.00 (err: 1.00)
  [node-2] margin.right: expected 2.00, got 0.00 (err: 2.00)
  [node-2] margin.left: expected 13.00, got 0.00 (err: 13.00)
  [node-3] x: expected 28.00, got 0.00 (err: 28.00)
  [node-3] y: expected 28.00, got 0.00 (err: 28.00)
  [node-3] width: expected 242.00, got 0.00 (err: 242.00)
  [node-3] height: expected 196.00, got 0.00 (err: 196.00)
  [node-3] borderBoxWidth: expected 268.00, got 0.00 (err: 268.00)
  [node-3] borderBoxHeight: expected 239.00, got 0.00 (err: 239.00)
  [node-3] outerWidth: expected 294.00, got 0.00 (err: 294.00)
  [node-3] outerHeight: expected 251.00, got 0.00 (err: 251.00)
  [node-3] padding.top: expected 4.00, got 0.00 (err: 4.00)
  [node-3] padding.right: expected 9.00, got 0.00 (err: 9.00)
  [node-3] padding.bottom: expected 20.00, got 0.00 (err: 20.00)
  [node-3] padding.left: expected 9.00, got 0.00 (err: 9.00)
  [node-3] border.top: expected 10.00, got 0.00 (err: 10.00)
  [node-3] border.right: expected 5.00, got 0.00 (err: 5.00)
  [node-3] border.bottom: expected 9.00, got 0.00 (err: 9.00)
  [node-3] border.left: expected 3.00, got 0.00 (err: 3.00)
  [node-3] margin.top: expected 12.00, got 0.00 (err: 12.00)
  [node-3] margin.right: expected 13.00, got 0.00 (err: 13.00)
  [node-3] margin.left: expected 13.00, got 0.00 (err: 13.00)

❌ Fixture Failed: tier-1-10013.json (Tier 1, Seed 10013)
   Mean Error for test: 78.9929px
  [root-node] x: expected -21.00, got 0.00 (err: 21.00)
  [root-node] y: expected -11.00, got 0.00 (err: 11.00)
  [root-node] width: expected 159.00, got 0.00 (err: 159.00)
  [root-node] height: expected 218.00, got 0.00 (err: 218.00)
  [root-node] borderBoxWidth: expected 198.00, got 0.00 (err: 198.00)
  [root-node] borderBoxHeight: expected 244.00, got 0.00 (err: 244.00)
  [root-node] outerWidth: expected 214.00, got 0.00 (err: 214.00)
  [root-node] outerHeight: expected 263.00, got 0.00 (err: 263.00)
  [root-node] padding.top: expected 3.00, got 0.00 (err: 3.00)
  [root-node] padding.right: expected 16.00, got 0.00 (err: 16.00)
  [root-node] padding.bottom: expected 12.00, got 0.00 (err: 12.00)
  [root-node] padding.left: expected 13.00, got 0.00 (err: 13.00)
  [root-node] border.top: expected 8.00, got 0.00 (err: 8.00)
  [root-node] border.right: expected 2.00, got 0.00 (err: 2.00)
  [root-node] border.bottom: expected 3.00, got 0.00 (err: 3.00)
  [root-node] border.left: expected 8.00, got 0.00 (err: 8.00)
  [root-node] margin.top: expected 19.00, got 0.00 (err: 19.00)
  [root-node] margin.right: expected 10.00, got 0.00 (err: 10.00)
  [root-node] margin.left: expected 6.00, got 0.00 (err: 6.00)
  [node-2] x: expected 18.00, got 0.00 (err: 18.00)
  [node-2] y: expected 12.00, got 0.00 (err: 12.00)
  [node-2] width: expected 290.00, got 0.00 (err: 290.00)
  [node-2] height: expected 88.00, got 0.00 (err: 88.00)
  [node-2] borderBoxWidth: expected 320.00, got 0.00 (err: 320.00)
  [node-2] borderBoxHeight: expected 118.00, got 0.00 (err: 118.00)
  [node-2] outerWidth: expected 353.00, got 0.00 (err: 353.00)
  [node-2] outerHeight: expected 130.00, got 0.00 (err: 130.00)
  [node-2] padding.top: expected 18.00, got 0.00 (err: 18.00)
  [node-2] padding.right: expected 16.00, got 0.00 (err: 16.00)
  [node-2] padding.bottom: expected 11.00, got 0.00 (err: 11.00)
  [node-2] padding.left: expected 6.00, got 0.00 (err: 6.00)
  [node-2] border.top: expected 1.00, got 0.00 (err: 1.00)
  [node-2] border.right: expected 5.00, got 0.00 (err: 5.00)
  [node-2] border.left: expected 3.00, got 0.00 (err: 3.00)
  [node-2] margin.top: expected 12.00, got 0.00 (err: 12.00)
  [node-2] margin.right: expected 15.00, got 0.00 (err: 15.00)
  [node-2] margin.left: expected 18.00, got 0.00 (err: 18.00)
  [node-3] x: expected 42.00, got 0.00 (err: 42.00)
  [node-3] y: expected 47.00, got 0.00 (err: 47.00)
  [node-3] width: expected 172.00, got 0.00 (err: 172.00)
  [node-3] height: expected 97.00, got 0.00 (err: 97.00)
  [node-3] borderBoxWidth: expected 199.00, got 0.00 (err: 199.00)
  [node-3] borderBoxHeight: expected 119.00, got 0.00 (err: 119.00)
  [node-3] outerWidth: expected 230.00, got 0.00 (err: 230.00)
  [node-3] outerHeight: expected 135.00, got 0.00 (err: 135.00)
  [node-3] padding.top: expected 12.00, got 0.00 (err: 12.00)
  [node-3] padding.right: expected 3.00, got 0.00 (err: 3.00)
  [node-3] padding.bottom: expected 6.00, got 0.00 (err: 6.00)
  [node-3] padding.left: expected 16.00, got 0.00 (err: 16.00)
  [node-3] border.right: expected 2.00, got 0.00 (err: 2.00)
  [node-3] border.bottom: expected 4.00, got 0.00 (err: 4.00)
  [node-3] border.left: expected 6.00, got 0.00 (err: 6.00)
  [node-3] margin.top: expected 16.00, got 0.00 (err: 16.00)
  [node-3] margin.right: expected 16.00, got 0.00 (err: 16.00)
  [node-3] margin.left: expected 15.00, got 0.00 (err: 15.00)
  [node-4] x: expected 47.00, got 0.00 (err: 47.00)
  [node-4] y: expected 168.00, got 0.00 (err: 168.00)
  [node-4] width: expected 116.00, got 0.00 (err: 116.00)
  [node-4] height: expected 230.00, got 0.00 (err: 230.00)
  [node-4] borderBoxWidth: expected 136.00, got 0.00 (err: 136.00)
  [node-4] borderBoxHeight: expected 258.00, got 0.00 (err: 258.00)
  [node-4] outerWidth: expected 168.00, got 0.00 (err: 168.00)
  [node-4] outerHeight: expected 260.00, got 0.00 (err: 260.00)
  [node-4] padding.top: expected 1.00, got 0.00 (err: 1.00)
  [node-4] padding.right: expected 14.00, got 0.00 (err: 14.00)
  [node-4] padding.bottom: expected 19.00, got 0.00 (err: 19.00)
  [node-4] padding.left: expected 2.00, got 0.00 (err: 2.00)
  [node-4] border.top: expected 1.00, got 0.00 (err: 1.00)
  [node-4] border.right: expected 4.00, got 0.00 (err: 4.00)
  [node-4] border.bottom: expected 7.00, got 0.00 (err: 7.00)
  [node-4] margin.top: expected 2.00, got 0.00 (err: 2.00)
  [node-4] margin.right: expected 12.00, got 0.00 (err: 12.00)
  [node-4] margin.left: expected 20.00, got 0.00 (err: 20.00)
  [node-5] x: expected 20.00, got 0.00 (err: 20.00)
  [node-5] y: expected 147.00, got 0.00 (err: 147.00)
  [node-5] width: expected 192.00, got 0.00 (err: 192.00)
  [node-5] height: expected 196.00, got 0.00 (err: 196.00)
  [node-5] borderBoxWidth: expected 218.00, got 0.00 (err: 218.00)
  [node-5] borderBoxHeight: expected 218.00, got 0.00 (err: 218.00)
  [node-5] outerWidth: expected 249.00, got 0.00 (err: 249.00)
  [node-5] outerHeight: expected 235.00, got 0.00 (err: 235.00)
  [node-5] padding.top: expected 8.00, got 0.00 (err: 8.00)
  [node-5] padding.right: expected 3.00, got 0.00 (err: 3.00)
  [node-5] padding.bottom: expected 6.00, got 0.00 (err: 6.00)
  [node-5] padding.left: expected 13.00, got 0.00 (err: 13.00)
  [node-5] border.top: expected 8.00, got 0.00 (err: 8.00)
  [node-5] border.right: expected 6.00, got 0.00 (err: 6.00)
  [node-5] border.left: expected 4.00, got 0.00 (err: 4.00)
  [node-5] margin.top: expected 17.00, got 0.00 (err: 17.00)
  [node-5] margin.right: expected 11.00, got 0.00 (err: 11.00)
  [node-5] margin.left: expected 20.00, got 0.00 (err: 20.00)
  [node-6] x: expected 39.00, got 0.00 (err: 39.00)
  [node-6] y: expected 179.00, got 0.00 (err: 179.00)
  [node-6] width: expected 266.00, got 0.00 (err: 266.00)
  [node-6] height: expected 207.00, got 0.00 (err: 207.00)
  [node-6] borderBoxWidth: expected 307.00, got 0.00 (err: 307.00)
  [node-6] borderBoxHeight: expected 250.00, got 0.00 (err: 250.00)
  [node-6] outerWidth: expected 311.00, got 0.00 (err: 311.00)
  [node-6] outerHeight: expected 266.00, got 0.00 (err: 266.00)
  [node-6] padding.top: expected 13.00, got 0.00 (err: 13.00)
  [node-6] padding.right: expected 10.00, got 0.00 (err: 10.00)
  [node-6] padding.bottom: expected 10.00, got 0.00 (err: 10.00)
  [node-6] padding.left: expected 20.00, got 0.00 (err: 20.00)
  [node-6] border.top: expected 10.00, got 0.00 (err: 10.00)
  [node-6] border.right: expected 8.00, got 0.00 (err: 8.00)
  [node-6] border.bottom: expected 10.00, got 0.00 (err: 10.00)
  [node-6] border.left: expected 3.00, got 0.00 (err: 3.00)
  [node-6] margin.top: expected 16.00, got 0.00 (err: 16.00)
  [node-6] margin.right: expected 2.00, got 0.00 (err: 2.00)
  [node-6] margin.left: expected 2.00, got 0.00 (err: 2.00)
  [node-7] x: expected 41.00, got 0.00 (err: 41.00)
  [node-7] y: expected 436.00, got 0.00 (err: 436.00)
  [node-7] width: expected 209.00, got 0.00 (err: 209.00)
  [node-7] height: expected 251.00, got 0.00 (err: 251.00)
  [node-7] borderBoxWidth: expected 246.00, got 0.00 (err: 246.00)
  [node-7] borderBoxHeight: expected 280.00, got 0.00 (err: 280.00)
  [node-7] outerWidth: expected 259.00, got 0.00 (err: 259.00)
  [node-7] outerHeight: expected 287.00, got 0.00 (err: 287.00)
  [node-7] padding.top: expected 4.00, got 0.00 (err: 4.00)
  [node-7] padding.right: expected 13.00, got 0.00 (err: 13.00)
  [node-7] padding.bottom: expected 14.00, got 0.00 (err: 14.00)
  [node-7] padding.left: expected 13.00, got 0.00 (err: 13.00)
  [node-7] border.top: expected 5.00, got 0.00 (err: 5.00)
  [node-7] border.right: expected 9.00, got 0.00 (err: 9.00)
  [node-7] border.bottom: expected 6.00, got 0.00 (err: 6.00)
  [node-7] border.left: expected 2.00, got 0.00 (err: 2.00)
  [node-7] margin.top: expected 7.00, got 0.00 (err: 7.00)
  [node-7] margin.right: expected 9.00, got 0.00 (err: 9.00)
  [node-7] margin.left: expected 4.00, got 0.00 (err: 4.00)

❌ Fixture Failed: tier-1-10014.json (Tier 1, Seed 10014)
   Mean Error for test: 63.7222px
  [root-node] x: expected -23.00, got 0.00 (err: 23.00)
  [root-node] y: expected -23.00, got 0.00 (err: 23.00)
  [root-node] width: expected 124.00, got 0.00 (err: 124.00)
  [root-node] height: expected 134.00, got 0.00 (err: 134.00)
  [root-node] borderBoxWidth: expected 169.00, got 0.00 (err: 169.00)
  [root-node] borderBoxHeight: expected 177.00, got 0.00 (err: 177.00)
  [root-node] outerWidth: expected 182.00, got 0.00 (err: 182.00)
  [root-node] outerHeight: expected 186.00, got 0.00 (err: 186.00)
  [root-node] padding.top: expected 20.00, got 0.00 (err: 20.00)
  [root-node] padding.right: expected 20.00, got 0.00 (err: 20.00)
  [root-node] padding.bottom: expected 11.00, got 0.00 (err: 11.00)
  [root-node] padding.left: expected 14.00, got 0.00 (err: 14.00)
  [root-node] border.top: expected 3.00, got 0.00 (err: 3.00)
  [root-node] border.right: expected 2.00, got 0.00 (err: 2.00)
  [root-node] border.bottom: expected 9.00, got 0.00 (err: 9.00)
  [root-node] border.left: expected 9.00, got 0.00 (err: 9.00)
  [root-node] margin.top: expected 9.00, got 0.00 (err: 9.00)
  [root-node] margin.right: expected 7.00, got 0.00 (err: 7.00)
  [root-node] margin.left: expected 6.00, got 0.00 (err: 6.00)
  [node-2] x: expected 3.00, got 0.00 (err: 3.00)
  [node-2] y: expected 2.00, got 0.00 (err: 2.00)
  [node-2] width: expected 150.00, got 0.00 (err: 150.00)
  [node-2] height: expected 52.00, got 0.00 (err: 52.00)
  [node-2] borderBoxWidth: expected 173.00, got 0.00 (err: 173.00)
  [node-2] borderBoxHeight: expected 65.00, got 0.00 (err: 65.00)
  [node-2] outerWidth: expected 182.00, got 0.00 (err: 182.00)
  [node-2] outerHeight: expected 67.00, got 0.00 (err: 67.00)
  [node-2] padding.top: expected 1.00, got 0.00 (err: 1.00)
  [node-2] padding.right: expected 7.00, got 0.00 (err: 7.00)
  [node-2] padding.left: expected 10.00, got 0.00 (err: 10.00)
  [node-2] border.top: expected 3.00, got 0.00 (err: 3.00)
  [node-2] border.right: expected 1.00, got 0.00 (err: 1.00)
  [node-2] border.bottom: expected 9.00, got 0.00 (err: 9.00)
  [node-2] border.left: expected 5.00, got 0.00 (err: 5.00)
  [node-2] margin.top: expected 2.00, got 0.00 (err: 2.00)
  [node-2] margin.right: expected 6.00, got 0.00 (err: 6.00)
  [node-2] margin.left: expected 3.00, got 0.00 (err: 3.00)
  [node-3] x: expected 35.00, got 0.00 (err: 35.00)
  [node-3] y: expected 26.00, got 0.00 (err: 26.00)
  [node-3] width: expected 103.00, got 0.00 (err: 103.00)
  [node-3] height: expected 249.00, got 0.00 (err: 249.00)
  [node-3] borderBoxWidth: expected 142.00, got 0.00 (err: 142.00)
  [node-3] borderBoxHeight: expected 292.00, got 0.00 (err: 292.00)
  [node-3] outerWidth: expected 178.00, got 0.00 (err: 178.00)
  [node-3] outerHeight: expected 312.00, got 0.00 (err: 312.00)
  [node-3] padding.top: expected 19.00, got 0.00 (err: 19.00)
  [node-3] padding.right: expected 18.00, got 0.00 (err: 18.00)
  [node-3] padding.bottom: expected 12.00, got 0.00 (err: 12.00)
  [node-3] padding.left: expected 2.00, got 0.00 (err: 2.00)
  [node-3] border.top: expected 2.00, got 0.00 (err: 2.00)
  [node-3] border.right: expected 10.00, got 0.00 (err: 10.00)
  [node-3] border.bottom: expected 10.00, got 0.00 (err: 10.00)
  [node-3] border.left: expected 9.00, got 0.00 (err: 9.00)
  [node-3] margin.top: expected 20.00, got 0.00 (err: 20.00)
  [node-3] margin.right: expected 19.00, got 0.00 (err: 19.00)
  [node-3] margin.left: expected 17.00, got 0.00 (err: 17.00)
  [node-4] x: expected 35.00, got 0.00 (err: 35.00)
  [node-4] y: expected 332.00, got 0.00 (err: 332.00)
  [node-4] width: expected 190.00, got 0.00 (err: 190.00)
  [node-4] height: expected 78.00, got 0.00 (err: 78.00)
  [node-4] borderBoxWidth: expected 216.00, got 0.00 (err: 216.00)
  [node-4] borderBoxHeight: expected 107.00, got 0.00 (err: 107.00)
  [node-4] outerWidth: expected 233.00, got 0.00 (err: 233.00)
  [node-4] outerHeight: expected 121.00, got 0.00 (err: 121.00)
  [node-4] padding.top: expected 7.00, got 0.00 (err: 7.00)
  [node-4] padding.right: expected 9.00, got 0.00 (err: 9.00)
  [node-4] padding.bottom: expected 17.00, got 0.00 (err: 17.00)
  [node-4] padding.left: expected 7.00, got 0.00 (err: 7.00)
  [node-4] border.top: expected 2.00, got 0.00 (err: 2.00)
  [node-4] border.bottom: expected 3.00, got 0.00 (err: 3.00)
  [node-4] border.left: expected 10.00, got 0.00 (err: 10.00)
  [node-4] margin.top: expected 14.00, got 0.00 (err: 14.00)
  [node-4] margin.left: expected 17.00, got 0.00 (err: 17.00)
  [node-5] x: expected 8.00, got 0.00 (err: 8.00)
  [node-5] y: expected 79.00, got 0.00 (err: 79.00)
  [node-5] width: expected 160.00, got 0.00 (err: 160.00)
  [node-5] height: expected 167.00, got 0.00 (err: 167.00)
  [node-5] borderBoxWidth: expected 204.00, got 0.00 (err: 204.00)
  [node-5] borderBoxHeight: expected 197.00, got 0.00 (err: 197.00)
  [node-5] outerWidth: expected 228.00, got 0.00 (err: 228.00)
  [node-5] outerHeight: expected 209.00, got 0.00 (err: 209.00)
  [node-5] padding.top: expected 15.00, got 0.00 (err: 15.00)
  [node-5] padding.right: expected 15.00, got 0.00 (err: 15.00)
  [node-5] padding.bottom: expected 5.00, got 0.00 (err: 5.00)
  [node-5] padding.left: expected 20.00, got 0.00 (err: 20.00)
  [node-5] border.top: expected 4.00, got 0.00 (err: 4.00)
  [node-5] border.right: expected 4.00, got 0.00 (err: 4.00)
  [node-5] border.bottom: expected 6.00, got 0.00 (err: 6.00)
  [node-5] border.left: expected 5.00, got 0.00 (err: 5.00)
  [node-5] margin.top: expected 12.00, got 0.00 (err: 12.00)
  [node-5] margin.right: expected 16.00, got 0.00 (err: 16.00)
  [node-5] margin.left: expected 8.00, got 0.00 (err: 8.00)
  [node-6] x: expected 46.00, got 0.00 (err: 46.00)
  [node-6] y: expected 103.00, got 0.00 (err: 103.00)
  [node-6] width: expected 199.00, got 0.00 (err: 199.00)
  [node-6] height: expected 84.00, got 0.00 (err: 84.00)
  [node-6] borderBoxWidth: expected 224.00, got 0.00 (err: 224.00)
  [node-6] borderBoxHeight: expected 109.00, got 0.00 (err: 109.00)
  [node-6] outerWidth: expected 248.00, got 0.00 (err: 248.00)
  [node-6] outerHeight: expected 114.00, got 0.00 (err: 114.00)
  [node-6] padding.top: expected 18.00, got 0.00 (err: 18.00)
  [node-6] padding.left: expected 15.00, got 0.00 (err: 15.00)
  [node-6] border.bottom: expected 7.00, got 0.00 (err: 7.00)
  [node-6] border.left: expected 10.00, got 0.00 (err: 10.00)
  [node-6] margin.top: expected 5.00, got 0.00 (err: 5.00)
  [node-6] margin.right: expected 11.00, got 0.00 (err: 11.00)
  [node-6] margin.left: expected 13.00, got 0.00 (err: 13.00)
  [node-7] x: expected 35.00, got 0.00 (err: 35.00)
  [node-7] y: expected 222.00, got 0.00 (err: 222.00)
  [node-7] width: expected 207.00, got 0.00 (err: 207.00)
  [node-7] height: expected 165.00, got 0.00 (err: 165.00)
  [node-7] borderBoxWidth: expected 223.00, got 0.00 (err: 223.00)
  [node-7] borderBoxHeight: expected 211.00, got 0.00 (err: 211.00)
  [node-7] outerWidth: expected 230.00, got 0.00 (err: 230.00)
  [node-7] outerHeight: expected 221.00, got 0.00 (err: 221.00)
  [node-7] padding.top: expected 19.00, got 0.00 (err: 19.00)
  [node-7] padding.right: expected 3.00, got 0.00 (err: 3.00)
  [node-7] padding.bottom: expected 13.00, got 0.00 (err: 13.00)
  [node-7] padding.left: expected 4.00, got 0.00 (err: 4.00)
  [node-7] border.top: expected 10.00, got 0.00 (err: 10.00)
  [node-7] border.right: expected 7.00, got 0.00 (err: 7.00)
  [node-7] border.bottom: expected 4.00, got 0.00 (err: 4.00)
  [node-7] border.left: expected 2.00, got 0.00 (err: 2.00)
  [node-7] margin.top: expected 10.00, got 0.00 (err: 10.00)
  [node-7] margin.right: expected 5.00, got 0.00 (err: 5.00)
  [node-7] margin.left: expected 2.00, got 0.00 (err: 2.00)
  [node-8] x: expected 18.00, got 0.00 (err: 18.00)
  [node-8] y: expected 289.00, got 0.00 (err: 289.00)
  [node-8] width: expected 233.00, got 0.00 (err: 233.00)
  [node-8] height: expected 86.00, got 0.00 (err: 86.00)
  [node-8] borderBoxWidth: expected 260.00, got 0.00 (err: 260.00)
  [node-8] borderBoxHeight: expected 136.00, got 0.00 (err: 136.00)
  [node-8] outerWidth: expected 278.00, got 0.00 (err: 278.00)
  [node-8] outerHeight: expected 149.00, got 0.00 (err: 149.00)
  [node-8] padding.top: expected 19.00, got 0.00 (err: 19.00)
  [node-8] padding.right: expected 16.00, got 0.00 (err: 16.00)
  [node-8] padding.bottom: expected 17.00, got 0.00 (err: 17.00)
  [node-8] padding.left: expected 2.00, got 0.00 (err: 2.00)
  [node-8] border.top: expected 4.00, got 0.00 (err: 4.00)
  [node-8] border.right: expected 5.00, got 0.00 (err: 5.00)
  [node-8] border.bottom: expected 10.00, got 0.00 (err: 10.00)
  [node-8] border.left: expected 4.00, got 0.00 (err: 4.00)
  [node-8] margin.top: expected 13.00, got 0.00 (err: 13.00)
  [node-8] margin.left: expected 18.00, got 0.00 (err: 18.00)
  [node-9] x: expected 31.00, got 0.00 (err: 31.00)
  [node-9] y: expected 330.00, got 0.00 (err: 330.00)
  [node-9] width: expected 96.00, got 0.00 (err: 96.00)
  [node-9] height: expected 26.00, got 0.00 (err: 26.00)
  [node-9] borderBoxWidth: expected 130.00, got 0.00 (err: 130.00)
  [node-9] borderBoxHeight: expected 67.00, got 0.00 (err: 67.00)
  [node-9] outerWidth: expected 141.00, got 0.00 (err: 141.00)
  [node-9] outerHeight: expected 85.00, got 0.00 (err: 85.00)
  [node-9] padding.top: expected 19.00, got 0.00 (err: 19.00)
  [node-9] padding.right: expected 14.00, got 0.00 (err: 14.00)
  [node-9] padding.bottom: expected 10.00, got 0.00 (err: 10.00)
  [node-9] padding.left: expected 16.00, got 0.00 (err: 16.00)
  [node-9] border.top: expected 7.00, got 0.00 (err: 7.00)
  [node-9] border.right: expected 2.00, got 0.00 (err: 2.00)
  [node-9] border.bottom: expected 5.00, got 0.00 (err: 5.00)
  [node-9] border.left: expected 2.00, got 0.00 (err: 2.00)
  [node-9] margin.top: expected 18.00, got 0.00 (err: 18.00)
  [node-9] margin.right: expected 4.00, got 0.00 (err: 4.00)
  [node-9] margin.left: expected 7.00, got 0.00 (err: 7.00)

❌ Fixture Failed: tier-1-10015.json (Tier 1, Seed 10015)
   Mean Error for test: 79.8364px
  [root-node] x: expected -26.00, got 0.00 (err: 26.00)
  [root-node] y: expected -25.00, got 0.00 (err: 25.00)
  [root-node] width: expected 147.00, got 0.00 (err: 147.00)
  [root-node] height: expected 96.00, got 0.00 (err: 96.00)
  [root-node] borderBoxWidth: expected 179.00, got 0.00 (err: 179.00)
  [root-node] borderBoxHeight: expected 136.00, got 0.00 (err: 136.00)
  [root-node] outerWidth: expected 188.00, got 0.00 (err: 188.00)
  [root-node] outerHeight: expected 156.00, got 0.00 (err: 156.00)
  [root-node] padding.top: expected 16.00, got 0.00 (err: 16.00)
  [root-node] padding.right: expected 4.00, got 0.00 (err: 4.00)
  [root-node] padding.bottom: expected 10.00, got 0.00 (err: 10.00)
  [root-node] padding.left: expected 16.00, got 0.00 (err: 16.00)
  [root-node] border.top: expected 9.00, got 0.00 (err: 9.00)
  [root-node] border.right: expected 2.00, got 0.00 (err: 2.00)
  [root-node] border.bottom: expected 5.00, got 0.00 (err: 5.00)
  [root-node] border.left: expected 10.00, got 0.00 (err: 10.00)
  [root-node] margin.top: expected 20.00, got 0.00 (err: 20.00)
  [root-node] margin.right: expected 4.00, got 0.00 (err: 4.00)
  [root-node] margin.left: expected 5.00, got 0.00 (err: 5.00)
  [node-2] x: expected 9.00, got 0.00 (err: 9.00)
  [node-2] y: expected 14.00, got 0.00 (err: 14.00)
  [node-2] width: expected 261.00, got 0.00 (err: 261.00)
  [node-2] height: expected 267.00, got 0.00 (err: 267.00)
  [node-2] borderBoxWidth: expected 308.00, got 0.00 (err: 308.00)
  [node-2] borderBoxHeight: expected 294.00, got 0.00 (err: 294.00)
  [node-2] outerWidth: expected 335.00, got 0.00 (err: 335.00)
  [node-2] outerHeight: expected 308.00, got 0.00 (err: 308.00)
  [node-2] padding.top: expected 5.00, got 0.00 (err: 5.00)
  [node-2] padding.right: expected 19.00, got 0.00 (err: 19.00)
  [node-2] padding.bottom: expected 10.00, got 0.00 (err: 10.00)
  [node-2] padding.left: expected 14.00, got 0.00 (err: 14.00)
  [node-2] border.top: expected 5.00, got 0.00 (err: 5.00)
  [node-2] border.right: expected 7.00, got 0.00 (err: 7.00)
  [node-2] border.bottom: expected 7.00, got 0.00 (err: 7.00)
  [node-2] border.left: expected 7.00, got 0.00 (err: 7.00)
  [node-2] margin.top: expected 14.00, got 0.00 (err: 14.00)
  [node-2] margin.right: expected 18.00, got 0.00 (err: 18.00)
  [node-2] margin.left: expected 9.00, got 0.00 (err: 9.00)
  [node-3] x: expected 49.00, got 0.00 (err: 49.00)
  [node-3] y: expected 26.00, got 0.00 (err: 26.00)
  [node-3] width: expected 284.00, got 0.00 (err: 284.00)
  [node-3] height: expected 150.00, got 0.00 (err: 150.00)
  [node-3] borderBoxWidth: expected 311.00, got 0.00 (err: 311.00)
  [node-3] borderBoxHeight: expected 181.00, got 0.00 (err: 181.00)
  [node-3] outerWidth: expected 331.00, got 0.00 (err: 331.00)
  [node-3] outerHeight: expected 183.00, got 0.00 (err: 183.00)
  [node-3] padding.top: expected 5.00, got 0.00 (err: 5.00)
  [node-3] padding.right: expected 12.00, got 0.00 (err: 12.00)
  [node-3] padding.bottom: expected 19.00, got 0.00 (err: 19.00)
  [node-3] padding.left: expected 9.00, got 0.00 (err: 9.00)
  [node-3] border.top: expected 3.00, got 0.00 (err: 3.00)
  [node-3] border.right: expected 6.00, got 0.00 (err: 6.00)
  [node-3] border.bottom: expected 4.00, got 0.00 (err: 4.00)
  [node-3] margin.top: expected 2.00, got 0.00 (err: 2.00)
  [node-3] margin.right: expected 1.00, got 0.00 (err: 1.00)
  [node-3] margin.left: expected 19.00, got 0.00 (err: 19.00)
  [node-4] x: expected 44.00, got 0.00 (err: 44.00)
  [node-4] y: expected 212.00, got 0.00 (err: 212.00)
  [node-4] width: expected 30.00, got 0.00 (err: 30.00)
  [node-4] height: expected 193.00, got 0.00 (err: 193.00)
  [node-4] borderBoxWidth: expected 64.00, got 0.00 (err: 64.00)
  [node-4] borderBoxHeight: expected 235.00, got 0.00 (err: 235.00)
  [node-4] outerWidth: expected 87.00, got 0.00 (err: 87.00)
  [node-4] outerHeight: expected 240.00, got 0.00 (err: 240.00)
  [node-4] padding.top: expected 13.00, got 0.00 (err: 13.00)
  [node-4] padding.right: expected 4.00, got 0.00 (err: 4.00)
  [node-4] padding.bottom: expected 15.00, got 0.00 (err: 15.00)
  [node-4] padding.left: expected 13.00, got 0.00 (err: 13.00)
  [node-4] border.top: expected 4.00, got 0.00 (err: 4.00)
  [node-4] border.right: expected 8.00, got 0.00 (err: 8.00)
  [node-4] border.bottom: expected 10.00, got 0.00 (err: 10.00)
  [node-4] border.left: expected 9.00, got 0.00 (err: 9.00)
  [node-4] margin.top: expected 5.00, got 0.00 (err: 5.00)
  [node-4] margin.right: expected 9.00, got 0.00 (err: 9.00)
  [node-4] margin.left: expected 14.00, got 0.00 (err: 14.00)
  [node-5] x: expected 47.00, got 0.00 (err: 47.00)
  [node-5] y: expected 454.00, got 0.00 (err: 454.00)
  [node-5] width: expected 107.00, got 0.00 (err: 107.00)
  [node-5] height: expected 121.00, got 0.00 (err: 121.00)
  [node-5] borderBoxWidth: expected 128.00, got 0.00 (err: 128.00)
  [node-5] borderBoxHeight: expected 138.00, got 0.00 (err: 138.00)
  [node-5] outerWidth: expected 165.00, got 0.00 (err: 165.00)
  [node-5] outerHeight: expected 145.00, got 0.00 (err: 145.00)
  [node-5] padding.top: expected 1.00, got 0.00 (err: 1.00)
  [node-5] padding.right: expected 6.00, got 0.00 (err: 6.00)
  [node-5] padding.bottom: expected 5.00, got 0.00 (err: 5.00)
  [node-5] padding.left: expected 7.00, got 0.00 (err: 7.00)
  [node-5] border.top: expected 10.00, got 0.00 (err: 10.00)
  [node-5] border.right: expected 2.00, got 0.00 (err: 2.00)
  [node-5] border.bottom: expected 1.00, got 0.00 (err: 1.00)
  [node-5] border.left: expected 6.00, got 0.00 (err: 6.00)
  [node-5] margin.top: expected 7.00, got 0.00 (err: 7.00)
  [node-5] margin.right: expected 20.00, got 0.00 (err: 20.00)
  [node-5] margin.left: expected 17.00, got 0.00 (err: 17.00)
  [node-6] x: expected 9.00, got 0.00 (err: 9.00)
  [node-6] y: expected 318.00, got 0.00 (err: 318.00)
  [node-6] width: expected 248.00, got 0.00 (err: 248.00)
  [node-6] height: expected 132.00, got 0.00 (err: 132.00)
  [node-6] borderBoxWidth: expected 267.00, got 0.00 (err: 267.00)
  [node-6] borderBoxHeight: expected 160.00, got 0.00 (err: 160.00)
  [node-6] outerWidth: expected 290.00, got 0.00 (err: 290.00)
  [node-6] outerHeight: expected 170.00, got 0.00 (err: 170.00)
  [node-6] padding.top: expected 13.00, got 0.00 (err: 13.00)
  [node-6] padding.right: expected 2.00, got 0.00 (err: 2.00)
  [node-6] padding.bottom: expected 11.00, got 0.00 (err: 11.00)
  [node-6] padding.left: expected 12.00, got 0.00 (err: 12.00)
  [node-6] border.top: expected 1.00, got 0.00 (err: 1.00)
  [node-6] border.right: expected 1.00, got 0.00 (err: 1.00)
  [node-6] border.bottom: expected 3.00, got 0.00 (err: 3.00)
  [node-6] border.left: expected 4.00, got 0.00 (err: 4.00)
  [node-6] margin.top: expected 10.00, got 0.00 (err: 10.00)
  [node-6] margin.right: expected 14.00, got 0.00 (err: 14.00)
  [node-6] margin.left: expected 9.00, got 0.00 (err: 9.00)
  [node-7] x: expected 25.00, got 0.00 (err: 25.00)
  [node-7] y: expected 345.00, got 0.00 (err: 345.00)
  [node-7] width: expected 199.00, got 0.00 (err: 199.00)
  [node-7] height: expected 141.00, got 0.00 (err: 141.00)
  [node-7] borderBoxWidth: expected 236.00, got 0.00 (err: 236.00)
  [node-7] borderBoxHeight: expected 171.00, got 0.00 (err: 171.00)
  [node-7] outerWidth: expected 237.00, got 0.00 (err: 237.00)
  [node-7] outerHeight: expected 184.00, got 0.00 (err: 184.00)
  [node-7] padding.top: expected 12.00, got 0.00 (err: 12.00)
  [node-7] padding.right: expected 14.00, got 0.00 (err: 14.00)
  [node-7] padding.bottom: expected 11.00, got 0.00 (err: 11.00)
  [node-7] padding.left: expected 16.00, got 0.00 (err: 16.00)
  [node-7] border.top: expected 5.00, got 0.00 (err: 5.00)
  [node-7] border.right: expected 5.00, got 0.00 (err: 5.00)
  [node-7] border.bottom: expected 2.00, got 0.00 (err: 2.00)
  [node-7] border.left: expected 2.00, got 0.00 (err: 2.00)
  [node-7] margin.top: expected 13.00, got 0.00 (err: 13.00)
  [node-7] margin.right: expected 1.00, got 0.00 (err: 1.00)
  [node-8] x: expected 39.00, got 0.00 (err: 39.00)
  [node-8] y: expected 536.00, got 0.00 (err: 536.00)
  [node-8] width: expected 221.00, got 0.00 (err: 221.00)
  [node-8] height: expected 213.00, got 0.00 (err: 213.00)
  [node-8] borderBoxWidth: expected 259.00, got 0.00 (err: 259.00)
  [node-8] borderBoxHeight: expected 243.00, got 0.00 (err: 243.00)
  [node-8] outerWidth: expected 280.00, got 0.00 (err: 280.00)
  [node-8] outerHeight: expected 263.00, got 0.00 (err: 263.00)
  [node-8] padding.top: expected 18.00, got 0.00 (err: 18.00)
  [node-8] padding.right: expected 16.00, got 0.00 (err: 16.00)
  [node-8] padding.bottom: expected 4.00, got 0.00 (err: 4.00)
  [node-8] padding.left: expected 6.00, got 0.00 (err: 6.00)
  [node-8] border.top: expected 5.00, got 0.00 (err: 5.00)
  [node-8] border.right: expected 6.00, got 0.00 (err: 6.00)
  [node-8] border.bottom: expected 3.00, got 0.00 (err: 3.00)
  [node-8] border.left: expected 10.00, got 0.00 (err: 10.00)
  [node-8] margin.top: expected 20.00, got 0.00 (err: 20.00)
  [node-8] margin.right: expected 7.00, got 0.00 (err: 7.00)
  [node-8] margin.left: expected 14.00, got 0.00 (err: 14.00)
  [node-9] x: expected 4.00, got 0.00 (err: 4.00)
  [node-9] y: expected 494.00, got 0.00 (err: 494.00)
  [node-9] width: expected 69.00, got 0.00 (err: 69.00)
  [node-9] height: expected 86.00, got 0.00 (err: 86.00)
  [node-9] borderBoxWidth: expected 108.00, got 0.00 (err: 108.00)
  [node-9] borderBoxHeight: expected 109.00, got 0.00 (err: 109.00)
  [node-9] outerWidth: expected 130.00, got 0.00 (err: 130.00)
  [node-9] outerHeight: expected 125.00, got 0.00 (err: 125.00)
  [node-9] padding.top: expected 1.00, got 0.00 (err: 1.00)
  [node-9] padding.right: expected 19.00, got 0.00 (err: 19.00)
  [node-9] padding.bottom: expected 15.00, got 0.00 (err: 15.00)
  [node-9] padding.left: expected 2.00, got 0.00 (err: 2.00)
  [node-9] border.top: expected 1.00, got 0.00 (err: 1.00)
  [node-9] border.right: expected 10.00, got 0.00 (err: 10.00)
  [node-9] border.bottom: expected 6.00, got 0.00 (err: 6.00)
  [node-9] border.left: expected 8.00, got 0.00 (err: 8.00)
  [node-9] margin.top: expected 16.00, got 0.00 (err: 16.00)
  [node-9] margin.right: expected 18.00, got 0.00 (err: 18.00)
  [node-9] margin.left: expected 4.00, got 0.00 (err: 4.00)
  [node-10] x: expected 23.00, got 0.00 (err: 23.00)
  [node-10] y: expected 511.00, got 0.00 (err: 511.00)
  [node-10] width: expected 129.00, got 0.00 (err: 129.00)
  [node-10] height: expected 104.00, got 0.00 (err: 104.00)
  [node-10] borderBoxWidth: expected 140.00, got 0.00 (err: 140.00)
  [node-10] borderBoxHeight: expected 126.00, got 0.00 (err: 126.00)
  [node-10] outerWidth: expected 154.00, got 0.00 (err: 154.00)
  [node-10] outerHeight: expected 141.00, got 0.00 (err: 141.00)
  [node-10] padding.top: expected 3.00, got 0.00 (err: 3.00)
  [node-10] padding.right: expected 3.00, got 0.00 (err: 3.00)
  [node-10] padding.bottom: expected 6.00, got 0.00 (err: 6.00)
  [node-10] padding.left: expected 1.00, got 0.00 (err: 1.00)
  [node-10] border.top: expected 5.00, got 0.00 (err: 5.00)
  [node-10] border.right: expected 3.00, got 0.00 (err: 3.00)
  [node-10] border.bottom: expected 8.00, got 0.00 (err: 8.00)
  [node-10] border.left: expected 4.00, got 0.00 (err: 4.00)
  [node-10] margin.top: expected 15.00, got 0.00 (err: 15.00)
  [node-10] margin.right: expected 5.00, got 0.00 (err: 5.00)
  [node-10] margin.left: expected 9.00, got 0.00 (err: 9.00)
  [node-11] x: expected 28.00, got 0.00 (err: 28.00)
  [node-11] y: expected 637.00, got 0.00 (err: 637.00)
  [node-11] width: expected 295.00, got 0.00 (err: 295.00)
  [node-11] height: expected 155.00, got 0.00 (err: 155.00)
  [node-11] borderBoxWidth: expected 342.00, got 0.00 (err: 342.00)
  [node-11] borderBoxHeight: expected 200.00, got 0.00 (err: 200.00)
  [node-11] outerWidth: expected 365.00, got 0.00 (err: 365.00)
  [node-11] outerHeight: expected 200.00, got 0.00 (err: 200.00)
  [node-11] padding.top: expected 12.00, got 0.00 (err: 12.00)
  [node-11] padding.right: expected 12.00, got 0.00 (err: 12.00)
  [node-11] padding.bottom: expected 20.00, got 0.00 (err: 20.00)
  [node-11] padding.left: expected 20.00, got 0.00 (err: 20.00)
  [node-11] border.top: expected 3.00, got 0.00 (err: 3.00)
  [node-11] border.right: expected 5.00, got 0.00 (err: 5.00)
  [node-11] border.bottom: expected 10.00, got 0.00 (err: 10.00)
  [node-11] border.left: expected 10.00, got 0.00 (err: 10.00)
  [node-11] margin.right: expected 9.00, got 0.00 (err: 9.00)
  [node-11] margin.left: expected 14.00, got 0.00 (err: 14.00)

❌ Fixture Failed: tier-1-10016.json (Tier 1, Seed 10016)
   Mean Error for test: 58.7333px
  [root-node] x: expected -17.00, got 0.00 (err: 17.00)
  [root-node] y: expected -16.00, got 0.00 (err: 16.00)
  [root-node] width: expected 189.00, got 0.00 (err: 189.00)
  [root-node] height: expected 95.00, got 0.00 (err: 95.00)
  [root-node] borderBoxWidth: expected 217.00, got 0.00 (err: 217.00)
  [root-node] borderBoxHeight: expected 120.00, got 0.00 (err: 120.00)
  [root-node] outerWidth: expected 223.00, got 0.00 (err: 223.00)
  [root-node] outerHeight: expected 130.00, got 0.00 (err: 130.00)
  [root-node] padding.top: expected 11.00, got 0.00 (err: 11.00)
  [root-node] padding.right: expected 8.00, got 0.00 (err: 8.00)
  [root-node] padding.bottom: expected 9.00, got 0.00 (err: 9.00)
  [root-node] padding.left: expected 17.00, got 0.00 (err: 17.00)
  [root-node] border.top: expected 5.00, got 0.00 (err: 5.00)
  [root-node] border.right: expected 3.00, got 0.00 (err: 3.00)
  [root-node] margin.top: expected 10.00, got 0.00 (err: 10.00)
  [root-node] margin.right: expected 1.00, got 0.00 (err: 1.00)
  [root-node] margin.left: expected 5.00, got 0.00 (err: 5.00)
  [node-2] x: expected 15.00, got 0.00 (err: 15.00)
  [node-2] y: expected 4.00, got 0.00 (err: 4.00)
  [node-2] width: expected 122.00, got 0.00 (err: 122.00)
  [node-2] height: expected 231.00, got 0.00 (err: 231.00)
  [node-2] borderBoxWidth: expected 163.00, got 0.00 (err: 163.00)
  [node-2] borderBoxHeight: expected 271.00, got 0.00 (err: 271.00)
  [node-2] outerWidth: expected 188.00, got 0.00 (err: 188.00)
  [node-2] outerHeight: expected 275.00, got 0.00 (err: 275.00)
  [node-2] padding.top: expected 8.00, got 0.00 (err: 8.00)
  [node-2] padding.right: expected 10.00, got 0.00 (err: 10.00)
  [node-2] padding.bottom: expected 20.00, got 0.00 (err: 20.00)
  [node-2] padding.left: expected 18.00, got 0.00 (err: 18.00)
  [node-2] border.top: expected 7.00, got 0.00 (err: 7.00)
  [node-2] border.right: expected 3.00, got 0.00 (err: 3.00)
  [node-2] border.bottom: expected 5.00, got 0.00 (err: 5.00)
  [node-2] border.left: expected 10.00, got 0.00 (err: 10.00)
  [node-2] margin.top: expected 4.00, got 0.00 (err: 4.00)
  [node-2] margin.right: expected 10.00, got 0.00 (err: 10.00)
  [node-2] margin.left: expected 15.00, got 0.00 (err: 15.00)
  [node-3] x: expected 44.00, got 0.00 (err: 44.00)
  [node-3] y: expected 25.00, got 0.00 (err: 25.00)
  [node-3] width: expected 215.00, got 0.00 (err: 215.00)
  [node-3] height: expected 51.00, got 0.00 (err: 51.00)
  [node-3] borderBoxWidth: expected 243.00, got 0.00 (err: 243.00)
  [node-3] borderBoxHeight: expected 83.00, got 0.00 (err: 83.00)
  [node-3] outerWidth: expected 248.00, got 0.00 (err: 248.00)
  [node-3] outerHeight: expected 89.00, got 0.00 (err: 89.00)
  [node-3] padding.top: expected 13.00, got 0.00 (err: 13.00)
  [node-3] padding.right: expected 6.00, got 0.00 (err: 6.00)
  [node-3] padding.bottom: expected 4.00, got 0.00 (err: 4.00)
  [node-3] padding.left: expected 16.00, got 0.00 (err: 16.00)
  [node-3] border.top: expected 5.00, got 0.00 (err: 5.00)
  [node-3] border.right: expected 3.00, got 0.00 (err: 3.00)
  [node-3] border.bottom: expected 10.00, got 0.00 (err: 10.00)
  [node-3] border.left: expected 3.00, got 0.00 (err: 3.00)
  [node-3] margin.top: expected 6.00, got 0.00 (err: 6.00)
  [node-3] margin.right: expected 4.00, got 0.00 (err: 4.00)
  [node-3] margin.left: expected 1.00, got 0.00 (err: 1.00)

❌ Fixture Failed: tier-1-10017.json (Tier 1, Seed 10017)
   Mean Error for test: 67.1700px
  [root-node] x: expected -20.00, got 0.00 (err: 20.00)
  [root-node] y: expected -7.00, got 0.00 (err: 7.00)
  [root-node] width: expected 163.00, got 0.00 (err: 163.00)
  [root-node] height: expected 33.00, got 0.00 (err: 33.00)
  [root-node] borderBoxWidth: expected 199.00, got 0.00 (err: 199.00)
  [root-node] borderBoxHeight: expected 54.00, got 0.00 (err: 54.00)
  [root-node] outerWidth: expected 222.00, got 0.00 (err: 222.00)
  [root-node] outerHeight: expected 55.00, got 0.00 (err: 55.00)
  [root-node] padding.top: expected 7.00, got 0.00 (err: 7.00)
  [root-node] padding.right: expected 13.00, got 0.00 (err: 13.00)
  [root-node] padding.bottom: expected 8.00, got 0.00 (err: 8.00)
  [root-node] padding.left: expected 18.00, got 0.00 (err: 18.00)
  [root-node] border.right: expected 3.00, got 0.00 (err: 3.00)
  [root-node] border.bottom: expected 6.00, got 0.00 (err: 6.00)
  [root-node] border.left: expected 2.00, got 0.00 (err: 2.00)
  [root-node] margin.top: expected 1.00, got 0.00 (err: 1.00)
  [root-node] margin.right: expected 19.00, got 0.00 (err: 19.00)
  [root-node] margin.left: expected 4.00, got 0.00 (err: 4.00)
  [node-2] x: expected 20.00, got 0.00 (err: 20.00)
  [node-2] y: expected 15.00, got 0.00 (err: 15.00)
  [node-2] width: expected 233.00, got 0.00 (err: 233.00)
  [node-2] height: expected 195.00, got 0.00 (err: 195.00)
  [node-2] borderBoxWidth: expected 247.00, got 0.00 (err: 247.00)
  [node-2] borderBoxHeight: expected 227.00, got 0.00 (err: 227.00)
  [node-2] outerWidth: expected 268.00, got 0.00 (err: 268.00)
  [node-2] outerHeight: expected 242.00, got 0.00 (err: 242.00)
  [node-2] padding.top: expected 12.00, got 0.00 (err: 12.00)
  [node-2] padding.right: expected 2.00, got 0.00 (err: 2.00)
  [node-2] padding.bottom: expected 9.00, got 0.00 (err: 9.00)
  [node-2] padding.left: expected 1.00, got 0.00 (err: 1.00)
  [node-2] border.top: expected 8.00, got 0.00 (err: 8.00)
  [node-2] border.right: expected 10.00, got 0.00 (err: 10.00)
  [node-2] border.bottom: expected 3.00, got 0.00 (err: 3.00)
  [node-2] border.left: expected 1.00, got 0.00 (err: 1.00)
  [node-2] margin.top: expected 15.00, got 0.00 (err: 15.00)
  [node-2] margin.right: expected 1.00, got 0.00 (err: 1.00)
  [node-2] margin.left: expected 20.00, got 0.00 (err: 20.00)
  [node-3] x: expected 25.00, got 0.00 (err: 25.00)
  [node-3] y: expected 45.00, got 0.00 (err: 45.00)
  [node-3] width: expected 127.00, got 0.00 (err: 127.00)
  [node-3] height: expected 162.00, got 0.00 (err: 162.00)
  [node-3] borderBoxWidth: expected 145.00, got 0.00 (err: 145.00)
  [node-3] borderBoxHeight: expected 203.00, got 0.00 (err: 203.00)
  [node-3] outerWidth: expected 155.00, got 0.00 (err: 155.00)
  [node-3] outerHeight: expected 213.00, got 0.00 (err: 213.00)
  [node-3] padding.top: expected 20.00, got 0.00 (err: 20.00)
  [node-3] padding.bottom: expected 10.00, got 0.00 (err: 10.00)
  [node-3] padding.left: expected 2.00, got 0.00 (err: 2.00)
  [node-3] border.top: expected 6.00, got 0.00 (err: 6.00)
  [node-3] border.right: expected 10.00, got 0.00 (err: 10.00)
  [node-3] border.bottom: expected 5.00, got 0.00 (err: 5.00)
  [node-3] border.left: expected 6.00, got 0.00 (err: 6.00)
  [node-3] margin.top: expected 10.00, got 0.00 (err: 10.00)
  [node-3] margin.right: expected 7.00, got 0.00 (err: 7.00)
  [node-3] margin.left: expected 3.00, got 0.00 (err: 3.00)
  [node-4] x: expected 9.00, got 0.00 (err: 9.00)
  [node-4] y: expected 250.00, got 0.00 (err: 250.00)
  [node-4] width: expected 236.00, got 0.00 (err: 236.00)
  [node-4] height: expected 218.00, got 0.00 (err: 218.00)
  [node-4] borderBoxWidth: expected 262.00, got 0.00 (err: 262.00)
  [node-4] borderBoxHeight: expected 239.00, got 0.00 (err: 239.00)
  [node-4] outerWidth: expected 278.00, got 0.00 (err: 278.00)
  [node-4] outerHeight: expected 247.00, got 0.00 (err: 247.00)
  [node-4] padding.top: expected 3.00, got 0.00 (err: 3.00)
  [node-4] padding.right: expected 14.00, got 0.00 (err: 14.00)
  [node-4] padding.bottom: expected 11.00, got 0.00 (err: 11.00)
  [node-4] padding.left: expected 3.00, got 0.00 (err: 3.00)
  [node-4] border.top: expected 6.00, got 0.00 (err: 6.00)
  [node-4] border.right: expected 1.00, got 0.00 (err: 1.00)
  [node-4] border.bottom: expected 1.00, got 0.00 (err: 1.00)
  [node-4] border.left: expected 8.00, got 0.00 (err: 8.00)
  [node-4] margin.top: expected 8.00, got 0.00 (err: 8.00)
  [node-4] margin.right: expected 7.00, got 0.00 (err: 7.00)
  [node-4] margin.left: expected 9.00, got 0.00 (err: 9.00)
  [node-5] x: expected 22.00, got 0.00 (err: 22.00)
  [node-5] y: expected 267.00, got 0.00 (err: 267.00)
  [node-5] width: expected 80.00, got 0.00 (err: 80.00)
  [node-5] height: expected 224.00, got 0.00 (err: 224.00)
  [node-5] borderBoxWidth: expected 106.00, got 0.00 (err: 106.00)
  [node-5] borderBoxHeight: expected 251.00, got 0.00 (err: 251.00)
  [node-5] outerWidth: expected 113.00, got 0.00 (err: 113.00)
  [node-5] outerHeight: expected 259.00, got 0.00 (err: 259.00)
  [node-5] padding.top: expected 10.00, got 0.00 (err: 10.00)
  [node-5] padding.right: expected 4.00, got 0.00 (err: 4.00)
  [node-5] padding.left: expected 18.00, got 0.00 (err: 18.00)
  [node-5] border.top: expected 9.00, got 0.00 (err: 9.00)
  [node-5] border.right: expected 3.00, got 0.00 (err: 3.00)
  [node-5] border.bottom: expected 8.00, got 0.00 (err: 8.00)
  [node-5] border.left: expected 1.00, got 0.00 (err: 1.00)
  [node-5] margin.top: expected 8.00, got 0.00 (err: 8.00)
  [node-5] margin.right: expected 5.00, got 0.00 (err: 5.00)
  [node-5] margin.left: expected 2.00, got 0.00 (err: 2.00)

❌ Fixture Failed: tier-1-10018.json (Tier 1, Seed 10018)
   Mean Error for test: 62.6563px
  [root-node] x: expected -23.00, got 0.00 (err: 23.00)
  [root-node] y: expected -10.00, got 0.00 (err: 10.00)
  [root-node] width: expected 165.00, got 0.00 (err: 165.00)
  [root-node] height: expected 245.00, got 0.00 (err: 245.00)
  [root-node] borderBoxWidth: expected 209.00, got 0.00 (err: 209.00)
  [root-node] borderBoxHeight: expected 263.00, got 0.00 (err: 263.00)
  [root-node] outerWidth: expected 229.00, got 0.00 (err: 229.00)
  [root-node] outerHeight: expected 275.00, got 0.00 (err: 275.00)
  [root-node] padding.top: expected 3.00, got 0.00 (err: 3.00)
  [root-node] padding.right: expected 18.00, got 0.00 (err: 18.00)
  [root-node] padding.bottom: expected 7.00, got 0.00 (err: 7.00)
  [root-node] padding.left: expected 20.00, got 0.00 (err: 20.00)
  [root-node] border.top: expected 7.00, got 0.00 (err: 7.00)
  [root-node] border.right: expected 3.00, got 0.00 (err: 3.00)
  [root-node] border.bottom: expected 1.00, got 0.00 (err: 1.00)
  [root-node] border.left: expected 3.00, got 0.00 (err: 3.00)
  [root-node] margin.top: expected 12.00, got 0.00 (err: 12.00)
  [root-node] margin.right: expected 16.00, got 0.00 (err: 16.00)
  [root-node] margin.left: expected 4.00, got 0.00 (err: 4.00)
  [node-2] x: expected 5.00, got 0.00 (err: 5.00)
  [node-2] y: expected 5.00, got 0.00 (err: 5.00)
  [node-2] width: expected 93.00, got 0.00 (err: 93.00)
  [node-2] height: expected 159.00, got 0.00 (err: 159.00)
  [node-2] borderBoxWidth: expected 120.00, got 0.00 (err: 120.00)
  [node-2] borderBoxHeight: expected 207.00, got 0.00 (err: 207.00)
  [node-2] outerWidth: expected 138.00, got 0.00 (err: 138.00)
  [node-2] outerHeight: expected 212.00, got 0.00 (err: 212.00)
  [node-2] padding.top: expected 16.00, got 0.00 (err: 16.00)
  [node-2] padding.right: expected 14.00, got 0.00 (err: 14.00)
  [node-2] padding.bottom: expected 20.00, got 0.00 (err: 20.00)
  [node-2] padding.left: expected 4.00, got 0.00 (err: 4.00)
  [node-2] border.top: expected 10.00, got 0.00 (err: 10.00)
  [node-2] border.right: expected 6.00, got 0.00 (err: 6.00)
  [node-2] border.bottom: expected 2.00, got 0.00 (err: 2.00)
  [node-2] border.left: expected 3.00, got 0.00 (err: 3.00)
  [node-2] margin.top: expected 5.00, got 0.00 (err: 5.00)
  [node-2] margin.right: expected 13.00, got 0.00 (err: 13.00)
  [node-2] margin.left: expected 5.00, got 0.00 (err: 5.00)
  [node-3] x: expected 17.00, got 0.00 (err: 17.00)
  [node-3] y: expected 44.00, got 0.00 (err: 44.00)
  [node-3] width: expected 37.00, got 0.00 (err: 37.00)
  [node-3] height: expected 63.00, got 0.00 (err: 63.00)
  [node-3] borderBoxWidth: expected 76.00, got 0.00 (err: 76.00)
  [node-3] borderBoxHeight: expected 104.00, got 0.00 (err: 104.00)
  [node-3] outerWidth: expected 92.00, got 0.00 (err: 92.00)
  [node-3] outerHeight: expected 117.00, got 0.00 (err: 117.00)
  [node-3] padding.top: expected 7.00, got 0.00 (err: 7.00)
  [node-3] padding.right: expected 15.00, got 0.00 (err: 15.00)
  [node-3] padding.bottom: expected 17.00, got 0.00 (err: 17.00)
  [node-3] padding.left: expected 8.00, got 0.00 (err: 8.00)
  [node-3] border.top: expected 7.00, got 0.00 (err: 7.00)
  [node-3] border.right: expected 7.00, got 0.00 (err: 7.00)
  [node-3] border.bottom: expected 10.00, got 0.00 (err: 10.00)
  [node-3] border.left: expected 9.00, got 0.00 (err: 9.00)
  [node-3] margin.top: expected 13.00, got 0.00 (err: 13.00)
  [node-3] margin.right: expected 11.00, got 0.00 (err: 11.00)
  [node-3] margin.left: expected 5.00, got 0.00 (err: 5.00)
  [node-4] x: expected 18.00, got 0.00 (err: 18.00)
  [node-4] y: expected 168.00, got 0.00 (err: 168.00)
  [node-4] width: expected 77.00, got 0.00 (err: 77.00)
  [node-4] height: expected 82.00, got 0.00 (err: 82.00)
  [node-4] borderBoxWidth: expected 110.00, got 0.00 (err: 110.00)
  [node-4] borderBoxHeight: expected 116.00, got 0.00 (err: 116.00)
  [node-4] outerWidth: expected 132.00, got 0.00 (err: 132.00)
  [node-4] outerHeight: expected 136.00, got 0.00 (err: 136.00)
  [node-4] padding.top: expected 9.00, got 0.00 (err: 9.00)
  [node-4] padding.right: expected 9.00, got 0.00 (err: 9.00)
  [node-4] padding.bottom: expected 9.00, got 0.00 (err: 9.00)
  [node-4] padding.left: expected 9.00, got 0.00 (err: 9.00)
  [node-4] border.top: expected 8.00, got 0.00 (err: 8.00)
  [node-4] border.right: expected 8.00, got 0.00 (err: 8.00)
  [node-4] border.bottom: expected 8.00, got 0.00 (err: 8.00)
  [node-4] border.left: expected 7.00, got 0.00 (err: 7.00)
  [node-4] margin.top: expected 20.00, got 0.00 (err: 20.00)
  [node-4] margin.right: expected 16.00, got 0.00 (err: 16.00)
  [node-4] margin.left: expected 6.00, got 0.00 (err: 6.00)
  [node-5] x: expected 2.00, got 0.00 (err: 2.00)
  [node-5] y: expected 226.00, got 0.00 (err: 226.00)
  [node-5] width: expected 284.00, got 0.00 (err: 284.00)
  [node-5] height: expected 51.00, got 0.00 (err: 51.00)
  [node-5] borderBoxWidth: expected 308.00, got 0.00 (err: 308.00)
  [node-5] borderBoxHeight: expected 70.00, got 0.00 (err: 70.00)
  [node-5] outerWidth: expected 322.00, got 0.00 (err: 322.00)
  [node-5] outerHeight: expected 84.00, got 0.00 (err: 84.00)
  [node-5] padding.right: expected 1.00, got 0.00 (err: 1.00)
  [node-5] padding.bottom: expected 3.00, got 0.00 (err: 3.00)
  [node-5] padding.left: expected 7.00, got 0.00 (err: 7.00)
  [node-5] border.top: expected 7.00, got 0.00 (err: 7.00)
  [node-5] border.right: expected 7.00, got 0.00 (err: 7.00)
  [node-5] border.bottom: expected 9.00, got 0.00 (err: 9.00)
  [node-5] border.left: expected 9.00, got 0.00 (err: 9.00)
  [node-5] margin.top: expected 14.00, got 0.00 (err: 14.00)
  [node-5] margin.right: expected 12.00, got 0.00 (err: 12.00)
  [node-5] margin.left: expected 2.00, got 0.00 (err: 2.00)
  [node-6] x: expected 32.00, got 0.00 (err: 32.00)
  [node-6] y: expected 233.00, got 0.00 (err: 233.00)
  [node-6] width: expected 181.00, got 0.00 (err: 181.00)
  [node-6] height: expected 94.00, got 0.00 (err: 94.00)
  [node-6] borderBoxWidth: expected 202.00, got 0.00 (err: 202.00)
  [node-6] borderBoxHeight: expected 125.00, got 0.00 (err: 125.00)
  [node-6] outerWidth: expected 220.00, got 0.00 (err: 220.00)
  [node-6] outerHeight: expected 125.00, got 0.00 (err: 125.00)
  [node-6] padding.top: expected 16.00, got 0.00 (err: 16.00)
  [node-6] padding.right: expected 2.00, got 0.00 (err: 2.00)
  [node-6] padding.bottom: expected 6.00, got 0.00 (err: 6.00)
  [node-6] padding.left: expected 17.00, got 0.00 (err: 17.00)
  [node-6] border.top: expected 4.00, got 0.00 (err: 4.00)
  [node-6] border.right: expected 1.00, got 0.00 (err: 1.00)
  [node-6] border.bottom: expected 5.00, got 0.00 (err: 5.00)
  [node-6] border.left: expected 1.00, got 0.00 (err: 1.00)
  [node-6] margin.right: expected 4.00, got 0.00 (err: 4.00)
  [node-6] margin.left: expected 14.00, got 0.00 (err: 14.00)
  [node-7] x: expected 16.00, got 0.00 (err: 16.00)
  [node-7] y: expected 298.00, got 0.00 (err: 298.00)
  [node-7] width: expected 276.00, got 0.00 (err: 276.00)
  [node-7] height: expected 50.00, got 0.00 (err: 50.00)
  [node-7] borderBoxWidth: expected 304.00, got 0.00 (err: 304.00)
  [node-7] borderBoxHeight: expected 76.00, got 0.00 (err: 76.00)
  [node-7] outerWidth: expected 330.00, got 0.00 (err: 330.00)
  [node-7] outerHeight: expected 78.00, got 0.00 (err: 78.00)
  [node-7] padding.top: expected 13.00, got 0.00 (err: 13.00)
  [node-7] padding.right: expected 6.00, got 0.00 (err: 6.00)
  [node-7] padding.bottom: expected 6.00, got 0.00 (err: 6.00)
  [node-7] padding.left: expected 11.00, got 0.00 (err: 11.00)
  [node-7] border.right: expected 9.00, got 0.00 (err: 9.00)
  [node-7] border.bottom: expected 7.00, got 0.00 (err: 7.00)
  [node-7] border.left: expected 2.00, got 0.00 (err: 2.00)
  [node-7] margin.top: expected 2.00, got 0.00 (err: 2.00)
  [node-7] margin.right: expected 10.00, got 0.00 (err: 10.00)
  [node-7] margin.left: expected 16.00, got 0.00 (err: 16.00)
  [node-8] x: expected 42.00, got 0.00 (err: 42.00)
  [node-8] y: expected 318.00, got 0.00 (err: 318.00)
  [node-8] width: expected 151.00, got 0.00 (err: 151.00)
  [node-8] height: expected 177.00, got 0.00 (err: 177.00)
  [node-8] borderBoxWidth: expected 194.00, got 0.00 (err: 194.00)
  [node-8] borderBoxHeight: expected 222.00, got 0.00 (err: 222.00)
  [node-8] outerWidth: expected 212.00, got 0.00 (err: 212.00)
  [node-8] outerHeight: expected 229.00, got 0.00 (err: 229.00)
  [node-8] padding.top: expected 18.00, got 0.00 (err: 18.00)
  [node-8] padding.right: expected 10.00, got 0.00 (err: 10.00)
  [node-8] padding.bottom: expected 19.00, got 0.00 (err: 19.00)
  [node-8] padding.left: expected 20.00, got 0.00 (err: 20.00)
  [node-8] border.top: expected 1.00, got 0.00 (err: 1.00)
  [node-8] border.right: expected 4.00, got 0.00 (err: 4.00)
  [node-8] border.bottom: expected 7.00, got 0.00 (err: 7.00)
  [node-8] border.left: expected 9.00, got 0.00 (err: 9.00)
  [node-8] margin.top: expected 7.00, got 0.00 (err: 7.00)
  [node-8] margin.right: expected 5.00, got 0.00 (err: 5.00)
  [node-8] margin.left: expected 13.00, got 0.00 (err: 13.00)

❌ Fixture Failed: tier-1-10019.json (Tier 1, Seed 10019)
   Mean Error for test: 79.5375px
  [root-node] x: expected -4.00, got 0.00 (err: 4.00)
  [root-node] y: expected -21.00, got 0.00 (err: 21.00)
  [root-node] width: expected 219.00, got 0.00 (err: 219.00)
  [root-node] height: expected 222.00, got 0.00 (err: 222.00)
  [root-node] borderBoxWidth: expected 227.00, got 0.00 (err: 227.00)
  [root-node] borderBoxHeight: expected 257.00, got 0.00 (err: 257.00)
  [root-node] outerWidth: expected 244.00, got 0.00 (err: 244.00)
  [root-node] outerHeight: expected 259.00, got 0.00 (err: 259.00)
  [root-node] padding.top: expected 19.00, got 0.00 (err: 19.00)
  [root-node] padding.right: expected 1.00, got 0.00 (err: 1.00)
  [root-node] padding.bottom: expected 6.00, got 0.00 (err: 6.00)
  [root-node] border.top: expected 2.00, got 0.00 (err: 2.00)
  [root-node] border.right: expected 3.00, got 0.00 (err: 3.00)
  [root-node] border.bottom: expected 8.00, got 0.00 (err: 8.00)
  [root-node] border.left: expected 4.00, got 0.00 (err: 4.00)
  [root-node] margin.top: expected 2.00, got 0.00 (err: 2.00)
  [root-node] margin.right: expected 13.00, got 0.00 (err: 13.00)
  [root-node] margin.left: expected 4.00, got 0.00 (err: 4.00)
  [node-2] x: expected 11.00, got 0.00 (err: 11.00)
  [node-2] y: expected 16.00, got 0.00 (err: 16.00)
  [node-2] width: expected 204.00, got 0.00 (err: 204.00)
  [node-2] height: expected 123.00, got 0.00 (err: 123.00)
  [node-2] borderBoxWidth: expected 223.00, got 0.00 (err: 223.00)
  [node-2] borderBoxHeight: expected 152.00, got 0.00 (err: 152.00)
  [node-2] outerWidth: expected 239.00, got 0.00 (err: 239.00)
  [node-2] outerHeight: expected 168.00, got 0.00 (err: 168.00)
  [node-2] padding.top: expected 19.00, got 0.00 (err: 19.00)
  [node-2] padding.right: expected 5.00, got 0.00 (err: 5.00)
  [node-2] padding.bottom: expected 9.00, got 0.00 (err: 9.00)
  [node-2] padding.left: expected 8.00, got 0.00 (err: 8.00)
  [node-2] border.top: expected 1.00, got 0.00 (err: 1.00)
  [node-2] border.right: expected 1.00, got 0.00 (err: 1.00)
  [node-2] border.left: expected 5.00, got 0.00 (err: 5.00)
  [node-2] margin.top: expected 16.00, got 0.00 (err: 16.00)
  [node-2] margin.right: expected 5.00, got 0.00 (err: 5.00)
  [node-2] margin.left: expected 11.00, got 0.00 (err: 11.00)
  [node-3] x: expected 32.00, got 0.00 (err: 32.00)
  [node-3] y: expected 53.00, got 0.00 (err: 53.00)
  [node-3] width: expected 230.00, got 0.00 (err: 230.00)
  [node-3] height: expected 226.00, got 0.00 (err: 226.00)
  [node-3] borderBoxWidth: expected 257.00, got 0.00 (err: 257.00)
  [node-3] borderBoxHeight: expected 256.00, got 0.00 (err: 256.00)
  [node-3] outerWidth: expected 279.00, got 0.00 (err: 279.00)
  [node-3] outerHeight: expected 273.00, got 0.00 (err: 273.00)
  [node-3] padding.top: expected 14.00, got 0.00 (err: 14.00)
  [node-3] padding.right: expected 9.00, got 0.00 (err: 9.00)
  [node-3] padding.bottom: expected 2.00, got 0.00 (err: 2.00)
  [node-3] padding.left: expected 15.00, got 0.00 (err: 15.00)
  [node-3] border.top: expected 9.00, got 0.00 (err: 9.00)
  [node-3] border.right: expected 3.00, got 0.00 (err: 3.00)
  [node-3] border.bottom: expected 5.00, got 0.00 (err: 5.00)
  [node-3] margin.top: expected 17.00, got 0.00 (err: 17.00)
  [node-3] margin.right: expected 14.00, got 0.00 (err: 14.00)
  [node-3] margin.left: expected 8.00, got 0.00 (err: 8.00)
  [node-4] x: expected 27.00, got 0.00 (err: 27.00)
  [node-4] y: expected 320.00, got 0.00 (err: 320.00)
  [node-4] width: expected 209.00, got 0.00 (err: 209.00)
  [node-4] height: expected 244.00, got 0.00 (err: 244.00)
  [node-4] borderBoxWidth: expected 237.00, got 0.00 (err: 237.00)
  [node-4] borderBoxHeight: expected 278.00, got 0.00 (err: 278.00)
  [node-4] outerWidth: expected 245.00, got 0.00 (err: 245.00)
  [node-4] outerHeight: expected 289.00, got 0.00 (err: 289.00)
  [node-4] padding.top: expected 14.00, got 0.00 (err: 14.00)
  [node-4] padding.right: expected 3.00, got 0.00 (err: 3.00)
  [node-4] padding.bottom: expected 7.00, got 0.00 (err: 7.00)
  [node-4] padding.left: expected 14.00, got 0.00 (err: 14.00)
  [node-4] border.top: expected 9.00, got 0.00 (err: 9.00)
  [node-4] border.right: expected 5.00, got 0.00 (err: 5.00)
  [node-4] border.bottom: expected 4.00, got 0.00 (err: 4.00)
  [node-4] border.left: expected 6.00, got 0.00 (err: 6.00)
  [node-4] margin.top: expected 11.00, got 0.00 (err: 11.00)
  [node-4] margin.right: expected 5.00, got 0.00 (err: 5.00)
  [node-4] margin.left: expected 3.00, got 0.00 (err: 3.00)

❌ Fixture Failed: tier-1-10020.json (Tier 1, Seed 10020)
   Mean Error for test: 73.5333px
  [root-node] x: expected -6.00, got 0.00 (err: 6.00)
  [root-node] y: expected -24.00, got 0.00 (err: 24.00)
  [root-node] width: expected 229.00, got 0.00 (err: 229.00)
  [root-node] height: expected 181.00, got 0.00 (err: 181.00)
  [root-node] borderBoxWidth: expected 244.00, got 0.00 (err: 244.00)
  [root-node] borderBoxHeight: expected 212.00, got 0.00 (err: 212.00)
  [root-node] outerWidth: expected 258.00, got 0.00 (err: 258.00)
  [root-node] outerHeight: expected 225.00, got 0.00 (err: 225.00)
  [root-node] padding.top: expected 15.00, got 0.00 (err: 15.00)
  [root-node] padding.right: expected 6.00, got 0.00 (err: 6.00)
  [root-node] padding.bottom: expected 4.00, got 0.00 (err: 4.00)
  [root-node] padding.left: expected 1.00, got 0.00 (err: 1.00)
  [root-node] border.top: expected 9.00, got 0.00 (err: 9.00)
  [root-node] border.right: expected 3.00, got 0.00 (err: 3.00)
  [root-node] border.bottom: expected 3.00, got 0.00 (err: 3.00)
  [root-node] border.left: expected 5.00, got 0.00 (err: 5.00)
  [root-node] margin.top: expected 13.00, got 0.00 (err: 13.00)
  [root-node] margin.right: expected 11.00, got 0.00 (err: 11.00)
  [root-node] margin.left: expected 3.00, got 0.00 (err: 3.00)
  [node-2] x: expected 17.00, got 0.00 (err: 17.00)
  [node-2] y: expected 6.00, got 0.00 (err: 6.00)
  [node-2] width: expected 65.00, got 0.00 (err: 65.00)
  [node-2] height: expected 87.00, got 0.00 (err: 87.00)
  [node-2] borderBoxWidth: expected 110.00, got 0.00 (err: 110.00)
  [node-2] borderBoxHeight: expected 120.00, got 0.00 (err: 120.00)
  [node-2] outerWidth: expected 144.00, got 0.00 (err: 144.00)
  [node-2] outerHeight: expected 126.00, got 0.00 (err: 126.00)
  [node-2] padding.top: expected 2.00, got 0.00 (err: 2.00)
  [node-2] padding.right: expected 17.00, got 0.00 (err: 17.00)
  [node-2] padding.bottom: expected 19.00, got 0.00 (err: 19.00)
  [node-2] padding.left: expected 12.00, got 0.00 (err: 12.00)
  [node-2] border.top: expected 3.00, got 0.00 (err: 3.00)
  [node-2] border.right: expected 8.00, got 0.00 (err: 8.00)
  [node-2] border.bottom: expected 9.00, got 0.00 (err: 9.00)
  [node-2] border.left: expected 8.00, got 0.00 (err: 8.00)
  [node-2] margin.top: expected 6.00, got 0.00 (err: 6.00)
  [node-2] margin.right: expected 17.00, got 0.00 (err: 17.00)
  [node-2] margin.left: expected 17.00, got 0.00 (err: 17.00)
  [node-3] x: expected 47.00, got 0.00 (err: 47.00)
  [node-3] y: expected 11.00, got 0.00 (err: 11.00)
  [node-3] width: expected 181.00, got 0.00 (err: 181.00)
  [node-3] height: expected 136.00, got 0.00 (err: 136.00)
  [node-3] borderBoxWidth: expected 188.00, got 0.00 (err: 188.00)
  [node-3] borderBoxHeight: expected 156.00, got 0.00 (err: 156.00)
  [node-3] outerWidth: expected 215.00, got 0.00 (err: 215.00)
  [node-3] outerHeight: expected 156.00, got 0.00 (err: 156.00)
  [node-3] padding.top: expected 1.00, got 0.00 (err: 1.00)
  [node-3] padding.right: expected 3.00, got 0.00 (err: 3.00)
  [node-3] padding.bottom: expected 9.00, got 0.00 (err: 9.00)
  [node-3] padding.left: expected 1.00, got 0.00 (err: 1.00)
  [node-3] border.top: expected 10.00, got 0.00 (err: 10.00)
  [node-3] border.left: expected 3.00, got 0.00 (err: 3.00)
  [node-3] margin.right: expected 17.00, got 0.00 (err: 17.00)
  [node-3] margin.left: expected 10.00, got 0.00 (err: 10.00)
  [node-4] x: expected 37.00, got 0.00 (err: 37.00)
  [node-4] y: expected 169.00, got 0.00 (err: 169.00)
  [node-4] width: expected 58.00, got 0.00 (err: 58.00)
  [node-4] height: expected 121.00, got 0.00 (err: 121.00)
  [node-4] borderBoxWidth: expected 103.00, got 0.00 (err: 103.00)
  [node-4] borderBoxHeight: expected 156.00, got 0.00 (err: 156.00)
  [node-4] outerWidth: expected 117.00, got 0.00 (err: 117.00)
  [node-4] outerHeight: expected 158.00, got 0.00 (err: 158.00)
  [node-4] padding.top: expected 20.00, got 0.00 (err: 20.00)
  [node-4] padding.right: expected 19.00, got 0.00 (err: 19.00)
  [node-4] padding.bottom: expected 5.00, got 0.00 (err: 5.00)
  [node-4] padding.left: expected 20.00, got 0.00 (err: 20.00)
  [node-4] border.top: expected 10.00, got 0.00 (err: 10.00)
  [node-4] border.right: expected 1.00, got 0.00 (err: 1.00)
  [node-4] border.left: expected 5.00, got 0.00 (err: 5.00)
  [node-4] margin.top: expected 2.00, got 0.00 (err: 2.00)
  [node-4] margin.right: expected 14.00, got 0.00 (err: 14.00)
  [node-5] x: expected 57.00, got 0.00 (err: 57.00)
  [node-5] y: expected 329.00, got 0.00 (err: 329.00)
  [node-5] width: expected 211.00, got 0.00 (err: 211.00)
  [node-5] height: expected 211.00, got 0.00 (err: 211.00)
  [node-5] borderBoxWidth: expected 220.00, got 0.00 (err: 220.00)
  [node-5] borderBoxHeight: expected 245.00, got 0.00 (err: 245.00)
  [node-5] outerWidth: expected 240.00, got 0.00 (err: 240.00)
  [node-5] outerHeight: expected 249.00, got 0.00 (err: 249.00)
  [node-5] padding.top: expected 13.00, got 0.00 (err: 13.00)
  [node-5] padding.right: expected 5.00, got 0.00 (err: 5.00)
  [node-5] padding.bottom: expected 2.00, got 0.00 (err: 2.00)
  [node-5] padding.left: expected 1.00, got 0.00 (err: 1.00)
  [node-5] border.top: expected 9.00, got 0.00 (err: 9.00)
  [node-5] border.right: expected 3.00, got 0.00 (err: 3.00)
  [node-5] border.bottom: expected 10.00, got 0.00 (err: 10.00)
  [node-5] margin.top: expected 4.00, got 0.00 (err: 4.00)
  [node-5] margin.left: expected 20.00, got 0.00 (err: 20.00)
  [node-6] x: expected 8.00, got 0.00 (err: 8.00)
  [node-6] y: expected 134.00, got 0.00 (err: 134.00)
  [node-6] width: expected 193.00, got 0.00 (err: 193.00)
  [node-6] height: expected 298.00, got 0.00 (err: 298.00)
  [node-6] borderBoxWidth: expected 223.00, got 0.00 (err: 223.00)
  [node-6] borderBoxHeight: expected 320.00, got 0.00 (err: 320.00)
  [node-6] outerWidth: expected 250.00, got 0.00 (err: 250.00)
  [node-6] outerHeight: expected 328.00, got 0.00 (err: 328.00)
  [node-6] padding.top: expected 4.00, got 0.00 (err: 4.00)
  [node-6] padding.right: expected 5.00, got 0.00 (err: 5.00)
  [node-6] padding.bottom: expected 3.00, got 0.00 (err: 3.00)
  [node-6] padding.left: expected 9.00, got 0.00 (err: 9.00)
  [node-6] border.top: expected 7.00, got 0.00 (err: 7.00)
  [node-6] border.right: expected 6.00, got 0.00 (err: 6.00)
  [node-6] border.bottom: expected 8.00, got 0.00 (err: 8.00)
  [node-6] border.left: expected 10.00, got 0.00 (err: 10.00)
  [node-6] margin.top: expected 8.00, got 0.00 (err: 8.00)
  [node-6] margin.right: expected 19.00, got 0.00 (err: 19.00)
  [node-6] margin.left: expected 8.00, got 0.00 (err: 8.00)
  [node-7] x: expected 39.00, got 0.00 (err: 39.00)
  [node-7] y: expected 153.00, got 0.00 (err: 153.00)
  [node-7] width: expected 52.00, got 0.00 (err: 52.00)
  [node-7] height: expected 221.00, got 0.00 (err: 221.00)
  [node-7] borderBoxWidth: expected 81.00, got 0.00 (err: 81.00)
  [node-7] borderBoxHeight: expected 247.00, got 0.00 (err: 247.00)
  [node-7] outerWidth: expected 95.00, got 0.00 (err: 95.00)
  [node-7] outerHeight: expected 255.00, got 0.00 (err: 255.00)
  [node-7] padding.top: expected 20.00, got 0.00 (err: 20.00)
  [node-7] padding.right: expected 7.00, got 0.00 (err: 7.00)
  [node-7] padding.bottom: expected 3.00, got 0.00 (err: 3.00)
  [node-7] padding.left: expected 15.00, got 0.00 (err: 15.00)
  [node-7] border.right: expected 5.00, got 0.00 (err: 5.00)
  [node-7] border.bottom: expected 3.00, got 0.00 (err: 3.00)
  [node-7] border.left: expected 2.00, got 0.00 (err: 2.00)
  [node-7] margin.top: expected 8.00, got 0.00 (err: 8.00)
  [node-7] margin.right: expected 2.00, got 0.00 (err: 2.00)
  [node-7] margin.left: expected 12.00, got 0.00 (err: 12.00)
  [node-8] x: expected 40.00, got 0.00 (err: 40.00)
  [node-8] y: expected 414.00, got 0.00 (err: 414.00)
  [node-8] width: expected 241.00, got 0.00 (err: 241.00)
  [node-8] height: expected 71.00, got 0.00 (err: 71.00)
  [node-8] borderBoxWidth: expected 278.00, got 0.00 (err: 278.00)
  [node-8] borderBoxHeight: expected 98.00, got 0.00 (err: 98.00)
  [node-8] outerWidth: expected 291.00, got 0.00 (err: 291.00)
  [node-8] outerHeight: expected 112.00, got 0.00 (err: 112.00)
  [node-8] padding.top: expected 11.00, got 0.00 (err: 11.00)
  [node-8] padding.right: expected 18.00, got 0.00 (err: 18.00)
  [node-8] padding.bottom: expected 6.00, got 0.00 (err: 6.00)
  [node-8] padding.left: expected 6.00, got 0.00 (err: 6.00)
  [node-8] border.top: expected 8.00, got 0.00 (err: 8.00)
  [node-8] border.right: expected 4.00, got 0.00 (err: 4.00)
  [node-8] border.bottom: expected 2.00, got 0.00 (err: 2.00)
  [node-8] border.left: expected 9.00, got 0.00 (err: 9.00)
  [node-8] margin.top: expected 14.00, got 0.00 (err: 14.00)
  [node-8] margin.left: expected 13.00, got 0.00 (err: 13.00)
  [node-9] x: expected 45.00, got 0.00 (err: 45.00)
  [node-9] y: expected 526.00, got 0.00 (err: 526.00)
  [node-9] width: expected 247.00, got 0.00 (err: 247.00)
  [node-9] height: expected 254.00, got 0.00 (err: 254.00)
  [node-9] borderBoxWidth: expected 274.00, got 0.00 (err: 274.00)
  [node-9] borderBoxHeight: expected 271.00, got 0.00 (err: 271.00)
  [node-9] outerWidth: expected 310.00, got 0.00 (err: 310.00)
  [node-9] outerHeight: expected 285.00, got 0.00 (err: 285.00)
  [node-9] padding.right: expected 17.00, got 0.00 (err: 17.00)
  [node-9] padding.left: expected 4.00, got 0.00 (err: 4.00)
  [node-9] border.top: expected 9.00, got 0.00 (err: 9.00)
  [node-9] border.right: expected 4.00, got 0.00 (err: 4.00)
  [node-9] border.bottom: expected 8.00, got 0.00 (err: 8.00)
  [node-9] border.left: expected 2.00, got 0.00 (err: 2.00)
  [node-9] margin.top: expected 14.00, got 0.00 (err: 14.00)
  [node-9] margin.right: expected 18.00, got 0.00 (err: 18.00)
  [node-9] margin.left: expected 18.00, got 0.00 (err: 18.00)

❌ Fixture Failed: tier-1-10021.json (Tier 1, Seed 10021)
   Mean Error for test: 67.9864px
  [root-node] x: expected -9.00, got 0.00 (err: 9.00)
  [root-node] y: expected -15.00, got 0.00 (err: 15.00)
  [root-node] width: expected 217.00, got 0.00 (err: 217.00)
  [root-node] height: expected 113.00, got 0.00 (err: 113.00)
  [root-node] borderBoxWidth: expected 239.00, got 0.00 (err: 239.00)
  [root-node] borderBoxHeight: expected 140.00, got 0.00 (err: 140.00)
  [root-node] outerWidth: expected 250.00, got 0.00 (err: 250.00)
  [root-node] outerHeight: expected 143.00, got 0.00 (err: 143.00)
  [root-node] padding.top: expected 11.00, got 0.00 (err: 11.00)
  [root-node] padding.right: expected 10.00, got 0.00 (err: 10.00)
  [root-node] padding.bottom: expected 3.00, got 0.00 (err: 3.00)
  [root-node] padding.left: expected 3.00, got 0.00 (err: 3.00)
  [root-node] border.top: expected 4.00, got 0.00 (err: 4.00)
  [root-node] border.right: expected 3.00, got 0.00 (err: 3.00)
  [root-node] border.bottom: expected 9.00, got 0.00 (err: 9.00)
  [root-node] border.left: expected 6.00, got 0.00 (err: 6.00)
  [root-node] margin.top: expected 3.00, got 0.00 (err: 3.00)
  [root-node] margin.right: expected 8.00, got 0.00 (err: 8.00)
  [root-node] margin.left: expected 3.00, got 0.00 (err: 3.00)
  [node-2] x: expected 1.00, got 0.00 (err: 1.00)
  [node-2] y: expected 17.00, got 0.00 (err: 17.00)
  [node-2] width: expected 176.00, got 0.00 (err: 176.00)
  [node-2] height: expected 51.00, got 0.00 (err: 51.00)
  [node-2] borderBoxWidth: expected 214.00, got 0.00 (err: 214.00)
  [node-2] borderBoxHeight: expected 77.00, got 0.00 (err: 77.00)
  [node-2] outerWidth: expected 223.00, got 0.00 (err: 223.00)
  [node-2] outerHeight: expected 94.00, got 0.00 (err: 94.00)
  [node-2] padding.top: expected 6.00, got 0.00 (err: 6.00)
  [node-2] padding.right: expected 8.00, got 0.00 (err: 8.00)
  [node-2] padding.bottom: expected 8.00, got 0.00 (err: 8.00)
  [node-2] padding.left: expected 16.00, got 0.00 (err: 16.00)
  [node-2] border.top: expected 5.00, got 0.00 (err: 5.00)
  [node-2] border.right: expected 4.00, got 0.00 (err: 4.00)
  [node-2] border.bottom: expected 7.00, got 0.00 (err: 7.00)
  [node-2] border.left: expected 10.00, got 0.00 (err: 10.00)
  [node-2] margin.top: expected 17.00, got 0.00 (err: 17.00)
  [node-2] margin.right: expected 8.00, got 0.00 (err: 8.00)
  [node-2] margin.left: expected 1.00, got 0.00 (err: 1.00)
  [node-3] x: expected 39.00, got 0.00 (err: 39.00)
  [node-3] y: expected 32.00, got 0.00 (err: 32.00)
  [node-3] width: expected 79.00, got 0.00 (err: 79.00)
  [node-3] height: expected 27.00, got 0.00 (err: 27.00)
  [node-3] borderBoxWidth: expected 118.00, got 0.00 (err: 118.00)
  [node-3] borderBoxHeight: expected 57.00, got 0.00 (err: 57.00)
  [node-3] outerWidth: expected 150.00, got 0.00 (err: 150.00)
  [node-3] outerHeight: expected 61.00, got 0.00 (err: 61.00)
  [node-3] padding.top: expected 8.00, got 0.00 (err: 8.00)
  [node-3] padding.right: expected 18.00, got 0.00 (err: 18.00)
  [node-3] padding.bottom: expected 15.00, got 0.00 (err: 15.00)
  [node-3] padding.left: expected 8.00, got 0.00 (err: 8.00)
  [node-3] border.top: expected 1.00, got 0.00 (err: 1.00)
  [node-3] border.right: expected 7.00, got 0.00 (err: 7.00)
  [node-3] border.bottom: expected 6.00, got 0.00 (err: 6.00)
  [node-3] border.left: expected 6.00, got 0.00 (err: 6.00)
  [node-3] margin.top: expected 4.00, got 0.00 (err: 4.00)
  [node-3] margin.right: expected 20.00, got 0.00 (err: 20.00)
  [node-3] margin.left: expected 12.00, got 0.00 (err: 12.00)
  [node-4] x: expected 45.00, got 0.00 (err: 45.00)
  [node-4] y: expected 103.00, got 0.00 (err: 103.00)
  [node-4] width: expected 157.00, got 0.00 (err: 157.00)
  [node-4] height: expected 248.00, got 0.00 (err: 248.00)
  [node-4] borderBoxWidth: expected 190.00, got 0.00 (err: 190.00)
  [node-4] borderBoxHeight: expected 262.00, got 0.00 (err: 262.00)
  [node-4] outerWidth: expected 210.00, got 0.00 (err: 210.00)
  [node-4] outerHeight: expected 276.00, got 0.00 (err: 276.00)
  [node-4] padding.top: expected 4.00, got 0.00 (err: 4.00)
  [node-4] padding.right: expected 14.00, got 0.00 (err: 14.00)
  [node-4] padding.bottom: expected 3.00, got 0.00 (err: 3.00)
  [node-4] padding.left: expected 5.00, got 0.00 (err: 5.00)
  [node-4] border.right: expected 9.00, got 0.00 (err: 9.00)
  [node-4] border.bottom: expected 7.00, got 0.00 (err: 7.00)
  [node-4] border.left: expected 5.00, got 0.00 (err: 5.00)
  [node-4] margin.top: expected 14.00, got 0.00 (err: 14.00)
  [node-4] margin.right: expected 2.00, got 0.00 (err: 2.00)
  [node-4] margin.left: expected 18.00, got 0.00 (err: 18.00)
  [node-5] x: expected 35.00, got 0.00 (err: 35.00)
  [node-5] y: expected 385.00, got 0.00 (err: 385.00)
  [node-5] width: expected 188.00, got 0.00 (err: 188.00)
  [node-5] height: expected 216.00, got 0.00 (err: 216.00)
  [node-5] borderBoxWidth: expected 215.00, got 0.00 (err: 215.00)
  [node-5] borderBoxHeight: expected 247.00, got 0.00 (err: 247.00)
  [node-5] outerWidth: expected 227.00, got 0.00 (err: 227.00)
  [node-5] outerHeight: expected 267.00, got 0.00 (err: 267.00)
  [node-5] padding.top: expected 20.00, got 0.00 (err: 20.00)
  [node-5] padding.right: expected 17.00, got 0.00 (err: 17.00)
  [node-5] padding.bottom: expected 2.00, got 0.00 (err: 2.00)
  [node-5] padding.left: expected 8.00, got 0.00 (err: 8.00)
  [node-5] border.top: expected 4.00, got 0.00 (err: 4.00)
  [node-5] border.right: expected 1.00, got 0.00 (err: 1.00)
  [node-5] border.bottom: expected 5.00, got 0.00 (err: 5.00)
  [node-5] border.left: expected 1.00, got 0.00 (err: 1.00)
  [node-5] margin.top: expected 20.00, got 0.00 (err: 20.00)
  [node-5] margin.right: expected 4.00, got 0.00 (err: 4.00)
  [node-5] margin.left: expected 8.00, got 0.00 (err: 8.00)
  [node-6] x: expected 4.00, got 0.00 (err: 4.00)
  [node-6] y: expected 97.00, got 0.00 (err: 97.00)
  [node-6] width: expected 190.00, got 0.00 (err: 190.00)
  [node-6] height: expected 202.00, got 0.00 (err: 202.00)
  [node-6] borderBoxWidth: expected 232.00, got 0.00 (err: 232.00)
  [node-6] borderBoxHeight: expected 231.00, got 0.00 (err: 231.00)
  [node-6] outerWidth: expected 243.00, got 0.00 (err: 243.00)
  [node-6] outerHeight: expected 234.00, got 0.00 (err: 234.00)
  [node-6] padding.top: expected 14.00, got 0.00 (err: 14.00)
  [node-6] padding.right: expected 9.00, got 0.00 (err: 9.00)
  [node-6] padding.bottom: expected 13.00, got 0.00 (err: 13.00)
  [node-6] padding.left: expected 20.00, got 0.00 (err: 20.00)
  [node-6] border.top: expected 2.00, got 0.00 (err: 2.00)
  [node-6] border.right: expected 7.00, got 0.00 (err: 7.00)
  [node-6] border.left: expected 6.00, got 0.00 (err: 6.00)
  [node-6] margin.top: expected 3.00, got 0.00 (err: 3.00)
  [node-6] margin.right: expected 7.00, got 0.00 (err: 7.00)
  [node-6] margin.left: expected 4.00, got 0.00 (err: 4.00)
  [node-7] x: expected 40.00, got 0.00 (err: 40.00)
  [node-7] y: expected 125.00, got 0.00 (err: 125.00)
  [node-7] width: expected 35.00, got 0.00 (err: 35.00)
  [node-7] height: expected 162.00, got 0.00 (err: 162.00)
  [node-7] borderBoxWidth: expected 65.00, got 0.00 (err: 65.00)
  [node-7] borderBoxHeight: expected 181.00, got 0.00 (err: 181.00)
  [node-7] outerWidth: expected 94.00, got 0.00 (err: 94.00)
  [node-7] outerHeight: expected 193.00, got 0.00 (err: 193.00)
  [node-7] padding.top: expected 13.00, got 0.00 (err: 13.00)
  [node-7] padding.right: expected 19.00, got 0.00 (err: 19.00)
  [node-7] padding.bottom: expected 1.00, got 0.00 (err: 1.00)
  [node-7] padding.left: expected 6.00, got 0.00 (err: 6.00)
  [node-7] border.top: expected 5.00, got 0.00 (err: 5.00)
  [node-7] border.right: expected 3.00, got 0.00 (err: 3.00)
  [node-7] border.left: expected 2.00, got 0.00 (err: 2.00)
  [node-7] margin.top: expected 12.00, got 0.00 (err: 12.00)
  [node-7] margin.right: expected 19.00, got 0.00 (err: 19.00)
  [node-7] margin.left: expected 10.00, got 0.00 (err: 10.00)
  [node-8] x: expected 8.00, got 0.00 (err: 8.00)
  [node-8] y: expected 328.00, got 0.00 (err: 328.00)
  [node-8] width: expected 240.00, got 0.00 (err: 240.00)
  [node-8] height: expected 176.00, got 0.00 (err: 176.00)
  [node-8] borderBoxWidth: expected 279.00, got 0.00 (err: 279.00)
  [node-8] borderBoxHeight: expected 215.00, got 0.00 (err: 215.00)
  [node-8] outerWidth: expected 294.00, got 0.00 (err: 294.00)
  [node-8] outerHeight: expected 215.00, got 0.00 (err: 215.00)
  [node-8] padding.top: expected 10.00, got 0.00 (err: 10.00)
  [node-8] padding.right: expected 19.00, got 0.00 (err: 19.00)
  [node-8] padding.bottom: expected 15.00, got 0.00 (err: 15.00)
  [node-8] padding.left: expected 10.00, got 0.00 (err: 10.00)
  [node-8] border.top: expected 8.00, got 0.00 (err: 8.00)
  [node-8] border.right: expected 6.00, got 0.00 (err: 6.00)
  [node-8] border.bottom: expected 6.00, got 0.00 (err: 6.00)
  [node-8] border.left: expected 4.00, got 0.00 (err: 4.00)
  [node-8] margin.right: expected 7.00, got 0.00 (err: 7.00)
  [node-8] margin.left: expected 8.00, got 0.00 (err: 8.00)
  [node-9] x: expected 33.00, got 0.00 (err: 33.00)
  [node-9] y: expected 364.00, got 0.00 (err: 364.00)
  [node-9] width: expected 210.00, got 0.00 (err: 210.00)
  [node-9] height: expected 12.00, got 0.00 (err: 12.00)
  [node-9] borderBoxWidth: expected 232.00, got 0.00 (err: 232.00)
  [node-9] borderBoxHeight: expected 59.00, got 0.00 (err: 59.00)
  [node-9] outerWidth: expected 248.00, got 0.00 (err: 248.00)
  [node-9] outerHeight: expected 77.00, got 0.00 (err: 77.00)
  [node-9] padding.top: expected 16.00, got 0.00 (err: 16.00)
  [node-9] padding.right: expected 1.00, got 0.00 (err: 1.00)
  [node-9] padding.bottom: expected 17.00, got 0.00 (err: 17.00)
  [node-9] padding.left: expected 14.00, got 0.00 (err: 14.00)
  [node-9] border.top: expected 8.00, got 0.00 (err: 8.00)
  [node-9] border.right: expected 1.00, got 0.00 (err: 1.00)
  [node-9] border.bottom: expected 6.00, got 0.00 (err: 6.00)
  [node-9] border.left: expected 6.00, got 0.00 (err: 6.00)
  [node-9] margin.top: expected 18.00, got 0.00 (err: 18.00)
  [node-9] margin.right: expected 5.00, got 0.00 (err: 5.00)
  [node-9] margin.left: expected 11.00, got 0.00 (err: 11.00)
  [node-10] x: expected 41.00, got 0.00 (err: 41.00)
  [node-10] y: expected 434.00, got 0.00 (err: 434.00)
  [node-10] width: expected 92.00, got 0.00 (err: 92.00)
  [node-10] height: expected 110.00, got 0.00 (err: 110.00)
  [node-10] borderBoxWidth: expected 122.00, got 0.00 (err: 122.00)
  [node-10] borderBoxHeight: expected 147.00, got 0.00 (err: 147.00)
  [node-10] outerWidth: expected 143.00, got 0.00 (err: 143.00)
  [node-10] outerHeight: expected 158.00, got 0.00 (err: 158.00)
  [node-10] padding.top: expected 12.00, got 0.00 (err: 12.00)
  [node-10] padding.right: expected 2.00, got 0.00 (err: 2.00)
  [node-10] padding.bottom: expected 8.00, got 0.00 (err: 8.00)
  [node-10] padding.left: expected 15.00, got 0.00 (err: 15.00)
  [node-10] border.top: expected 10.00, got 0.00 (err: 10.00)
  [node-10] border.right: expected 10.00, got 0.00 (err: 10.00)
  [node-10] border.bottom: expected 7.00, got 0.00 (err: 7.00)
  [node-10] border.left: expected 3.00, got 0.00 (err: 3.00)
  [node-10] margin.top: expected 11.00, got 0.00 (err: 11.00)
  [node-10] margin.right: expected 2.00, got 0.00 (err: 2.00)
  [node-10] margin.left: expected 19.00, got 0.00 (err: 19.00)
  [node-11] x: expected 41.00, got 0.00 (err: 41.00)
  [node-11] y: expected 590.00, got 0.00 (err: 590.00)
  [node-11] width: expected 104.00, got 0.00 (err: 104.00)
  [node-11] height: expected 180.00, got 0.00 (err: 180.00)
  [node-11] borderBoxWidth: expected 115.00, got 0.00 (err: 115.00)
  [node-11] borderBoxHeight: expected 206.00, got 0.00 (err: 206.00)
  [node-11] outerWidth: expected 149.00, got 0.00 (err: 149.00)
  [node-11] outerHeight: expected 215.00, got 0.00 (err: 215.00)
  [node-11] padding.top: expected 9.00, got 0.00 (err: 9.00)
  [node-11] padding.bottom: expected 5.00, got 0.00 (err: 5.00)
  [node-11] padding.left: expected 5.00, got 0.00 (err: 5.00)
  [node-11] border.top: expected 3.00, got 0.00 (err: 3.00)
  [node-11] border.bottom: expected 9.00, got 0.00 (err: 9.00)
  [node-11] border.left: expected 6.00, got 0.00 (err: 6.00)
  [node-11] margin.top: expected 9.00, got 0.00 (err: 9.00)
  [node-11] margin.right: expected 15.00, got 0.00 (err: 15.00)
  [node-11] margin.left: expected 19.00, got 0.00 (err: 19.00)

❌ Fixture Failed: tier-1-10022.json (Tier 1, Seed 10022)
   Mean Error for test: 80.0833px
  [root-node] x: expected -12.00, got 0.00 (err: 12.00)
  [root-node] y: expected -17.00, got 0.00 (err: 17.00)
  [root-node] width: expected 249.00, got 0.00 (err: 249.00)
  [root-node] height: expected 99.00, got 0.00 (err: 99.00)
  [root-node] borderBoxWidth: expected 280.00, got 0.00 (err: 280.00)
  [root-node] borderBoxHeight: expected 123.00, got 0.00 (err: 123.00)
  [root-node] outerWidth: expected 287.00, got 0.00 (err: 287.00)
  [root-node] outerHeight: expected 137.00, got 0.00 (err: 137.00)
  [root-node] padding.top: expected 7.00, got 0.00 (err: 7.00)
  [root-node] padding.right: expected 15.00, got 0.00 (err: 15.00)
  [root-node] padding.bottom: expected 2.00, got 0.00 (err: 2.00)
  [root-node] padding.left: expected 4.00, got 0.00 (err: 4.00)
  [root-node] border.top: expected 10.00, got 0.00 (err: 10.00)
  [root-node] border.right: expected 4.00, got 0.00 (err: 4.00)
  [root-node] border.bottom: expected 5.00, got 0.00 (err: 5.00)
  [root-node] border.left: expected 8.00, got 0.00 (err: 8.00)
  [root-node] margin.top: expected 14.00, got 0.00 (err: 14.00)
  [root-node] margin.right: expected 5.00, got 0.00 (err: 5.00)
  [root-node] margin.left: expected 2.00, got 0.00 (err: 2.00)
  [node-2] x: expected 7.00, got 0.00 (err: 7.00)
  [node-2] y: expected 7.00, got 0.00 (err: 7.00)
  [node-2] width: expected 287.00, got 0.00 (err: 287.00)
  [node-2] height: expected 266.00, got 0.00 (err: 266.00)
  [node-2] borderBoxWidth: expected 308.00, got 0.00 (err: 308.00)
  [node-2] borderBoxHeight: expected 304.00, got 0.00 (err: 304.00)
  [node-2] outerWidth: expected 315.00, got 0.00 (err: 315.00)
  [node-2] outerHeight: expected 311.00, got 0.00 (err: 311.00)
  [node-2] padding.top: expected 9.00, got 0.00 (err: 9.00)
  [node-2] padding.bottom: expected 18.00, got 0.00 (err: 18.00)
  [node-2] padding.left: expected 20.00, got 0.00 (err: 20.00)
  [node-2] border.top: expected 6.00, got 0.00 (err: 6.00)
  [node-2] border.bottom: expected 5.00, got 0.00 (err: 5.00)
  [node-2] border.left: expected 1.00, got 0.00 (err: 1.00)
  [node-2] margin.top: expected 7.00, got 0.00 (err: 7.00)
  [node-2] margin.left: expected 7.00, got 0.00 (err: 7.00)
  [node-3] x: expected 43.00, got 0.00 (err: 43.00)
  [node-3] y: expected 29.00, got 0.00 (err: 29.00)
  [node-3] width: expected 260.00, got 0.00 (err: 260.00)
  [node-3] height: expected 190.00, got 0.00 (err: 190.00)
  [node-3] borderBoxWidth: expected 300.00, got 0.00 (err: 300.00)
  [node-3] borderBoxHeight: expected 209.00, got 0.00 (err: 209.00)
  [node-3] outerWidth: expected 317.00, got 0.00 (err: 317.00)
  [node-3] outerHeight: expected 216.00, got 0.00 (err: 216.00)
  [node-3] padding.top: expected 16.00, got 0.00 (err: 16.00)
  [node-3] padding.right: expected 12.00, got 0.00 (err: 12.00)
  [node-3] padding.bottom: expected 1.00, got 0.00 (err: 1.00)
  [node-3] padding.left: expected 15.00, got 0.00 (err: 15.00)
  [node-3] border.top: expected 2.00, got 0.00 (err: 2.00)
  [node-3] border.right: expected 4.00, got 0.00 (err: 4.00)
  [node-3] border.left: expected 9.00, got 0.00 (err: 9.00)
  [node-3] margin.top: expected 7.00, got 0.00 (err: 7.00)
  [node-3] margin.right: expected 2.00, got 0.00 (err: 2.00)
  [node-3] margin.left: expected 15.00, got 0.00 (err: 15.00)

❌ Fixture Failed: tier-1-10023.json (Tier 1, Seed 10023)
   Mean Error for test: 65.8833px
  [root-node] x: expected -14.00, got 0.00 (err: 14.00)
  [root-node] y: expected -8.00, got 0.00 (err: 8.00)
  [root-node] width: expected 259.00, got 0.00 (err: 259.00)
  [root-node] height: expected 57.00, got 0.00 (err: 57.00)
  [root-node] borderBoxWidth: expected 296.00, got 0.00 (err: 296.00)
  [root-node] borderBoxHeight: expected 66.00, got 0.00 (err: 66.00)
  [root-node] outerWidth: expected 300.00, got 0.00 (err: 300.00)
  [root-node] outerHeight: expected 70.00, got 0.00 (err: 70.00)
  [root-node] padding.top: expected 2.00, got 0.00 (err: 2.00)
  [root-node] padding.right: expected 19.00, got 0.00 (err: 19.00)
  [root-node] padding.bottom: expected 1.00, got 0.00 (err: 1.00)
  [root-node] padding.left: expected 5.00, got 0.00 (err: 5.00)
  [root-node] border.top: expected 6.00, got 0.00 (err: 6.00)
  [root-node] border.right: expected 4.00, got 0.00 (err: 4.00)
  [root-node] border.left: expected 9.00, got 0.00 (err: 9.00)
  [root-node] margin.top: expected 4.00, got 0.00 (err: 4.00)
  [root-node] margin.right: expected 2.00, got 0.00 (err: 2.00)
  [root-node] margin.left: expected 2.00, got 0.00 (err: 2.00)
  [node-2] x: expected 13.00, got 0.00 (err: 13.00)
  [node-2] y: expected 18.00, got 0.00 (err: 18.00)
  [node-2] width: expected 147.00, got 0.00 (err: 147.00)
  [node-2] height: expected 230.00, got 0.00 (err: 230.00)
  [node-2] borderBoxWidth: expected 172.00, got 0.00 (err: 172.00)
  [node-2] borderBoxHeight: expected 261.00, got 0.00 (err: 261.00)
  [node-2] outerWidth: expected 197.00, got 0.00 (err: 197.00)
  [node-2] outerHeight: expected 279.00, got 0.00 (err: 279.00)
  [node-2] padding.top: expected 13.00, got 0.00 (err: 13.00)
  [node-2] padding.right: expected 12.00, got 0.00 (err: 12.00)
  [node-2] padding.bottom: expected 7.00, got 0.00 (err: 7.00)
  [node-2] padding.left: expected 3.00, got 0.00 (err: 3.00)
  [node-2] border.top: expected 8.00, got 0.00 (err: 8.00)
  [node-2] border.right: expected 7.00, got 0.00 (err: 7.00)
  [node-2] border.bottom: expected 3.00, got 0.00 (err: 3.00)
  [node-2] border.left: expected 3.00, got 0.00 (err: 3.00)
  [node-2] margin.top: expected 18.00, got 0.00 (err: 18.00)
  [node-2] margin.right: expected 12.00, got 0.00 (err: 12.00)
  [node-2] margin.left: expected 13.00, got 0.00 (err: 13.00)
  [node-3] x: expected 36.00, got 0.00 (err: 36.00)
  [node-3] y: expected 50.00, got 0.00 (err: 50.00)
  [node-3] width: expected 230.00, got 0.00 (err: 230.00)
  [node-3] height: expected 110.00, got 0.00 (err: 110.00)
  [node-3] borderBoxWidth: expected 237.00, got 0.00 (err: 237.00)
  [node-3] borderBoxHeight: expected 129.00, got 0.00 (err: 129.00)
  [node-3] outerWidth: expected 259.00, got 0.00 (err: 259.00)
  [node-3] outerHeight: expected 140.00, got 0.00 (err: 140.00)
  [node-3] padding.top: expected 2.00, got 0.00 (err: 2.00)
  [node-3] padding.right: expected 6.00, got 0.00 (err: 6.00)
  [node-3] padding.bottom: expected 7.00, got 0.00 (err: 7.00)
  [node-3] padding.left: expected 1.00, got 0.00 (err: 1.00)
  [node-3] border.top: expected 4.00, got 0.00 (err: 4.00)
  [node-3] border.bottom: expected 6.00, got 0.00 (err: 6.00)
  [node-3] margin.top: expected 11.00, got 0.00 (err: 11.00)
  [node-3] margin.right: expected 5.00, got 0.00 (err: 5.00)
  [node-3] margin.left: expected 17.00, got 0.00 (err: 17.00)
  [node-4] x: expected 32.00, got 0.00 (err: 32.00)
  [node-4] y: expected 196.00, got 0.00 (err: 196.00)
  [node-4] width: expected 104.00, got 0.00 (err: 104.00)
  [node-4] height: expected 253.00, got 0.00 (err: 253.00)
  [node-4] borderBoxWidth: expected 128.00, got 0.00 (err: 128.00)
  [node-4] borderBoxHeight: expected 302.00, got 0.00 (err: 302.00)
  [node-4] outerWidth: expected 141.00, got 0.00 (err: 141.00)
  [node-4] outerHeight: expected 319.00, got 0.00 (err: 319.00)
  [node-4] padding.top: expected 16.00, got 0.00 (err: 16.00)
  [node-4] padding.right: expected 3.00, got 0.00 (err: 3.00)
  [node-4] padding.bottom: expected 20.00, got 0.00 (err: 20.00)
  [node-4] padding.left: expected 16.00, got 0.00 (err: 16.00)
  [node-4] border.top: expected 3.00, got 0.00 (err: 3.00)
  [node-4] border.right: expected 2.00, got 0.00 (err: 2.00)
  [node-4] border.bottom: expected 10.00, got 0.00 (err: 10.00)
  [node-4] border.left: expected 3.00, got 0.00 (err: 3.00)
  [node-4] margin.top: expected 17.00, got 0.00 (err: 17.00)
  [node-4] margin.left: expected 13.00, got 0.00 (err: 13.00)
  [node-5] x: expected 5.00, got 0.00 (err: 5.00)
  [node-5] y: expected 289.00, got 0.00 (err: 289.00)
  [node-5] width: expected 111.00, got 0.00 (err: 111.00)
  [node-5] height: expected 133.00, got 0.00 (err: 133.00)
  [node-5] borderBoxWidth: expected 124.00, got 0.00 (err: 124.00)
  [node-5] borderBoxHeight: expected 158.00, got 0.00 (err: 158.00)
  [node-5] outerWidth: expected 142.00, got 0.00 (err: 142.00)
  [node-5] outerHeight: expected 168.00, got 0.00 (err: 168.00)
  [node-5] padding.top: expected 12.00, got 0.00 (err: 12.00)
  [node-5] padding.bottom: expected 1.00, got 0.00 (err: 1.00)
  [node-5] padding.left: expected 2.00, got 0.00 (err: 2.00)
  [node-5] border.top: expected 6.00, got 0.00 (err: 6.00)
  [node-5] border.right: expected 8.00, got 0.00 (err: 8.00)
  [node-5] border.bottom: expected 6.00, got 0.00 (err: 6.00)
  [node-5] border.left: expected 3.00, got 0.00 (err: 3.00)
  [node-5] margin.top: expected 10.00, got 0.00 (err: 10.00)
  [node-5] margin.right: expected 13.00, got 0.00 (err: 13.00)
  [node-5] margin.left: expected 5.00, got 0.00 (err: 5.00)
  [node-6] x: expected 14.00, got 0.00 (err: 14.00)
  [node-6] y: expected 311.00, got 0.00 (err: 311.00)
  [node-6] width: expected 53.00, got 0.00 (err: 53.00)
  [node-6] height: expected 202.00, got 0.00 (err: 202.00)
  [node-6] borderBoxWidth: expected 97.00, got 0.00 (err: 97.00)
  [node-6] borderBoxHeight: expected 232.00, got 0.00 (err: 232.00)
  [node-6] outerWidth: expected 108.00, got 0.00 (err: 108.00)
  [node-6] outerHeight: expected 236.00, got 0.00 (err: 236.00)
  [node-6] padding.top: expected 19.00, got 0.00 (err: 19.00)
  [node-6] padding.right: expected 14.00, got 0.00 (err: 14.00)
  [node-6] padding.bottom: expected 2.00, got 0.00 (err: 2.00)
  [node-6] padding.left: expected 14.00, got 0.00 (err: 14.00)
  [node-6] border.top: expected 9.00, got 0.00 (err: 9.00)
  [node-6] border.right: expected 6.00, got 0.00 (err: 6.00)
  [node-6] border.left: expected 10.00, got 0.00 (err: 10.00)
  [node-6] margin.top: expected 4.00, got 0.00 (err: 4.00)
  [node-6] margin.right: expected 7.00, got 0.00 (err: 7.00)
  [node-6] margin.left: expected 4.00, got 0.00 (err: 4.00)

❌ Fixture Failed: tier-1-10024.json (Tier 1, Seed 10024)
   Mean Error for test: 70.4125px
  [root-node] x: expected -17.00, got 0.00 (err: 17.00)
  [root-node] y: expected -20.00, got 0.00 (err: 20.00)
  [root-node] width: expected 245.00, got 0.00 (err: 245.00)
  [root-node] height: expected 241.00, got 0.00 (err: 241.00)
  [root-node] borderBoxWidth: expected 269.00, got 0.00 (err: 269.00)
  [root-node] borderBoxHeight: expected 267.00, got 0.00 (err: 267.00)
  [root-node] outerWidth: expected 291.00, got 0.00 (err: 291.00)
  [root-node] outerHeight: expected 282.00, got 0.00 (err: 282.00)
  [root-node] padding.top: expected 19.00, got 0.00 (err: 19.00)
  [root-node] padding.right: expected 3.00, got 0.00 (err: 3.00)
  [root-node] padding.left: expected 7.00, got 0.00 (err: 7.00)
  [root-node] border.top: expected 1.00, got 0.00 (err: 1.00)
  [root-node] border.right: expected 4.00, got 0.00 (err: 4.00)
  [root-node] border.bottom: expected 6.00, got 0.00 (err: 6.00)
  [root-node] border.left: expected 10.00, got 0.00 (err: 10.00)
  [root-node] margin.top: expected 15.00, got 0.00 (err: 15.00)
  [root-node] margin.right: expected 20.00, got 0.00 (err: 20.00)
  [root-node] margin.left: expected 2.00, got 0.00 (err: 2.00)
  [node-2] x: expected 19.00, got 0.00 (err: 19.00)
  [node-2] y: expected 8.00, got 0.00 (err: 8.00)
  [node-2] width: expected 242.00, got 0.00 (err: 242.00)
  [node-2] height: expected 148.00, got 0.00 (err: 148.00)
  [node-2] borderBoxWidth: expected 259.00, got 0.00 (err: 259.00)
  [node-2] borderBoxHeight: expected 194.00, got 0.00 (err: 194.00)
  [node-2] outerWidth: expected 281.00, got 0.00 (err: 281.00)
  [node-2] outerHeight: expected 202.00, got 0.00 (err: 202.00)
  [node-2] padding.top: expected 17.00, got 0.00 (err: 17.00)
  [node-2] padding.right: expected 3.00, got 0.00 (err: 3.00)
  [node-2] padding.bottom: expected 18.00, got 0.00 (err: 18.00)
  [node-2] padding.left: expected 6.00, got 0.00 (err: 6.00)
  [node-2] border.top: expected 10.00, got 0.00 (err: 10.00)
  [node-2] border.right: expected 2.00, got 0.00 (err: 2.00)
  [node-2] border.bottom: expected 1.00, got 0.00 (err: 1.00)
  [node-2] border.left: expected 6.00, got 0.00 (err: 6.00)
  [node-2] margin.top: expected 8.00, got 0.00 (err: 8.00)
  [node-2] margin.right: expected 3.00, got 0.00 (err: 3.00)
  [node-2] margin.left: expected 19.00, got 0.00 (err: 19.00)
  [node-3] x: expected 50.00, got 0.00 (err: 50.00)
  [node-3] y: expected 50.00, got 0.00 (err: 50.00)
  [node-3] width: expected 161.00, got 0.00 (err: 161.00)
  [node-3] height: expected 262.00, got 0.00 (err: 262.00)
  [node-3] borderBoxWidth: expected 180.00, got 0.00 (err: 180.00)
  [node-3] borderBoxHeight: expected 292.00, got 0.00 (err: 292.00)
  [node-3] outerWidth: expected 207.00, got 0.00 (err: 207.00)
  [node-3] outerHeight: expected 307.00, got 0.00 (err: 307.00)
  [node-3] padding.top: expected 10.00, got 0.00 (err: 10.00)
  [node-3] padding.bottom: expected 14.00, got 0.00 (err: 14.00)
  [node-3] padding.left: expected 8.00, got 0.00 (err: 8.00)
  [node-3] border.top: expected 5.00, got 0.00 (err: 5.00)
  [node-3] border.right: expected 8.00, got 0.00 (err: 8.00)
  [node-3] border.bottom: expected 1.00, got 0.00 (err: 1.00)
  [node-3] border.left: expected 3.00, got 0.00 (err: 3.00)
  [node-3] margin.top: expected 15.00, got 0.00 (err: 15.00)
  [node-3] margin.right: expected 8.00, got 0.00 (err: 8.00)
  [node-3] margin.left: expected 19.00, got 0.00 (err: 19.00)
  [node-4] x: expected 41.00, got 0.00 (err: 41.00)
  [node-4] y: expected 350.00, got 0.00 (err: 350.00)
  [node-4] width: expected 173.00, got 0.00 (err: 173.00)
  [node-4] height: expected 102.00, got 0.00 (err: 102.00)
  [node-4] borderBoxWidth: expected 203.00, got 0.00 (err: 203.00)
  [node-4] borderBoxHeight: expected 130.00, got 0.00 (err: 130.00)
  [node-4] outerWidth: expected 222.00, got 0.00 (err: 222.00)
  [node-4] outerHeight: expected 138.00, got 0.00 (err: 138.00)
  [node-4] padding.right: expected 19.00, got 0.00 (err: 19.00)
  [node-4] padding.bottom: expected 18.00, got 0.00 (err: 18.00)
  [node-4] border.top: expected 4.00, got 0.00 (err: 4.00)
  [node-4] border.right: expected 9.00, got 0.00 (err: 9.00)
  [node-4] border.bottom: expected 6.00, got 0.00 (err: 6.00)
  [node-4] border.left: expected 2.00, got 0.00 (err: 2.00)
  [node-4] margin.top: expected 8.00, got 0.00 (err: 8.00)
  [node-4] margin.right: expected 9.00, got 0.00 (err: 9.00)
  [node-4] margin.left: expected 10.00, got 0.00 (err: 10.00)
  [node-5] x: expected 14.00, got 0.00 (err: 14.00)
  [node-5] y: expected 208.00, got 0.00 (err: 208.00)
  [node-5] width: expected 92.00, got 0.00 (err: 92.00)
  [node-5] height: expected 129.00, got 0.00 (err: 129.00)
  [node-5] borderBoxWidth: expected 123.00, got 0.00 (err: 123.00)
  [node-5] borderBoxHeight: expected 150.00, got 0.00 (err: 150.00)
  [node-5] outerWidth: expected 154.00, got 0.00 (err: 154.00)
  [node-5] outerHeight: expected 156.00, got 0.00 (err: 156.00)
  [node-5] padding.top: expected 19.00, got 0.00 (err: 19.00)
  [node-5] padding.right: expected 12.00, got 0.00 (err: 12.00)
  [node-5] padding.left: expected 9.00, got 0.00 (err: 9.00)
  [node-5] border.top: expected 1.00, got 0.00 (err: 1.00)
  [node-5] border.right: expected 6.00, got 0.00 (err: 6.00)
  [node-5] border.bottom: expected 1.00, got 0.00 (err: 1.00)
  [node-5] border.left: expected 4.00, got 0.00 (err: 4.00)
  [node-5] margin.top: expected 6.00, got 0.00 (err: 6.00)
  [node-5] margin.right: expected 17.00, got 0.00 (err: 17.00)
  [node-5] margin.left: expected 14.00, got 0.00 (err: 14.00)
  [node-6] x: expected 42.00, got 0.00 (err: 42.00)
  [node-6] y: expected 242.00, got 0.00 (err: 242.00)
  [node-6] width: expected 253.00, got 0.00 (err: 253.00)
  [node-6] height: expected 74.00, got 0.00 (err: 74.00)
  [node-6] borderBoxWidth: expected 281.00, got 0.00 (err: 281.00)
  [node-6] borderBoxHeight: expected 109.00, got 0.00 (err: 109.00)
  [node-6] outerWidth: expected 312.00, got 0.00 (err: 312.00)
  [node-6] outerHeight: expected 123.00, got 0.00 (err: 123.00)
  [node-6] padding.top: expected 3.00, got 0.00 (err: 3.00)
  [node-6] padding.right: expected 4.00, got 0.00 (err: 4.00)
  [node-6] padding.bottom: expected 14.00, got 0.00 (err: 14.00)
  [node-6] padding.left: expected 10.00, got 0.00 (err: 10.00)
  [node-6] border.top: expected 10.00, got 0.00 (err: 10.00)
  [node-6] border.right: expected 9.00, got 0.00 (err: 9.00)
  [node-6] border.bottom: expected 8.00, got 0.00 (err: 8.00)
  [node-6] border.left: expected 5.00, got 0.00 (err: 5.00)
  [node-6] margin.top: expected 14.00, got 0.00 (err: 14.00)
  [node-6] margin.right: expected 16.00, got 0.00 (err: 16.00)
  [node-6] margin.left: expected 15.00, got 0.00 (err: 15.00)
  [node-7] x: expected 4.00, got 0.00 (err: 4.00)
  [node-7] y: expected 358.00, got 0.00 (err: 358.00)
  [node-7] width: expected 84.00, got 0.00 (err: 84.00)
  [node-7] height: expected 24.00, got 0.00 (err: 24.00)
  [node-7] borderBoxWidth: expected 105.00, got 0.00 (err: 105.00)
  [node-7] borderBoxHeight: expected 60.00, got 0.00 (err: 60.00)
  [node-7] outerWidth: expected 116.00, got 0.00 (err: 116.00)
  [node-7] outerHeight: expected 60.00, got 0.00 (err: 60.00)
  [node-7] padding.top: expected 14.00, got 0.00 (err: 14.00)
  [node-7] padding.right: expected 10.00, got 0.00 (err: 10.00)
  [node-7] padding.bottom: expected 17.00, got 0.00 (err: 17.00)
  [node-7] padding.left: expected 1.00, got 0.00 (err: 1.00)
  [node-7] border.right: expected 8.00, got 0.00 (err: 8.00)
  [node-7] border.bottom: expected 5.00, got 0.00 (err: 5.00)
  [node-7] border.left: expected 2.00, got 0.00 (err: 2.00)
  [node-7] margin.right: expected 7.00, got 0.00 (err: 7.00)
  [node-7] margin.left: expected 4.00, got 0.00 (err: 4.00)
  [node-8] x: expected 27.00, got 0.00 (err: 27.00)
  [node-8] y: expected 379.00, got 0.00 (err: 379.00)
  [node-8] width: expected 157.00, got 0.00 (err: 157.00)
  [node-8] height: expected 123.00, got 0.00 (err: 123.00)
  [node-8] borderBoxWidth: expected 194.00, got 0.00 (err: 194.00)
  [node-8] borderBoxHeight: expected 147.00, got 0.00 (err: 147.00)
  [node-8] outerWidth: expected 232.00, got 0.00 (err: 232.00)
  [node-8] outerHeight: expected 154.00, got 0.00 (err: 154.00)
  [node-8] padding.top: expected 20.00, got 0.00 (err: 20.00)
  [node-8] padding.right: expected 20.00, got 0.00 (err: 20.00)
  [node-8] padding.bottom: expected 2.00, got 0.00 (err: 2.00)
  [node-8] border.right: expected 7.00, got 0.00 (err: 7.00)
  [node-8] border.bottom: expected 2.00, got 0.00 (err: 2.00)
  [node-8] border.left: expected 10.00, got 0.00 (err: 10.00)
  [node-8] margin.top: expected 7.00, got 0.00 (err: 7.00)
  [node-8] margin.right: expected 18.00, got 0.00 (err: 18.00)
  [node-8] margin.left: expected 20.00, got 0.00 (err: 20.00)

❌ Fixture Failed: tier-1-10025.json (Tier 1, Seed 10025)
   Mean Error for test: 62.3000px
  [root-node] x: expected -8.00, got 0.00 (err: 8.00)
  [root-node] y: expected -23.00, got 0.00 (err: 23.00)
  [root-node] width: expected 260.00, got 0.00 (err: 260.00)
  [root-node] height: expected 181.00, got 0.00 (err: 181.00)
  [root-node] borderBoxWidth: expected 279.00, got 0.00 (err: 279.00)
  [root-node] borderBoxHeight: expected 226.00, got 0.00 (err: 226.00)
  [root-node] outerWidth: expected 297.00, got 0.00 (err: 297.00)
  [root-node] outerHeight: expected 231.00, got 0.00 (err: 231.00)
  [root-node] padding.top: expected 15.00, got 0.00 (err: 15.00)
  [root-node] padding.right: expected 7.00, got 0.00 (err: 7.00)
  [root-node] padding.bottom: expected 20.00, got 0.00 (err: 20.00)
  [root-node] padding.left: expected 8.00, got 0.00 (err: 8.00)
  [root-node] border.top: expected 8.00, got 0.00 (err: 8.00)
  [root-node] border.right: expected 4.00, got 0.00 (err: 4.00)
  [root-node] border.bottom: expected 2.00, got 0.00 (err: 2.00)
  [root-node] margin.top: expected 5.00, got 0.00 (err: 5.00)
  [root-node] margin.right: expected 17.00, got 0.00 (err: 17.00)
  [root-node] margin.left: expected 1.00, got 0.00 (err: 1.00)
  [node-2] x: expected 4.00, got 0.00 (err: 4.00)
  [node-2] y: expected 19.00, got 0.00 (err: 19.00)
  [node-2] width: expected 77.00, got 0.00 (err: 77.00)
  [node-2] height: expected 120.00, got 0.00 (err: 120.00)
  [node-2] borderBoxWidth: expected 119.00, got 0.00 (err: 119.00)
  [node-2] borderBoxHeight: expected 158.00, got 0.00 (err: 158.00)
  [node-2] outerWidth: expected 139.00, got 0.00 (err: 139.00)
  [node-2] outerHeight: expected 177.00, got 0.00 (err: 177.00)
  [node-2] padding.top: expected 20.00, got 0.00 (err: 20.00)
  [node-2] padding.right: expected 15.00, got 0.00 (err: 15.00)
  [node-2] padding.bottom: expected 7.00, got 0.00 (err: 7.00)
  [node-2] padding.left: expected 10.00, got 0.00 (err: 10.00)
  [node-2] border.top: expected 1.00, got 0.00 (err: 1.00)
  [node-2] border.right: expected 9.00, got 0.00 (err: 9.00)
  [node-2] border.bottom: expected 10.00, got 0.00 (err: 10.00)
  [node-2] border.left: expected 8.00, got 0.00 (err: 8.00)
  [node-2] margin.top: expected 19.00, got 0.00 (err: 19.00)
  [node-2] margin.right: expected 16.00, got 0.00 (err: 16.00)
  [node-2] margin.left: expected 4.00, got 0.00 (err: 4.00)
  [node-3] x: expected 22.00, got 0.00 (err: 22.00)
  [node-3] y: expected 58.00, got 0.00 (err: 58.00)
  [node-3] width: expected 91.00, got 0.00 (err: 91.00)
  [node-3] height: expected 163.00, got 0.00 (err: 163.00)
  [node-3] borderBoxWidth: expected 131.00, got 0.00 (err: 131.00)
  [node-3] borderBoxHeight: expected 212.00, got 0.00 (err: 212.00)
  [node-3] outerWidth: expected 143.00, got 0.00 (err: 143.00)
  [node-3] outerHeight: expected 230.00, got 0.00 (err: 230.00)
  [node-3] padding.top: expected 17.00, got 0.00 (err: 17.00)
  [node-3] padding.right: expected 15.00, got 0.00 (err: 15.00)
  [node-3] padding.bottom: expected 20.00, got 0.00 (err: 20.00)
  [node-3] padding.left: expected 14.00, got 0.00 (err: 14.00)
  [node-3] border.top: expected 6.00, got 0.00 (err: 6.00)
  [node-3] border.right: expected 5.00, got 0.00 (err: 5.00)
  [node-3] border.bottom: expected 6.00, got 0.00 (err: 6.00)
  [node-3] border.left: expected 6.00, got 0.00 (err: 6.00)
  [node-3] margin.top: expected 18.00, got 0.00 (err: 18.00)
  [node-3] margin.right: expected 12.00, got 0.00 (err: 12.00)
  [node-4] x: expected 29.00, got 0.00 (err: 29.00)
  [node-4] y: expected 290.00, got 0.00 (err: 290.00)
  [node-4] width: expected 24.00, got 0.00 (err: 24.00)
  [node-4] height: expected 227.00, got 0.00 (err: 227.00)
  [node-4] borderBoxWidth: expected 51.00, got 0.00 (err: 51.00)
  [node-4] borderBoxHeight: expected 257.00, got 0.00 (err: 257.00)
  [node-4] outerWidth: expected 76.00, got 0.00 (err: 76.00)
  [node-4] outerHeight: expected 277.00, got 0.00 (err: 277.00)
  [node-4] padding.top: expected 6.00, got 0.00 (err: 6.00)
  [node-4] padding.right: expected 13.00, got 0.00 (err: 13.00)
  [node-4] padding.bottom: expected 16.00, got 0.00 (err: 16.00)
  [node-4] padding.left: expected 6.00, got 0.00 (err: 6.00)
  [node-4] border.top: expected 6.00, got 0.00 (err: 6.00)
  [node-4] border.right: expected 6.00, got 0.00 (err: 6.00)
  [node-4] border.bottom: expected 2.00, got 0.00 (err: 2.00)
  [node-4] border.left: expected 2.00, got 0.00 (err: 2.00)
  [node-4] margin.top: expected 20.00, got 0.00 (err: 20.00)
  [node-4] margin.right: expected 18.00, got 0.00 (err: 18.00)
  [node-4] margin.left: expected 7.00, got 0.00 (err: 7.00)
  [node-5] x: expected 24.00, got 0.00 (err: 24.00)
  [node-5] y: expected 548.00, got 0.00 (err: 548.00)
  [node-5] width: expected 60.00, got 0.00 (err: 60.00)
  [node-5] height: expected 100.00, got 0.00 (err: 100.00)
  [node-5] borderBoxWidth: expected 88.00, got 0.00 (err: 88.00)
  [node-5] borderBoxHeight: expected 120.00, got 0.00 (err: 120.00)
  [node-5] outerWidth: expected 91.00, got 0.00 (err: 91.00)
  [node-5] outerHeight: expected 121.00, got 0.00 (err: 121.00)
  [node-5] padding.top: expected 5.00, got 0.00 (err: 5.00)
  [node-5] padding.right: expected 3.00, got 0.00 (err: 3.00)
  [node-5] padding.left: expected 16.00, got 0.00 (err: 16.00)
  [node-5] border.top: expected 8.00, got 0.00 (err: 8.00)
  [node-5] border.right: expected 4.00, got 0.00 (err: 4.00)
  [node-5] border.bottom: expected 7.00, got 0.00 (err: 7.00)
  [node-5] border.left: expected 5.00, got 0.00 (err: 5.00)
  [node-5] margin.top: expected 1.00, got 0.00 (err: 1.00)
  [node-5] margin.right: expected 1.00, got 0.00 (err: 1.00)
  [node-5] margin.left: expected 2.00, got 0.00 (err: 2.00)

❌ Fixture Failed: tier-1-10026.json (Tier 1, Seed 10026)
   Mean Error for test: 65.1400px
  [root-node] x: expected -11.00, got 0.00 (err: 11.00)
  [root-node] y: expected -13.00, got 0.00 (err: 13.00)
  [root-node] width: expected 289.00, got 0.00 (err: 289.00)
  [root-node] height: expected 185.00, got 0.00 (err: 185.00)
  [root-node] borderBoxWidth: expected 316.00, got 0.00 (err: 316.00)
  [root-node] borderBoxHeight: expected 225.00, got 0.00 (err: 225.00)
  [root-node] outerWidth: expected 331.00, got 0.00 (err: 331.00)
  [root-node] outerHeight: expected 242.00, got 0.00 (err: 242.00)
  [root-node] padding.top: expected 10.00, got 0.00 (err: 10.00)
  [root-node] padding.right: expected 12.00, got 0.00 (err: 12.00)
  [root-node] padding.bottom: expected 19.00, got 0.00 (err: 19.00)
  [root-node] padding.left: expected 9.00, got 0.00 (err: 9.00)
  [root-node] border.top: expected 3.00, got 0.00 (err: 3.00)
  [root-node] border.right: expected 4.00, got 0.00 (err: 4.00)
  [root-node] border.bottom: expected 8.00, got 0.00 (err: 8.00)
  [root-node] border.left: expected 2.00, got 0.00 (err: 2.00)
  [root-node] margin.top: expected 17.00, got 0.00 (err: 17.00)
  [root-node] margin.right: expected 14.00, got 0.00 (err: 14.00)
  [root-node] margin.left: expected 1.00, got 0.00 (err: 1.00)
  [node-2] x: expected 9.00, got 0.00 (err: 9.00)
  [node-2] y: expected 9.00, got 0.00 (err: 9.00)
  [node-2] width: expected 195.00, got 0.00 (err: 195.00)
  [node-2] height: expected 91.00, got 0.00 (err: 91.00)
  [node-2] borderBoxWidth: expected 230.00, got 0.00 (err: 230.00)
  [node-2] borderBoxHeight: expected 122.00, got 0.00 (err: 122.00)
  [node-2] outerWidth: expected 246.00, got 0.00 (err: 246.00)
  [node-2] outerHeight: expected 131.00, got 0.00 (err: 131.00)
  [node-2] padding.top: expected 3.00, got 0.00 (err: 3.00)
  [node-2] padding.right: expected 6.00, got 0.00 (err: 6.00)
  [node-2] padding.bottom: expected 17.00, got 0.00 (err: 17.00)
  [node-2] padding.left: expected 14.00, got 0.00 (err: 14.00)
  [node-2] border.top: expected 2.00, got 0.00 (err: 2.00)
  [node-2] border.right: expected 5.00, got 0.00 (err: 5.00)
  [node-2] border.bottom: expected 9.00, got 0.00 (err: 9.00)
  [node-2] border.left: expected 10.00, got 0.00 (err: 10.00)
  [node-2] margin.top: expected 9.00, got 0.00 (err: 9.00)
  [node-2] margin.right: expected 7.00, got 0.00 (err: 7.00)
  [node-2] margin.left: expected 9.00, got 0.00 (err: 9.00)
  [node-3] x: expected 36.00, got 0.00 (err: 36.00)
  [node-3] y: expected 15.00, got 0.00 (err: 15.00)
  [node-3] width: expected 273.00, got 0.00 (err: 273.00)
  [node-3] height: expected 64.00, got 0.00 (err: 64.00)
  [node-3] borderBoxWidth: expected 292.00, got 0.00 (err: 292.00)
  [node-3] borderBoxHeight: expected 83.00, got 0.00 (err: 83.00)
  [node-3] outerWidth: expected 310.00, got 0.00 (err: 310.00)
  [node-3] outerHeight: expected 84.00, got 0.00 (err: 84.00)
  [node-3] padding.top: expected 4.00, got 0.00 (err: 4.00)
  [node-3] padding.right: expected 9.00, got 0.00 (err: 9.00)
  [node-3] padding.bottom: expected 6.00, got 0.00 (err: 6.00)
  [node-3] border.top: expected 8.00, got 0.00 (err: 8.00)
  [node-3] border.right: expected 1.00, got 0.00 (err: 1.00)
  [node-3] border.bottom: expected 1.00, got 0.00 (err: 1.00)
  [node-3] border.left: expected 9.00, got 0.00 (err: 9.00)
  [node-3] margin.top: expected 1.00, got 0.00 (err: 1.00)
  [node-3] margin.right: expected 15.00, got 0.00 (err: 15.00)
  [node-3] margin.left: expected 3.00, got 0.00 (err: 3.00)
  [node-4] x: expected 37.00, got 0.00 (err: 37.00)
  [node-4] y: expected 109.00, got 0.00 (err: 109.00)
  [node-4] width: expected 128.00, got 0.00 (err: 128.00)
  [node-4] height: expected 92.00, got 0.00 (err: 92.00)
  [node-4] borderBoxWidth: expected 151.00, got 0.00 (err: 151.00)
  [node-4] borderBoxHeight: expected 134.00, got 0.00 (err: 134.00)
  [node-4] outerWidth: expected 162.00, got 0.00 (err: 162.00)
  [node-4] outerHeight: expected 145.00, got 0.00 (err: 145.00)
  [node-4] padding.top: expected 12.00, got 0.00 (err: 12.00)
  [node-4] padding.right: expected 8.00, got 0.00 (err: 8.00)
  [node-4] padding.bottom: expected 14.00, got 0.00 (err: 14.00)
  [node-4] padding.left: expected 12.00, got 0.00 (err: 12.00)
  [node-4] border.top: expected 7.00, got 0.00 (err: 7.00)
  [node-4] border.right: expected 2.00, got 0.00 (err: 2.00)
  [node-4] border.bottom: expected 9.00, got 0.00 (err: 9.00)
  [node-4] border.left: expected 1.00, got 0.00 (err: 1.00)
  [node-4] margin.top: expected 11.00, got 0.00 (err: 11.00)
  [node-4] margin.right: expected 7.00, got 0.00 (err: 7.00)
  [node-4] margin.left: expected 4.00, got 0.00 (err: 4.00)
  [node-5] x: expected 44.00, got 0.00 (err: 44.00)
  [node-5] y: expected 260.00, got 0.00 (err: 260.00)
  [node-5] width: expected 254.00, got 0.00 (err: 254.00)
  [node-5] height: expected 33.00, got 0.00 (err: 33.00)
  [node-5] borderBoxWidth: expected 279.00, got 0.00 (err: 279.00)
  [node-5] borderBoxHeight: expected 71.00, got 0.00 (err: 71.00)
  [node-5] outerWidth: expected 295.00, got 0.00 (err: 295.00)
  [node-5] outerHeight: expected 88.00, got 0.00 (err: 88.00)
  [node-5] padding.top: expected 12.00, got 0.00 (err: 12.00)
  [node-5] padding.right: expected 15.00, got 0.00 (err: 15.00)
  [node-5] padding.bottom: expected 20.00, got 0.00 (err: 20.00)
  [node-5] padding.left: expected 3.00, got 0.00 (err: 3.00)
  [node-5] border.top: expected 3.00, got 0.00 (err: 3.00)
  [node-5] border.right: expected 2.00, got 0.00 (err: 2.00)
  [node-5] border.bottom: expected 3.00, got 0.00 (err: 3.00)
  [node-5] border.left: expected 5.00, got 0.00 (err: 5.00)
  [node-5] margin.top: expected 17.00, got 0.00 (err: 17.00)
  [node-5] margin.right: expected 5.00, got 0.00 (err: 5.00)
  [node-5] margin.left: expected 11.00, got 0.00 (err: 11.00)

❌ Fixture Failed: tier-1-10027.json (Tier 1, Seed 10027)
   Mean Error for test: 76.1500px
  [root-node] x: expected -14.00, got 0.00 (err: 14.00)
  [root-node] y: expected -15.00, got 0.00 (err: 15.00)
  [root-node] width: expected 265.00, got 0.00 (err: 265.00)
  [root-node] height: expected 108.00, got 0.00 (err: 108.00)
  [root-node] borderBoxWidth: expected 299.00, got 0.00 (err: 299.00)
  [root-node] borderBoxHeight: expected 144.00, got 0.00 (err: 144.00)
  [root-node] outerWidth: expected 311.00, got 0.00 (err: 311.00)
  [root-node] outerHeight: expected 151.00, got 0.00 (err: 151.00)
  [root-node] padding.top: expected 6.00, got 0.00 (err: 6.00)
  [root-node] padding.right: expected 16.00, got 0.00 (err: 16.00)
  [root-node] padding.bottom: expected 18.00, got 0.00 (err: 18.00)
  [root-node] padding.left: expected 11.00, got 0.00 (err: 11.00)
  [root-node] border.top: expected 9.00, got 0.00 (err: 9.00)
  [root-node] border.right: expected 4.00, got 0.00 (err: 4.00)
  [root-node] border.bottom: expected 3.00, got 0.00 (err: 3.00)
  [root-node] border.left: expected 3.00, got 0.00 (err: 3.00)
  [root-node] margin.top: expected 7.00, got 0.00 (err: 7.00)
  [root-node] margin.right: expected 11.00, got 0.00 (err: 11.00)
  [root-node] margin.left: expected 1.00, got 0.00 (err: 1.00)
  [node-2] x: expected 15.00, got 0.00 (err: 15.00)
  [node-2] y: expected 20.00, got 0.00 (err: 20.00)
  [node-2] width: expected 51.00, got 0.00 (err: 51.00)
  [node-2] height: expected 62.00, got 0.00 (err: 62.00)
  [node-2] borderBoxWidth: expected 90.00, got 0.00 (err: 90.00)
  [node-2] borderBoxHeight: expected 86.00, got 0.00 (err: 86.00)
  [node-2] outerWidth: expected 124.00, got 0.00 (err: 124.00)
  [node-2] outerHeight: expected 106.00, got 0.00 (err: 106.00)
  [node-2] padding.top: expected 7.00, got 0.00 (err: 7.00)
  [node-2] padding.right: expected 19.00, got 0.00 (err: 19.00)
  [node-2] padding.bottom: expected 6.00, got 0.00 (err: 6.00)
  [node-2] padding.left: expected 18.00, got 0.00 (err: 18.00)
  [node-2] border.top: expected 4.00, got 0.00 (err: 4.00)
  [node-2] border.right: expected 1.00, got 0.00 (err: 1.00)
  [node-2] border.bottom: expected 7.00, got 0.00 (err: 7.00)
  [node-2] border.left: expected 1.00, got 0.00 (err: 1.00)
  [node-2] margin.top: expected 20.00, got 0.00 (err: 20.00)
  [node-2] margin.right: expected 19.00, got 0.00 (err: 19.00)
  [node-2] margin.left: expected 15.00, got 0.00 (err: 15.00)
  [node-3] x: expected 39.00, got 0.00 (err: 39.00)
  [node-3] y: expected 36.00, got 0.00 (err: 36.00)
  [node-3] width: expected 203.00, got 0.00 (err: 203.00)
  [node-3] height: expected 216.00, got 0.00 (err: 216.00)
  [node-3] borderBoxWidth: expected 222.00, got 0.00 (err: 222.00)
  [node-3] borderBoxHeight: expected 255.00, got 0.00 (err: 255.00)
  [node-3] outerWidth: expected 245.00, got 0.00 (err: 245.00)
  [node-3] outerHeight: expected 260.00, got 0.00 (err: 260.00)
  [node-3] padding.top: expected 11.00, got 0.00 (err: 11.00)
  [node-3] padding.right: expected 3.00, got 0.00 (err: 3.00)
  [node-3] padding.bottom: expected 12.00, got 0.00 (err: 12.00)
  [node-3] padding.left: expected 7.00, got 0.00 (err: 7.00)
  [node-3] border.top: expected 9.00, got 0.00 (err: 9.00)
  [node-3] border.right: expected 9.00, got 0.00 (err: 9.00)
  [node-3] border.bottom: expected 7.00, got 0.00 (err: 7.00)
  [node-3] margin.top: expected 5.00, got 0.00 (err: 5.00)
  [node-3] margin.right: expected 18.00, got 0.00 (err: 18.00)
  [node-3] margin.left: expected 5.00, got 0.00 (err: 5.00)
  [node-4] x: expected 1.00, got 0.00 (err: 1.00)
  [node-4] y: expected 108.00, got 0.00 (err: 108.00)
  [node-4] width: expected 220.00, got 0.00 (err: 220.00)
  [node-4] height: expected 220.00, got 0.00 (err: 220.00)
  [node-4] borderBoxWidth: expected 250.00, got 0.00 (err: 250.00)
  [node-4] borderBoxHeight: expected 262.00, got 0.00 (err: 262.00)
  [node-4] outerWidth: expected 267.00, got 0.00 (err: 267.00)
  [node-4] outerHeight: expected 264.00, got 0.00 (err: 264.00)
  [node-4] padding.top: expected 17.00, got 0.00 (err: 17.00)
  [node-4] padding.right: expected 3.00, got 0.00 (err: 3.00)
  [node-4] padding.bottom: expected 12.00, got 0.00 (err: 12.00)
  [node-4] padding.left: expected 17.00, got 0.00 (err: 17.00)
  [node-4] border.top: expected 8.00, got 0.00 (err: 8.00)
  [node-4] border.right: expected 10.00, got 0.00 (err: 10.00)
  [node-4] border.bottom: expected 5.00, got 0.00 (err: 5.00)
  [node-4] margin.top: expected 2.00, got 0.00 (err: 2.00)
  [node-4] margin.right: expected 16.00, got 0.00 (err: 16.00)
  [node-4] margin.left: expected 1.00, got 0.00 (err: 1.00)
  [node-5] x: expected 36.00, got 0.00 (err: 36.00)
  [node-5] y: expected 142.00, got 0.00 (err: 142.00)
  [node-5] width: expected 244.00, got 0.00 (err: 244.00)
  [node-5] height: expected 250.00, got 0.00 (err: 250.00)
  [node-5] borderBoxWidth: expected 293.00, got 0.00 (err: 293.00)
  [node-5] borderBoxHeight: expected 273.00, got 0.00 (err: 273.00)
  [node-5] outerWidth: expected 312.00, got 0.00 (err: 312.00)
  [node-5] outerHeight: expected 282.00, got 0.00 (err: 282.00)
  [node-5] padding.top: expected 7.00, got 0.00 (err: 7.00)
  [node-5] padding.right: expected 20.00, got 0.00 (err: 20.00)
  [node-5] padding.bottom: expected 10.00, got 0.00 (err: 10.00)
  [node-5] padding.left: expected 12.00, got 0.00 (err: 12.00)
  [node-5] border.right: expected 9.00, got 0.00 (err: 9.00)
  [node-5] border.bottom: expected 6.00, got 0.00 (err: 6.00)
  [node-5] border.left: expected 8.00, got 0.00 (err: 8.00)
  [node-5] margin.top: expected 9.00, got 0.00 (err: 9.00)
  [node-5] margin.right: expected 1.00, got 0.00 (err: 1.00)
  [node-5] margin.left: expected 18.00, got 0.00 (err: 18.00)
  [node-6] x: expected 23.00, got 0.00 (err: 23.00)
  [node-6] y: expected 415.00, got 0.00 (err: 415.00)
  [node-6] width: expected 39.00, got 0.00 (err: 39.00)
  [node-6] height: expected 207.00, got 0.00 (err: 207.00)
  [node-6] borderBoxWidth: expected 80.00, got 0.00 (err: 80.00)
  [node-6] borderBoxHeight: expected 243.00, got 0.00 (err: 243.00)
  [node-6] outerWidth: expected 86.00, got 0.00 (err: 86.00)
  [node-6] outerHeight: expected 243.00, got 0.00 (err: 243.00)
  [node-6] padding.top: expected 17.00, got 0.00 (err: 17.00)
  [node-6] padding.right: expected 16.00, got 0.00 (err: 16.00)
  [node-6] padding.bottom: expected 8.00, got 0.00 (err: 8.00)
  [node-6] padding.left: expected 16.00, got 0.00 (err: 16.00)
  [node-6] border.top: expected 2.00, got 0.00 (err: 2.00)
  [node-6] border.right: expected 7.00, got 0.00 (err: 7.00)
  [node-6] border.bottom: expected 9.00, got 0.00 (err: 9.00)
  [node-6] border.left: expected 2.00, got 0.00 (err: 2.00)
  [node-6] margin.right: expected 1.00, got 0.00 (err: 1.00)
  [node-6] margin.left: expected 5.00, got 0.00 (err: 5.00)
  [node-7] x: expected 38.00, got 0.00 (err: 38.00)
  [node-7] y: expected 668.00, got 0.00 (err: 668.00)
  [node-7] width: expected 145.00, got 0.00 (err: 145.00)
  [node-7] height: expected 190.00, got 0.00 (err: 190.00)
  [node-7] borderBoxWidth: expected 168.00, got 0.00 (err: 168.00)
  [node-7] borderBoxHeight: expected 232.00, got 0.00 (err: 232.00)
  [node-7] outerWidth: expected 204.00, got 0.00 (err: 204.00)
  [node-7] outerHeight: expected 242.00, got 0.00 (err: 242.00)
  [node-7] padding.top: expected 15.00, got 0.00 (err: 15.00)
  [node-7] padding.right: expected 2.00, got 0.00 (err: 2.00)
  [node-7] padding.bottom: expected 12.00, got 0.00 (err: 12.00)
  [node-7] padding.left: expected 17.00, got 0.00 (err: 17.00)
  [node-7] border.top: expected 5.00, got 0.00 (err: 5.00)
  [node-7] border.right: expected 2.00, got 0.00 (err: 2.00)
  [node-7] border.bottom: expected 10.00, got 0.00 (err: 10.00)
  [node-7] border.left: expected 2.00, got 0.00 (err: 2.00)
  [node-7] margin.top: expected 10.00, got 0.00 (err: 10.00)
  [node-7] margin.right: expected 16.00, got 0.00 (err: 16.00)
  [node-7] margin.left: expected 20.00, got 0.00 (err: 20.00)

❌ Fixture Failed: tier-1-10028.json (Tier 1, Seed 10028)
   Mean Error for test: 57.7700px
  [root-node] x: expected -16.00, got 0.00 (err: 16.00)
  [root-node] y: expected -7.00, got 0.00 (err: 7.00)
  [root-node] width: expected 37.00, got 0.00 (err: 37.00)
  [root-node] height: expected 70.00, got 0.00 (err: 70.00)
  [root-node] borderBoxWidth: expected 58.00, got 0.00 (err: 58.00)
  [root-node] borderBoxHeight: expected 103.00, got 0.00 (err: 103.00)
  [root-node] outerWidth: expected 66.00, got 0.00 (err: 66.00)
  [root-node] outerHeight: expected 121.00, got 0.00 (err: 121.00)
  [root-node] padding.top: expected 2.00, got 0.00 (err: 2.00)
  [root-node] padding.bottom: expected 16.00, got 0.00 (err: 16.00)
  [root-node] padding.left: expected 12.00, got 0.00 (err: 12.00)
  [root-node] border.top: expected 5.00, got 0.00 (err: 5.00)
  [root-node] border.right: expected 5.00, got 0.00 (err: 5.00)
  [root-node] border.bottom: expected 10.00, got 0.00 (err: 10.00)
  [root-node] border.left: expected 4.00, got 0.00 (err: 4.00)
  [root-node] margin.top: expected 18.00, got 0.00 (err: 18.00)
  [root-node] margin.right: expected 8.00, got 0.00 (err: 8.00)
  [node-2] y: expected 10.00, got 0.00 (err: 10.00)
  [node-2] width: expected 180.00, got 0.00 (err: 180.00)
  [node-2] height: expected 13.00, got 0.00 (err: 13.00)
  [node-2] borderBoxWidth: expected 202.00, got 0.00 (err: 202.00)
  [node-2] borderBoxHeight: expected 50.00, got 0.00 (err: 50.00)
  [node-2] outerWidth: expected 213.00, got 0.00 (err: 213.00)
  [node-2] outerHeight: expected 60.00, got 0.00 (err: 60.00)
  [node-2] padding.top: expected 10.00, got 0.00 (err: 10.00)
  [node-2] padding.right: expected 10.00, got 0.00 (err: 10.00)
  [node-2] padding.bottom: expected 16.00, got 0.00 (err: 16.00)
  [node-2] padding.left: expected 1.00, got 0.00 (err: 1.00)
  [node-2] border.top: expected 6.00, got 0.00 (err: 6.00)
  [node-2] border.right: expected 7.00, got 0.00 (err: 7.00)
  [node-2] border.bottom: expected 5.00, got 0.00 (err: 5.00)
  [node-2] border.left: expected 4.00, got 0.00 (err: 4.00)
  [node-2] margin.top: expected 10.00, got 0.00 (err: 10.00)
  [node-2] margin.right: expected 11.00, got 0.00 (err: 11.00)
  [node-3] x: expected 12.00, got 0.00 (err: 12.00)
  [node-3] y: expected 34.00, got 0.00 (err: 34.00)
  [node-3] width: expected 133.00, got 0.00 (err: 133.00)
  [node-3] height: expected 117.00, got 0.00 (err: 117.00)
  [node-3] borderBoxWidth: expected 173.00, got 0.00 (err: 173.00)
  [node-3] borderBoxHeight: expected 155.00, got 0.00 (err: 155.00)
  [node-3] outerWidth: expected 180.00, got 0.00 (err: 180.00)
  [node-3] outerHeight: expected 163.00, got 0.00 (err: 163.00)
  [node-3] padding.top: expected 18.00, got 0.00 (err: 18.00)
  [node-3] padding.right: expected 18.00, got 0.00 (err: 18.00)
  [node-3] padding.bottom: expected 19.00, got 0.00 (err: 19.00)
  [node-3] padding.left: expected 14.00, got 0.00 (err: 14.00)
  [node-3] border.right: expected 5.00, got 0.00 (err: 5.00)
  [node-3] border.bottom: expected 1.00, got 0.00 (err: 1.00)
  [node-3] border.left: expected 3.00, got 0.00 (err: 3.00)
  [node-3] margin.top: expected 8.00, got 0.00 (err: 8.00)
  [node-3] margin.left: expected 7.00, got 0.00 (err: 7.00)
  [node-4] x: expected 19.00, got 0.00 (err: 19.00)
  [node-4] y: expected 74.00, got 0.00 (err: 74.00)
  [node-4] width: expected 62.00, got 0.00 (err: 62.00)
  [node-4] height: expected 116.00, got 0.00 (err: 116.00)
  [node-4] borderBoxWidth: expected 98.00, got 0.00 (err: 98.00)
  [node-4] borderBoxHeight: expected 139.00, got 0.00 (err: 139.00)
  [node-4] outerWidth: expected 121.00, got 0.00 (err: 121.00)
  [node-4] outerHeight: expected 153.00, got 0.00 (err: 153.00)
  [node-4] padding.top: expected 2.00, got 0.00 (err: 2.00)
  [node-4] padding.right: expected 18.00, got 0.00 (err: 18.00)
  [node-4] padding.bottom: expected 10.00, got 0.00 (err: 10.00)
  [node-4] padding.left: expected 2.00, got 0.00 (err: 2.00)
  [node-4] border.top: expected 10.00, got 0.00 (err: 10.00)
  [node-4] border.right: expected 6.00, got 0.00 (err: 6.00)
  [node-4] border.bottom: expected 1.00, got 0.00 (err: 1.00)
  [node-4] border.left: expected 10.00, got 0.00 (err: 10.00)
  [node-4] margin.top: expected 14.00, got 0.00 (err: 14.00)
  [node-4] margin.right: expected 4.00, got 0.00 (err: 4.00)
  [node-4] margin.left: expected 19.00, got 0.00 (err: 19.00)
  [node-5] x: expected 40.00, got 0.00 (err: 40.00)
  [node-5] y: expected 100.00, got 0.00 (err: 100.00)
  [node-5] width: expected 234.00, got 0.00 (err: 234.00)
  [node-5] height: expected 51.00, got 0.00 (err: 51.00)
  [node-5] borderBoxWidth: expected 264.00, got 0.00 (err: 264.00)
  [node-5] borderBoxHeight: expected 103.00, got 0.00 (err: 103.00)
  [node-5] outerWidth: expected 278.00, got 0.00 (err: 278.00)
  [node-5] outerHeight: expected 117.00, got 0.00 (err: 117.00)
  [node-5] padding.top: expected 19.00, got 0.00 (err: 19.00)
  [node-5] padding.right: expected 19.00, got 0.00 (err: 19.00)
  [node-5] padding.bottom: expected 17.00, got 0.00 (err: 17.00)
  [node-5] padding.left: expected 7.00, got 0.00 (err: 7.00)
  [node-5] border.top: expected 9.00, got 0.00 (err: 9.00)
  [node-5] border.right: expected 4.00, got 0.00 (err: 4.00)
  [node-5] border.bottom: expected 7.00, got 0.00 (err: 7.00)
  [node-5] margin.top: expected 14.00, got 0.00 (err: 14.00)
  [node-5] margin.right: expected 5.00, got 0.00 (err: 5.00)
  [node-5] margin.left: expected 9.00, got 0.00 (err: 9.00)
  [node-6] x: expected 46.00, got 0.00 (err: 46.00)
  [node-6] y: expected 212.00, got 0.00 (err: 212.00)
  [node-6] width: expected 238.00, got 0.00 (err: 238.00)
  [node-6] height: expected 90.00, got 0.00 (err: 90.00)
  [node-6] borderBoxWidth: expected 264.00, got 0.00 (err: 264.00)
  [node-6] borderBoxHeight: expected 120.00, got 0.00 (err: 120.00)
  [node-6] outerWidth: expected 289.00, got 0.00 (err: 289.00)
  [node-6] outerHeight: expected 129.00, got 0.00 (err: 129.00)
  [node-6] padding.top: expected 1.00, got 0.00 (err: 1.00)
  [node-6] padding.right: expected 6.00, got 0.00 (err: 6.00)
  [node-6] padding.bottom: expected 20.00, got 0.00 (err: 20.00)
  [node-6] padding.left: expected 12.00, got 0.00 (err: 12.00)
  [node-6] border.top: expected 3.00, got 0.00 (err: 3.00)
  [node-6] border.bottom: expected 6.00, got 0.00 (err: 6.00)
  [node-6] border.left: expected 8.00, got 0.00 (err: 8.00)
  [node-6] margin.top: expected 9.00, got 0.00 (err: 9.00)
  [node-6] margin.right: expected 10.00, got 0.00 (err: 10.00)
  [node-6] margin.left: expected 15.00, got 0.00 (err: 15.00)
  [node-7] x: expected 18.00, got 0.00 (err: 18.00)
  [node-7] y: expected 226.00, got 0.00 (err: 226.00)
  [node-7] width: expected 135.00, got 0.00 (err: 135.00)
  [node-7] height: expected 123.00, got 0.00 (err: 123.00)
  [node-7] borderBoxWidth: expected 158.00, got 0.00 (err: 158.00)
  [node-7] borderBoxHeight: expected 150.00, got 0.00 (err: 150.00)
  [node-7] outerWidth: expected 188.00, got 0.00 (err: 188.00)
  [node-7] outerHeight: expected 163.00, got 0.00 (err: 163.00)
  [node-7] padding.top: expected 8.00, got 0.00 (err: 8.00)
  [node-7] padding.right: expected 13.00, got 0.00 (err: 13.00)
  [node-7] padding.bottom: expected 11.00, got 0.00 (err: 11.00)
  [node-7] padding.left: expected 8.00, got 0.00 (err: 8.00)
  [node-7] border.bottom: expected 8.00, got 0.00 (err: 8.00)
  [node-7] border.left: expected 2.00, got 0.00 (err: 2.00)
  [node-7] margin.top: expected 13.00, got 0.00 (err: 13.00)
  [node-7] margin.right: expected 12.00, got 0.00 (err: 12.00)
  [node-7] margin.left: expected 18.00, got 0.00 (err: 18.00)
  [node-8] x: expected 31.00, got 0.00 (err: 31.00)
  [node-8] y: expected 248.00, got 0.00 (err: 248.00)
  [node-8] width: expected 189.00, got 0.00 (err: 189.00)
  [node-8] height: expected 25.00, got 0.00 (err: 25.00)
  [node-8] borderBoxWidth: expected 215.00, got 0.00 (err: 215.00)
  [node-8] borderBoxHeight: expected 57.00, got 0.00 (err: 57.00)
  [node-8] outerWidth: expected 231.00, got 0.00 (err: 231.00)
  [node-8] outerHeight: expected 71.00, got 0.00 (err: 71.00)
  [node-8] padding.top: expected 1.00, got 0.00 (err: 1.00)
  [node-8] padding.right: expected 14.00, got 0.00 (err: 14.00)
  [node-8] padding.bottom: expected 19.00, got 0.00 (err: 19.00)
  [node-8] padding.left: expected 7.00, got 0.00 (err: 7.00)
  [node-8] border.top: expected 7.00, got 0.00 (err: 7.00)
  [node-8] border.right: expected 2.00, got 0.00 (err: 2.00)
  [node-8] border.bottom: expected 5.00, got 0.00 (err: 5.00)
  [node-8] border.left: expected 3.00, got 0.00 (err: 3.00)
  [node-8] margin.top: expected 14.00, got 0.00 (err: 14.00)
  [node-8] margin.right: expected 13.00, got 0.00 (err: 13.00)
  [node-8] margin.left: expected 3.00, got 0.00 (err: 3.00)
  [node-9] x: expected 44.00, got 0.00 (err: 44.00)
  [node-9] y: expected 322.00, got 0.00 (err: 322.00)
  [node-9] width: expected 84.00, got 0.00 (err: 84.00)
  [node-9] height: expected 51.00, got 0.00 (err: 51.00)
  [node-9] borderBoxWidth: expected 106.00, got 0.00 (err: 106.00)
  [node-9] borderBoxHeight: expected 84.00, got 0.00 (err: 84.00)
  [node-9] outerWidth: expected 129.00, got 0.00 (err: 129.00)
  [node-9] outerHeight: expected 101.00, got 0.00 (err: 101.00)
  [node-9] padding.top: expected 13.00, got 0.00 (err: 13.00)
  [node-9] padding.right: expected 9.00, got 0.00 (err: 9.00)
  [node-9] padding.bottom: expected 4.00, got 0.00 (err: 4.00)
  [node-9] padding.left: expected 12.00, got 0.00 (err: 12.00)
  [node-9] border.top: expected 9.00, got 0.00 (err: 9.00)
  [node-9] border.right: expected 1.00, got 0.00 (err: 1.00)
  [node-9] border.bottom: expected 7.00, got 0.00 (err: 7.00)
  [node-9] margin.top: expected 17.00, got 0.00 (err: 17.00)
  [node-9] margin.right: expected 7.00, got 0.00 (err: 7.00)
  [node-9] margin.left: expected 16.00, got 0.00 (err: 16.00)
  [node-10] x: expected 48.00, got 0.00 (err: 48.00)
  [node-10] y: expected 408.00, got 0.00 (err: 408.00)
  [node-10] width: expected 280.00, got 0.00 (err: 280.00)
  [node-10] height: expected 155.00, got 0.00 (err: 155.00)
  [node-10] borderBoxWidth: expected 325.00, got 0.00 (err: 325.00)
  [node-10] borderBoxHeight: expected 187.00, got 0.00 (err: 187.00)
  [node-10] outerWidth: expected 352.00, got 0.00 (err: 352.00)
  [node-10] outerHeight: expected 189.00, got 0.00 (err: 189.00)
  [node-10] padding.top: expected 10.00, got 0.00 (err: 10.00)
  [node-10] padding.right: expected 19.00, got 0.00 (err: 19.00)
  [node-10] padding.bottom: expected 7.00, got 0.00 (err: 7.00)
  [node-10] padding.left: expected 11.00, got 0.00 (err: 11.00)
  [node-10] border.top: expected 7.00, got 0.00 (err: 7.00)
  [node-10] border.right: expected 5.00, got 0.00 (err: 5.00)
  [node-10] border.bottom: expected 8.00, got 0.00 (err: 8.00)
  [node-10] border.left: expected 10.00, got 0.00 (err: 10.00)
  [node-10] margin.top: expected 2.00, got 0.00 (err: 2.00)
  [node-10] margin.right: expected 7.00, got 0.00 (err: 7.00)
  [node-10] margin.left: expected 20.00, got 0.00 (err: 20.00)

❌ Fixture Failed: tier-1-10029.json (Tier 1, Seed 10029)
   Mean Error for test: 60.8875px
  [root-node] x: expected -18.00, got 0.00 (err: 18.00)
  [root-node] y: expected -19.00, got 0.00 (err: 19.00)
  [root-node] width: expected 68.00, got 0.00 (err: 68.00)
  [root-node] height: expected 61.00, got 0.00 (err: 61.00)
  [root-node] borderBoxWidth: expected 95.00, got 0.00 (err: 95.00)
  [root-node] borderBoxHeight: expected 100.00, got 0.00 (err: 100.00)
  [root-node] outerWidth: expected 101.00, got 0.00 (err: 101.00)
  [root-node] outerHeight: expected 108.00, got 0.00 (err: 108.00)
  [root-node] padding.top: expected 19.00, got 0.00 (err: 19.00)
  [root-node] padding.right: expected 4.00, got 0.00 (err: 4.00)
  [root-node] padding.bottom: expected 15.00, got 0.00 (err: 15.00)
  [root-node] padding.left: expected 13.00, got 0.00 (err: 13.00)
  [root-node] border.right: expected 5.00, got 0.00 (err: 5.00)
  [root-node] border.bottom: expected 5.00, got 0.00 (err: 5.00)
  [root-node] border.left: expected 5.00, got 0.00 (err: 5.00)
  [root-node] margin.top: expected 8.00, got 0.00 (err: 8.00)
  [root-node] margin.right: expected 6.00, got 0.00 (err: 6.00)
  [node-2] x: expected 6.00, got 0.00 (err: 6.00)
  [node-2] width: expected 47.00, got 0.00 (err: 47.00)
  [node-2] height: expected 234.00, got 0.00 (err: 234.00)
  [node-2] borderBoxWidth: expected 62.00, got 0.00 (err: 62.00)
  [node-2] borderBoxHeight: expected 265.00, got 0.00 (err: 265.00)
  [node-2] outerWidth: expected 70.00, got 0.00 (err: 70.00)
  [node-2] outerHeight: expected 265.00, got 0.00 (err: 265.00)
  [node-2] padding.top: expected 14.00, got 0.00 (err: 14.00)
  [node-2] padding.right: expected 1.00, got 0.00 (err: 1.00)
  [node-2] padding.bottom: expected 6.00, got 0.00 (err: 6.00)
  [node-2] padding.left: expected 5.00, got 0.00 (err: 5.00)
  [node-2] border.top: expected 8.00, got 0.00 (err: 8.00)
  [node-2] border.right: expected 3.00, got 0.00 (err: 3.00)
  [node-2] border.bottom: expected 3.00, got 0.00 (err: 3.00)
  [node-2] border.left: expected 6.00, got 0.00 (err: 6.00)
  [node-2] margin.right: expected 2.00, got 0.00 (err: 2.00)
  [node-2] margin.left: expected 6.00, got 0.00 (err: 6.00)
  [node-3] x: expected 27.00, got 0.00 (err: 27.00)
  [node-3] y: expected 34.00, got 0.00 (err: 34.00)
  [node-3] width: expected 64.00, got 0.00 (err: 64.00)
  [node-3] height: expected 269.00, got 0.00 (err: 269.00)
  [node-3] borderBoxWidth: expected 84.00, got 0.00 (err: 84.00)
  [node-3] borderBoxHeight: expected 286.00, got 0.00 (err: 286.00)
  [node-3] outerWidth: expected 97.00, got 0.00 (err: 97.00)
  [node-3] outerHeight: expected 298.00, got 0.00 (err: 298.00)
  [node-3] padding.top: expected 5.00, got 0.00 (err: 5.00)
  [node-3] padding.right: expected 12.00, got 0.00 (err: 12.00)
  [node-3] padding.bottom: expected 4.00, got 0.00 (err: 4.00)
  [node-3] border.top: expected 1.00, got 0.00 (err: 1.00)
  [node-3] border.right: expected 2.00, got 0.00 (err: 2.00)
  [node-3] border.bottom: expected 7.00, got 0.00 (err: 7.00)
  [node-3] border.left: expected 6.00, got 0.00 (err: 6.00)
  [node-3] margin.top: expected 12.00, got 0.00 (err: 12.00)
  [node-3] margin.right: expected 3.00, got 0.00 (err: 3.00)
  [node-3] margin.left: expected 10.00, got 0.00 (err: 10.00)
  [node-4] x: expected 34.00, got 0.00 (err: 34.00)
  [node-4] y: expected 325.00, got 0.00 (err: 325.00)
  [node-4] width: expected 197.00, got 0.00 (err: 197.00)
  [node-4] height: expected 267.00, got 0.00 (err: 267.00)
  [node-4] borderBoxWidth: expected 231.00, got 0.00 (err: 231.00)
  [node-4] borderBoxHeight: expected 291.00, got 0.00 (err: 291.00)
  [node-4] outerWidth: expected 262.00, got 0.00 (err: 262.00)
  [node-4] outerHeight: expected 296.00, got 0.00 (err: 296.00)
  [node-4] padding.top: expected 8.00, got 0.00 (err: 8.00)
  [node-4] padding.right: expected 13.00, got 0.00 (err: 13.00)
  [node-4] padding.bottom: expected 8.00, got 0.00 (err: 8.00)
  [node-4] padding.left: expected 8.00, got 0.00 (err: 8.00)
  [node-4] border.right: expected 3.00, got 0.00 (err: 3.00)
  [node-4] border.bottom: expected 8.00, got 0.00 (err: 8.00)
  [node-4] border.left: expected 10.00, got 0.00 (err: 10.00)
  [node-4] margin.top: expected 5.00, got 0.00 (err: 5.00)
  [node-4] margin.right: expected 14.00, got 0.00 (err: 14.00)
  [node-4] margin.left: expected 17.00, got 0.00 (err: 17.00)

❌ Fixture Failed: tier-1-10030.json (Tier 1, Seed 10030)
   Mean Error for test: 68.3714px
  [root-node] x: expected -21.00, got 0.00 (err: 21.00)
  [root-node] y: expected -21.00, got 0.00 (err: 21.00)
  [root-node] width: expected 78.00, got 0.00 (err: 78.00)
  [root-node] height: expected 271.00, got 0.00 (err: 271.00)
  [root-node] borderBoxWidth: expected 113.00, got 0.00 (err: 113.00)
  [root-node] borderBoxHeight: expected 306.00, got 0.00 (err: 306.00)
  [root-node] outerWidth: expected 136.00, got 0.00 (err: 136.00)
  [root-node] outerHeight: expected 325.00, got 0.00 (err: 325.00)
  [root-node] padding.top: expected 14.00, got 0.00 (err: 14.00)
  [root-node] padding.right: expected 9.00, got 0.00 (err: 9.00)
  [root-node] padding.bottom: expected 14.00, got 0.00 (err: 14.00)
  [root-node] padding.left: expected 15.00, got 0.00 (err: 15.00)
  [root-node] border.top: expected 7.00, got 0.00 (err: 7.00)
  [root-node] border.right: expected 5.00, got 0.00 (err: 5.00)
  [root-node] border.left: expected 6.00, got 0.00 (err: 6.00)
  [root-node] margin.top: expected 19.00, got 0.00 (err: 19.00)
  [root-node] margin.right: expected 3.00, got 0.00 (err: 3.00)
  [root-node] margin.left: expected 20.00, got 0.00 (err: 20.00)
  [node-2] x: expected 11.00, got 0.00 (err: 11.00)
  [node-2] y: expected 11.00, got 0.00 (err: 11.00)
  [node-2] width: expected 134.00, got 0.00 (err: 134.00)
  [node-2] height: expected 185.00, got 0.00 (err: 185.00)
  [node-2] borderBoxWidth: expected 173.00, got 0.00 (err: 173.00)
  [node-2] borderBoxHeight: expected 229.00, got 0.00 (err: 229.00)
  [node-2] outerWidth: expected 198.00, got 0.00 (err: 198.00)
  [node-2] outerHeight: expected 240.00, got 0.00 (err: 240.00)
  [node-2] padding.top: expected 18.00, got 0.00 (err: 18.00)
  [node-2] padding.right: expected 13.00, got 0.00 (err: 13.00)
  [node-2] padding.bottom: expected 16.00, got 0.00 (err: 16.00)
  [node-2] padding.left: expected 8.00, got 0.00 (err: 8.00)
  [node-2] border.top: expected 9.00, got 0.00 (err: 9.00)
  [node-2] border.right: expected 10.00, got 0.00 (err: 10.00)
  [node-2] border.bottom: expected 1.00, got 0.00 (err: 1.00)
  [node-2] border.left: expected 8.00, got 0.00 (err: 8.00)
  [node-2] margin.top: expected 11.00, got 0.00 (err: 11.00)
  [node-2] margin.right: expected 14.00, got 0.00 (err: 14.00)
  [node-2] margin.left: expected 11.00, got 0.00 (err: 11.00)
  [node-3] x: expected 39.00, got 0.00 (err: 39.00)
  [node-3] y: expected 54.00, got 0.00 (err: 54.00)
  [node-3] width: expected 214.00, got 0.00 (err: 214.00)
  [node-3] height: expected 142.00, got 0.00 (err: 142.00)
  [node-3] borderBoxWidth: expected 245.00, got 0.00 (err: 245.00)
  [node-3] borderBoxHeight: expected 170.00, got 0.00 (err: 170.00)
  [node-3] outerWidth: expected 263.00, got 0.00 (err: 263.00)
  [node-3] outerHeight: expected 186.00, got 0.00 (err: 186.00)
  [node-3] padding.top: expected 12.00, got 0.00 (err: 12.00)
  [node-3] padding.right: expected 6.00, got 0.00 (err: 6.00)
  [node-3] padding.bottom: expected 11.00, got 0.00 (err: 11.00)
  [node-3] padding.left: expected 7.00, got 0.00 (err: 7.00)
  [node-3] border.top: expected 3.00, got 0.00 (err: 3.00)
  [node-3] border.right: expected 9.00, got 0.00 (err: 9.00)
  [node-3] border.bottom: expected 2.00, got 0.00 (err: 2.00)
  [node-3] border.left: expected 9.00, got 0.00 (err: 9.00)
  [node-3] margin.top: expected 16.00, got 0.00 (err: 16.00)
  [node-3] margin.right: expected 6.00, got 0.00 (err: 6.00)
  [node-3] margin.left: expected 12.00, got 0.00 (err: 12.00)
  [node-4] x: expected 41.00, got 0.00 (err: 41.00)
  [node-4] y: expected 240.00, got 0.00 (err: 240.00)
  [node-4] width: expected 296.00, got 0.00 (err: 296.00)
  [node-4] height: expected 143.00, got 0.00 (err: 143.00)
  [node-4] borderBoxWidth: expected 336.00, got 0.00 (err: 336.00)
  [node-4] borderBoxHeight: expected 167.00, got 0.00 (err: 167.00)
  [node-4] outerWidth: expected 352.00, got 0.00 (err: 352.00)
  [node-4] outerHeight: expected 183.00, got 0.00 (err: 183.00)
  [node-4] padding.top: expected 13.00, got 0.00 (err: 13.00)
  [node-4] padding.right: expected 8.00, got 0.00 (err: 8.00)
  [node-4] padding.bottom: expected 6.00, got 0.00 (err: 6.00)
  [node-4] padding.left: expected 13.00, got 0.00 (err: 13.00)
  [node-4] border.top: expected 1.00, got 0.00 (err: 1.00)
  [node-4] border.right: expected 10.00, got 0.00 (err: 10.00)
  [node-4] border.bottom: expected 4.00, got 0.00 (err: 4.00)
  [node-4] border.left: expected 9.00, got 0.00 (err: 9.00)
  [node-4] margin.top: expected 16.00, got 0.00 (err: 16.00)
  [node-4] margin.right: expected 2.00, got 0.00 (err: 2.00)
  [node-4] margin.left: expected 14.00, got 0.00 (err: 14.00)
  [node-5] x: expected 31.00, got 0.00 (err: 31.00)
  [node-5] y: expected 425.00, got 0.00 (err: 425.00)
  [node-5] width: expected 124.00, got 0.00 (err: 124.00)
  [node-5] height: expected 160.00, got 0.00 (err: 160.00)
  [node-5] borderBoxWidth: expected 151.00, got 0.00 (err: 151.00)
  [node-5] borderBoxHeight: expected 206.00, got 0.00 (err: 206.00)
  [node-5] outerWidth: expected 156.00, got 0.00 (err: 156.00)
  [node-5] outerHeight: expected 224.00, got 0.00 (err: 224.00)
  [node-5] padding.top: expected 17.00, got 0.00 (err: 17.00)
  [node-5] padding.right: expected 2.00, got 0.00 (err: 2.00)
  [node-5] padding.bottom: expected 18.00, got 0.00 (err: 18.00)
  [node-5] padding.left: expected 11.00, got 0.00 (err: 11.00)
  [node-5] border.top: expected 6.00, got 0.00 (err: 6.00)
  [node-5] border.right: expected 5.00, got 0.00 (err: 5.00)
  [node-5] border.bottom: expected 5.00, got 0.00 (err: 5.00)
  [node-5] border.left: expected 9.00, got 0.00 (err: 9.00)
  [node-5] margin.top: expected 18.00, got 0.00 (err: 18.00)
  [node-5] margin.right: expected 1.00, got 0.00 (err: 1.00)
  [node-5] margin.left: expected 4.00, got 0.00 (err: 4.00)
  [node-6] x: expected 7.00, got 0.00 (err: 7.00)
  [node-6] y: expected 242.00, got 0.00 (err: 242.00)
  [node-6] width: expected 65.00, got 0.00 (err: 65.00)
  [node-6] height: expected 103.00, got 0.00 (err: 103.00)
  [node-6] borderBoxWidth: expected 82.00, got 0.00 (err: 82.00)
  [node-6] borderBoxHeight: expected 130.00, got 0.00 (err: 130.00)
  [node-6] outerWidth: expected 96.00, got 0.00 (err: 96.00)
  [node-6] outerHeight: expected 132.00, got 0.00 (err: 132.00)
  [node-6] padding.top: expected 6.00, got 0.00 (err: 6.00)
  [node-6] padding.right: expected 11.00, got 0.00 (err: 11.00)
  [node-6] padding.bottom: expected 7.00, got 0.00 (err: 7.00)
  [node-6] padding.left: expected 1.00, got 0.00 (err: 1.00)
  [node-6] border.top: expected 8.00, got 0.00 (err: 8.00)
  [node-6] border.right: expected 5.00, got 0.00 (err: 5.00)
  [node-6] border.bottom: expected 6.00, got 0.00 (err: 6.00)
  [node-6] margin.top: expected 2.00, got 0.00 (err: 2.00)
  [node-6] margin.right: expected 7.00, got 0.00 (err: 7.00)
  [node-6] margin.left: expected 7.00, got 0.00 (err: 7.00)
  [node-7] x: expected 22.00, got 0.00 (err: 22.00)
  [node-7] y: expected 276.00, got 0.00 (err: 276.00)
  [node-7] width: expected 150.00, got 0.00 (err: 150.00)
  [node-7] height: expected 43.00, got 0.00 (err: 43.00)
  [node-7] borderBoxWidth: expected 185.00, got 0.00 (err: 185.00)
  [node-7] borderBoxHeight: expected 70.00, got 0.00 (err: 70.00)
  [node-7] outerWidth: expected 203.00, got 0.00 (err: 203.00)
  [node-7] outerHeight: expected 90.00, got 0.00 (err: 90.00)
  [node-7] padding.top: expected 16.00, got 0.00 (err: 16.00)
  [node-7] padding.right: expected 14.00, got 0.00 (err: 14.00)
  [node-7] padding.bottom: expected 7.00, got 0.00 (err: 7.00)
  [node-7] padding.left: expected 12.00, got 0.00 (err: 12.00)
  [node-7] border.right: expected 7.00, got 0.00 (err: 7.00)
  [node-7] border.bottom: expected 4.00, got 0.00 (err: 4.00)
  [node-7] border.left: expected 2.00, got 0.00 (err: 2.00)
  [node-7] margin.top: expected 20.00, got 0.00 (err: 20.00)
  [node-7] margin.right: expected 4.00, got 0.00 (err: 4.00)
  [node-7] margin.left: expected 14.00, got 0.00 (err: 14.00)

❌ Fixture Failed: tier-1-10031.json (Tier 1, Seed 10031)
   Mean Error for test: 74.1400px
  [root-node] x: expected -24.00, got 0.00 (err: 24.00)
  [root-node] y: expected -12.00, got 0.00 (err: 12.00)
  [root-node] width: expected 46.00, got 0.00 (err: 46.00)
  [root-node] height: expected 198.00, got 0.00 (err: 198.00)
  [root-node] borderBoxWidth: expected 88.00, got 0.00 (err: 88.00)
  [root-node] borderBoxHeight: expected 230.00, got 0.00 (err: 230.00)
  [root-node] outerWidth: expected 108.00, got 0.00 (err: 108.00)
  [root-node] outerHeight: expected 239.00, got 0.00 (err: 239.00)
  [root-node] padding.top: expected 10.00, got 0.00 (err: 10.00)
  [root-node] padding.right: expected 13.00, got 0.00 (err: 13.00)
  [root-node] padding.bottom: expected 13.00, got 0.00 (err: 13.00)
  [root-node] padding.left: expected 16.00, got 0.00 (err: 16.00)
  [root-node] border.top: expected 2.00, got 0.00 (err: 2.00)
  [root-node] border.right: expected 5.00, got 0.00 (err: 5.00)
  [root-node] border.bottom: expected 7.00, got 0.00 (err: 7.00)
  [root-node] border.left: expected 8.00, got 0.00 (err: 8.00)
  [root-node] margin.top: expected 9.00, got 0.00 (err: 9.00)
  [root-node] margin.left: expected 20.00, got 0.00 (err: 20.00)
  [node-2] x: expected 17.00, got 0.00 (err: 17.00)
  [node-2] y: expected 1.00, got 0.00 (err: 1.00)
  [node-2] width: expected 252.00, got 0.00 (err: 252.00)
  [node-2] height: expected 177.00, got 0.00 (err: 177.00)
  [node-2] borderBoxWidth: expected 284.00, got 0.00 (err: 284.00)
  [node-2] borderBoxHeight: expected 193.00, got 0.00 (err: 193.00)
  [node-2] outerWidth: expected 306.00, got 0.00 (err: 306.00)
  [node-2] outerHeight: expected 194.00, got 0.00 (err: 194.00)
  [node-2] padding.right: expected 4.00, got 0.00 (err: 4.00)
  [node-2] padding.bottom: expected 5.00, got 0.00 (err: 5.00)
  [node-2] padding.left: expected 12.00, got 0.00 (err: 12.00)
  [node-2] border.top: expected 1.00, got 0.00 (err: 1.00)
  [node-2] border.right: expected 6.00, got 0.00 (err: 6.00)
  [node-2] border.bottom: expected 10.00, got 0.00 (err: 10.00)
  [node-2] border.left: expected 10.00, got 0.00 (err: 10.00)
  [node-2] margin.top: expected 1.00, got 0.00 (err: 1.00)
  [node-2] margin.right: expected 5.00, got 0.00 (err: 5.00)
  [node-2] margin.left: expected 17.00, got 0.00 (err: 17.00)
  [node-3] x: expected 53.00, got 0.00 (err: 53.00)
  [node-3] y: expected 21.00, got 0.00 (err: 21.00)
  [node-3] width: expected 156.00, got 0.00 (err: 156.00)
  [node-3] height: expected 23.00, got 0.00 (err: 23.00)
  [node-3] borderBoxWidth: expected 176.00, got 0.00 (err: 176.00)
  [node-3] borderBoxHeight: expected 71.00, got 0.00 (err: 71.00)
  [node-3] outerWidth: expected 200.00, got 0.00 (err: 200.00)
  [node-3] outerHeight: expected 90.00, got 0.00 (err: 90.00)
  [node-3] padding.top: expected 20.00, got 0.00 (err: 20.00)
  [node-3] padding.bottom: expected 17.00, got 0.00 (err: 17.00)
  [node-3] padding.left: expected 14.00, got 0.00 (err: 14.00)
  [node-3] border.top: expected 4.00, got 0.00 (err: 4.00)
  [node-3] border.right: expected 6.00, got 0.00 (err: 6.00)
  [node-3] border.bottom: expected 7.00, got 0.00 (err: 7.00)
  [node-3] margin.top: expected 19.00, got 0.00 (err: 19.00)
  [node-3] margin.right: expected 10.00, got 0.00 (err: 10.00)
  [node-3] margin.left: expected 14.00, got 0.00 (err: 14.00)
  [node-4] x: expected 50.00, got 0.00 (err: 50.00)
  [node-4] y: expected 99.00, got 0.00 (err: 99.00)
  [node-4] width: expected 144.00, got 0.00 (err: 144.00)
  [node-4] height: expected 271.00, got 0.00 (err: 271.00)
  [node-4] borderBoxWidth: expected 180.00, got 0.00 (err: 180.00)
  [node-4] borderBoxHeight: expected 296.00, got 0.00 (err: 296.00)
  [node-4] outerWidth: expected 202.00, got 0.00 (err: 202.00)
  [node-4] outerHeight: expected 303.00, got 0.00 (err: 303.00)
  [node-4] padding.top: expected 19.00, got 0.00 (err: 19.00)
  [node-4] padding.right: expected 2.00, got 0.00 (err: 2.00)
  [node-4] padding.bottom: expected 4.00, got 0.00 (err: 4.00)
  [node-4] padding.left: expected 19.00, got 0.00 (err: 19.00)
  [node-4] border.top: expected 2.00, got 0.00 (err: 2.00)
  [node-4] border.right: expected 7.00, got 0.00 (err: 7.00)
  [node-4] border.left: expected 8.00, got 0.00 (err: 8.00)
  [node-4] margin.top: expected 7.00, got 0.00 (err: 7.00)
  [node-4] margin.right: expected 11.00, got 0.00 (err: 11.00)
  [node-4] margin.left: expected 11.00, got 0.00 (err: 11.00)
  [node-5] x: expected 52.00, got 0.00 (err: 52.00)
  [node-5] y: expected 409.00, got 0.00 (err: 409.00)
  [node-5] width: expected 74.00, got 0.00 (err: 74.00)
  [node-5] height: expected 154.00, got 0.00 (err: 154.00)
  [node-5] borderBoxWidth: expected 119.00, got 0.00 (err: 119.00)
  [node-5] borderBoxHeight: expected 177.00, got 0.00 (err: 177.00)
  [node-5] outerWidth: expected 138.00, got 0.00 (err: 138.00)
  [node-5] outerHeight: expected 191.00, got 0.00 (err: 191.00)
  [node-5] padding.top: expected 3.00, got 0.00 (err: 3.00)
  [node-5] padding.right: expected 14.00, got 0.00 (err: 14.00)
  [node-5] padding.bottom: expected 18.00, got 0.00 (err: 18.00)
  [node-5] padding.left: expected 18.00, got 0.00 (err: 18.00)
  [node-5] border.top: expected 2.00, got 0.00 (err: 2.00)
  [node-5] border.right: expected 3.00, got 0.00 (err: 3.00)
  [node-5] border.left: expected 10.00, got 0.00 (err: 10.00)
  [node-5] margin.top: expected 14.00, got 0.00 (err: 14.00)
  [node-5] margin.right: expected 6.00, got 0.00 (err: 6.00)
  [node-5] margin.left: expected 13.00, got 0.00 (err: 13.00)
  [node-6] x: expected 2.00, got 0.00 (err: 2.00)
  [node-6] y: expected 213.00, got 0.00 (err: 213.00)
  [node-6] width: expected 121.00, got 0.00 (err: 121.00)
  [node-6] height: expected 62.00, got 0.00 (err: 62.00)
  [node-6] borderBoxWidth: expected 164.00, got 0.00 (err: 164.00)
  [node-6] borderBoxHeight: expected 108.00, got 0.00 (err: 108.00)
  [node-6] outerWidth: expected 182.00, got 0.00 (err: 182.00)
  [node-6] outerHeight: expected 127.00, got 0.00 (err: 127.00)
  [node-6] padding.top: expected 17.00, got 0.00 (err: 17.00)
  [node-6] padding.right: expected 16.00, got 0.00 (err: 16.00)
  [node-6] padding.bottom: expected 17.00, got 0.00 (err: 17.00)
  [node-6] padding.left: expected 13.00, got 0.00 (err: 13.00)
  [node-6] border.top: expected 3.00, got 0.00 (err: 3.00)
  [node-6] border.right: expected 6.00, got 0.00 (err: 6.00)
  [node-6] border.bottom: expected 9.00, got 0.00 (err: 9.00)
  [node-6] border.left: expected 8.00, got 0.00 (err: 8.00)
  [node-6] margin.top: expected 19.00, got 0.00 (err: 19.00)
  [node-6] margin.right: expected 16.00, got 0.00 (err: 16.00)
  [node-6] margin.left: expected 2.00, got 0.00 (err: 2.00)
  [node-7] x: expected 36.00, got 0.00 (err: 36.00)
  [node-7] y: expected 235.00, got 0.00 (err: 235.00)
  [node-7] width: expected 183.00, got 0.00 (err: 183.00)
  [node-7] height: expected 259.00, got 0.00 (err: 259.00)
  [node-7] borderBoxWidth: expected 198.00, got 0.00 (err: 198.00)
  [node-7] borderBoxHeight: expected 281.00, got 0.00 (err: 281.00)
  [node-7] outerWidth: expected 211.00, got 0.00 (err: 211.00)
  [node-7] outerHeight: expected 283.00, got 0.00 (err: 283.00)
  [node-7] padding.top: expected 9.00, got 0.00 (err: 9.00)
  [node-7] padding.right: expected 5.00, got 0.00 (err: 5.00)
  [node-7] padding.bottom: expected 6.00, got 0.00 (err: 6.00)
  [node-7] padding.left: expected 3.00, got 0.00 (err: 3.00)
  [node-7] border.top: expected 6.00, got 0.00 (err: 6.00)
  [node-7] border.right: expected 5.00, got 0.00 (err: 5.00)
  [node-7] border.bottom: expected 1.00, got 0.00 (err: 1.00)
  [node-7] border.left: expected 2.00, got 0.00 (err: 2.00)
  [node-7] margin.top: expected 2.00, got 0.00 (err: 2.00)
  [node-7] margin.left: expected 13.00, got 0.00 (err: 13.00)
  [node-8] x: expected 29.00, got 0.00 (err: 29.00)
  [node-8] y: expected 523.00, got 0.00 (err: 523.00)
  [node-8] width: expected 87.00, got 0.00 (err: 87.00)
  [node-8] height: expected 153.00, got 0.00 (err: 153.00)
  [node-8] borderBoxWidth: expected 103.00, got 0.00 (err: 103.00)
  [node-8] borderBoxHeight: expected 196.00, got 0.00 (err: 196.00)
  [node-8] outerWidth: expected 123.00, got 0.00 (err: 123.00)
  [node-8] outerHeight: expected 203.00, got 0.00 (err: 203.00)
  [node-8] padding.top: expected 17.00, got 0.00 (err: 17.00)
  [node-8] padding.right: expected 2.00, got 0.00 (err: 2.00)
  [node-8] padding.bottom: expected 19.00, got 0.00 (err: 19.00)
  [node-8] padding.left: expected 11.00, got 0.00 (err: 11.00)
  [node-8] border.top: expected 3.00, got 0.00 (err: 3.00)
  [node-8] border.right: expected 1.00, got 0.00 (err: 1.00)
  [node-8] border.bottom: expected 4.00, got 0.00 (err: 4.00)
  [node-8] border.left: expected 2.00, got 0.00 (err: 2.00)
  [node-8] margin.top: expected 7.00, got 0.00 (err: 7.00)
  [node-8] margin.right: expected 14.00, got 0.00 (err: 14.00)
  [node-8] margin.left: expected 6.00, got 0.00 (err: 6.00)
  [node-9] x: expected 7.00, got 0.00 (err: 7.00)
  [node-9] y: expected 333.00, got 0.00 (err: 333.00)
  [node-9] width: expected 300.00, got 0.00 (err: 300.00)
  [node-9] height: expected 271.00, got 0.00 (err: 271.00)
  [node-9] borderBoxWidth: expected 327.00, got 0.00 (err: 327.00)
  [node-9] borderBoxHeight: expected 307.00, got 0.00 (err: 307.00)
  [node-9] outerWidth: expected 351.00, got 0.00 (err: 351.00)
  [node-9] outerHeight: expected 319.00, got 0.00 (err: 319.00)
  [node-9] padding.top: expected 20.00, got 0.00 (err: 20.00)
  [node-9] padding.right: expected 12.00, got 0.00 (err: 12.00)
  [node-9] padding.bottom: expected 12.00, got 0.00 (err: 12.00)
  [node-9] padding.left: expected 2.00, got 0.00 (err: 2.00)
  [node-9] border.right: expected 7.00, got 0.00 (err: 7.00)
  [node-9] border.bottom: expected 4.00, got 0.00 (err: 4.00)
  [node-9] border.left: expected 6.00, got 0.00 (err: 6.00)
  [node-9] margin.top: expected 12.00, got 0.00 (err: 12.00)
  [node-9] margin.right: expected 17.00, got 0.00 (err: 17.00)
  [node-9] margin.left: expected 7.00, got 0.00 (err: 7.00)
  [node-10] x: expected 29.00, got 0.00 (err: 29.00)
  [node-10] y: expected 364.00, got 0.00 (err: 364.00)
  [node-10] width: expected 276.00, got 0.00 (err: 276.00)
  [node-10] height: expected 51.00, got 0.00 (err: 51.00)
  [node-10] borderBoxWidth: expected 314.00, got 0.00 (err: 314.00)
  [node-10] borderBoxHeight: expected 93.00, got 0.00 (err: 93.00)
  [node-10] outerWidth: expected 333.00, got 0.00 (err: 333.00)
  [node-10] outerHeight: expected 104.00, got 0.00 (err: 104.00)
  [node-10] padding.top: expected 15.00, got 0.00 (err: 15.00)
  [node-10] padding.right: expected 8.00, got 0.00 (err: 8.00)
  [node-10] padding.bottom: expected 19.00, got 0.00 (err: 19.00)
  [node-10] padding.left: expected 18.00, got 0.00 (err: 18.00)
  [node-10] border.top: expected 5.00, got 0.00 (err: 5.00)
  [node-10] border.right: expected 3.00, got 0.00 (err: 3.00)
  [node-10] border.bottom: expected 3.00, got 0.00 (err: 3.00)
  [node-10] border.left: expected 9.00, got 0.00 (err: 9.00)
  [node-10] margin.top: expected 11.00, got 0.00 (err: 11.00)
  [node-10] margin.right: expected 5.00, got 0.00 (err: 5.00)
  [node-10] margin.left: expected 14.00, got 0.00 (err: 14.00)

❌ Fixture Failed: tier-1-10032.json (Tier 1, Seed 10032)
   Mean Error for test: 55.6833px
  [root-node] x: expected -26.00, got 0.00 (err: 26.00)
  [root-node] y: expected -15.00, got 0.00 (err: 15.00)
  [root-node] width: expected 98.00, got 0.00 (err: 98.00)
  [root-node] height: expected 189.00, got 0.00 (err: 189.00)
  [root-node] borderBoxWidth: expected 147.00, got 0.00 (err: 147.00)
  [root-node] borderBoxHeight: expected 218.00, got 0.00 (err: 218.00)
  [root-node] outerWidth: expected 185.00, got 0.00 (err: 185.00)
  [root-node] outerHeight: expected 238.00, got 0.00 (err: 238.00)
  [root-node] padding.top: expected 6.00, got 0.00 (err: 6.00)
  [root-node] padding.right: expected 18.00, got 0.00 (err: 18.00)
  [root-node] padding.bottom: expected 12.00, got 0.00 (err: 12.00)
  [root-node] padding.left: expected 17.00, got 0.00 (err: 17.00)
  [root-node] border.top: expected 9.00, got 0.00 (err: 9.00)
  [root-node] border.right: expected 5.00, got 0.00 (err: 5.00)
  [root-node] border.bottom: expected 2.00, got 0.00 (err: 2.00)
  [root-node] border.left: expected 9.00, got 0.00 (err: 9.00)
  [root-node] margin.top: expected 20.00, got 0.00 (err: 20.00)
  [root-node] margin.right: expected 18.00, got 0.00 (err: 18.00)
  [root-node] margin.left: expected 20.00, got 0.00 (err: 20.00)
  [node-2] x: expected 2.00, got 0.00 (err: 2.00)
  [node-2] y: expected 12.00, got 0.00 (err: 12.00)
  [node-2] width: expected 107.00, got 0.00 (err: 107.00)
  [node-2] height: expected 128.00, got 0.00 (err: 128.00)
  [node-2] borderBoxWidth: expected 144.00, got 0.00 (err: 144.00)
  [node-2] borderBoxHeight: expected 157.00, got 0.00 (err: 157.00)
  [node-2] outerWidth: expected 164.00, got 0.00 (err: 164.00)
  [node-2] outerHeight: expected 169.00, got 0.00 (err: 169.00)
  [node-2] padding.top: expected 4.00, got 0.00 (err: 4.00)
  [node-2] padding.right: expected 17.00, got 0.00 (err: 17.00)
  [node-2] padding.bottom: expected 15.00, got 0.00 (err: 15.00)
  [node-2] padding.left: expected 16.00, got 0.00 (err: 16.00)
  [node-2] border.top: expected 2.00, got 0.00 (err: 2.00)
  [node-2] border.right: expected 2.00, got 0.00 (err: 2.00)
  [node-2] border.bottom: expected 8.00, got 0.00 (err: 8.00)
  [node-2] border.left: expected 2.00, got 0.00 (err: 2.00)
  [node-2] margin.top: expected 12.00, got 0.00 (err: 12.00)
  [node-2] margin.right: expected 18.00, got 0.00 (err: 18.00)
  [node-2] margin.left: expected 2.00, got 0.00 (err: 2.00)
  [node-3] x: expected 37.00, got 0.00 (err: 37.00)
  [node-3] y: expected 20.00, got 0.00 (err: 20.00)
  [node-3] width: expected 86.00, got 0.00 (err: 86.00)
  [node-3] height: expected 206.00, got 0.00 (err: 206.00)
  [node-3] borderBoxWidth: expected 106.00, got 0.00 (err: 106.00)
  [node-3] borderBoxHeight: expected 223.00, got 0.00 (err: 223.00)
  [node-3] outerWidth: expected 136.00, got 0.00 (err: 136.00)
  [node-3] outerHeight: expected 225.00, got 0.00 (err: 225.00)
  [node-3] padding.top: expected 6.00, got 0.00 (err: 6.00)
  [node-3] padding.right: expected 15.00, got 0.00 (err: 15.00)
  [node-3] padding.bottom: expected 3.00, got 0.00 (err: 3.00)
  [node-3] border.top: expected 6.00, got 0.00 (err: 6.00)
  [node-3] border.right: expected 2.00, got 0.00 (err: 2.00)
  [node-3] border.bottom: expected 2.00, got 0.00 (err: 2.00)
  [node-3] border.left: expected 3.00, got 0.00 (err: 3.00)
  [node-3] margin.top: expected 2.00, got 0.00 (err: 2.00)
  [node-3] margin.right: expected 13.00, got 0.00 (err: 13.00)
  [node-3] margin.left: expected 17.00, got 0.00 (err: 17.00)

❌ Fixture Failed: tier-1-10033.json (Tier 1, Seed 10033)
   Mean Error for test: 64.2600px
  [root-node] x: expected -29.00, got 0.00 (err: 29.00)
  [root-node] y: expected -5.00, got 0.00 (err: 5.00)
  [root-node] width: expected 108.00, got 0.00 (err: 108.00)
  [root-node] height: expected 148.00, got 0.00 (err: 148.00)
  [root-node] borderBoxWidth: expected 144.00, got 0.00 (err: 144.00)
  [root-node] borderBoxHeight: expected 172.00, got 0.00 (err: 172.00)
  [root-node] outerWidth: expected 178.00, got 0.00 (err: 178.00)
  [root-node] outerHeight: expected 182.00, got 0.00 (err: 182.00)
  [root-node] padding.top: expected 1.00, got 0.00 (err: 1.00)
  [root-node] padding.right: expected 1.00, got 0.00 (err: 1.00)
  [root-node] padding.bottom: expected 11.00, got 0.00 (err: 11.00)
  [root-node] padding.left: expected 19.00, got 0.00 (err: 19.00)
  [root-node] border.top: expected 4.00, got 0.00 (err: 4.00)
  [root-node] border.right: expected 6.00, got 0.00 (err: 6.00)
  [root-node] border.bottom: expected 8.00, got 0.00 (err: 8.00)
  [root-node] border.left: expected 10.00, got 0.00 (err: 10.00)
  [root-node] margin.top: expected 10.00, got 0.00 (err: 10.00)
  [root-node] margin.right: expected 15.00, got 0.00 (err: 15.00)
  [root-node] margin.left: expected 19.00, got 0.00 (err: 19.00)
  [node-2] x: expected 8.00, got 0.00 (err: 8.00)
  [node-2] y: expected 2.00, got 0.00 (err: 2.00)
  [node-2] width: expected 216.00, got 0.00 (err: 216.00)
  [node-2] height: expected 99.00, got 0.00 (err: 99.00)
  [node-2] borderBoxWidth: expected 256.00, got 0.00 (err: 256.00)
  [node-2] borderBoxHeight: expected 121.00, got 0.00 (err: 121.00)
  [node-2] outerWidth: expected 273.00, got 0.00 (err: 273.00)
  [node-2] outerHeight: expected 123.00, got 0.00 (err: 123.00)
  [node-2] padding.top: expected 8.00, got 0.00 (err: 8.00)
  [node-2] padding.right: expected 8.00, got 0.00 (err: 8.00)
  [node-2] padding.bottom: expected 4.00, got 0.00 (err: 4.00)
  [node-2] padding.left: expected 20.00, got 0.00 (err: 20.00)
  [node-2] border.top: expected 4.00, got 0.00 (err: 4.00)
  [node-2] border.right: expected 8.00, got 0.00 (err: 8.00)
  [node-2] border.bottom: expected 6.00, got 0.00 (err: 6.00)
  [node-2] border.left: expected 4.00, got 0.00 (err: 4.00)
  [node-2] margin.top: expected 2.00, got 0.00 (err: 2.00)
  [node-2] margin.right: expected 9.00, got 0.00 (err: 9.00)
  [node-2] margin.left: expected 8.00, got 0.00 (err: 8.00)
  [node-3] x: expected 51.00, got 0.00 (err: 51.00)
  [node-3] y: expected 20.00, got 0.00 (err: 20.00)
  [node-3] width: expected 257.00, got 0.00 (err: 257.00)
  [node-3] height: expected 86.00, got 0.00 (err: 86.00)
  [node-3] borderBoxWidth: expected 288.00, got 0.00 (err: 288.00)
  [node-3] borderBoxHeight: expected 124.00, got 0.00 (err: 124.00)
  [node-3] outerWidth: expected 323.00, got 0.00 (err: 323.00)
  [node-3] outerHeight: expected 130.00, got 0.00 (err: 130.00)
  [node-3] padding.top: expected 14.00, got 0.00 (err: 14.00)
  [node-3] padding.right: expected 9.00, got 0.00 (err: 9.00)
  [node-3] padding.bottom: expected 9.00, got 0.00 (err: 9.00)
  [node-3] padding.left: expected 6.00, got 0.00 (err: 6.00)
  [node-3] border.top: expected 7.00, got 0.00 (err: 7.00)
  [node-3] border.right: expected 10.00, got 0.00 (err: 10.00)
  [node-3] border.bottom: expected 8.00, got 0.00 (err: 8.00)
  [node-3] border.left: expected 6.00, got 0.00 (err: 6.00)
  [node-3] margin.top: expected 6.00, got 0.00 (err: 6.00)
  [node-3] margin.right: expected 16.00, got 0.00 (err: 16.00)
  [node-3] margin.left: expected 19.00, got 0.00 (err: 19.00)
  [node-4] x: expected 5.00, got 0.00 (err: 5.00)
  [node-4] y: expected 133.00, got 0.00 (err: 133.00)
  [node-4] width: expected 92.00, got 0.00 (err: 92.00)
  [node-4] height: expected 276.00, got 0.00 (err: 276.00)
  [node-4] borderBoxWidth: expected 121.00, got 0.00 (err: 121.00)
  [node-4] borderBoxHeight: expected 294.00, got 0.00 (err: 294.00)
  [node-4] outerWidth: expected 135.00, got 0.00 (err: 135.00)
  [node-4] outerHeight: expected 304.00, got 0.00 (err: 304.00)
  [node-4] padding.top: expected 9.00, got 0.00 (err: 9.00)
  [node-4] padding.right: expected 13.00, got 0.00 (err: 13.00)
  [node-4] padding.bottom: expected 1.00, got 0.00 (err: 1.00)
  [node-4] padding.left: expected 9.00, got 0.00 (err: 9.00)
  [node-4] border.top: expected 5.00, got 0.00 (err: 5.00)
  [node-4] border.bottom: expected 3.00, got 0.00 (err: 3.00)
  [node-4] border.left: expected 7.00, got 0.00 (err: 7.00)
  [node-4] margin.top: expected 10.00, got 0.00 (err: 10.00)
  [node-4] margin.right: expected 9.00, got 0.00 (err: 9.00)
  [node-4] margin.left: expected 5.00, got 0.00 (err: 5.00)
  [node-5] x: expected 28.00, got 0.00 (err: 28.00)
  [node-5] y: expected 162.00, got 0.00 (err: 162.00)
  [node-5] width: expected 95.00, got 0.00 (err: 95.00)
  [node-5] height: expected 213.00, got 0.00 (err: 213.00)
  [node-5] borderBoxWidth: expected 120.00, got 0.00 (err: 120.00)
  [node-5] borderBoxHeight: expected 253.00, got 0.00 (err: 253.00)
  [node-5] outerWidth: expected 129.00, got 0.00 (err: 129.00)
  [node-5] outerHeight: expected 268.00, got 0.00 (err: 268.00)
  [node-5] padding.top: expected 17.00, got 0.00 (err: 17.00)
  [node-5] padding.right: expected 17.00, got 0.00 (err: 17.00)
  [node-5] padding.bottom: expected 12.00, got 0.00 (err: 12.00)
  [node-5] padding.left: expected 4.00, got 0.00 (err: 4.00)
  [node-5] border.top: expected 10.00, got 0.00 (err: 10.00)
  [node-5] border.right: expected 1.00, got 0.00 (err: 1.00)
  [node-5] border.bottom: expected 1.00, got 0.00 (err: 1.00)
  [node-5] border.left: expected 3.00, got 0.00 (err: 3.00)
  [node-5] margin.top: expected 15.00, got 0.00 (err: 15.00)
  [node-5] margin.right: expected 2.00, got 0.00 (err: 2.00)
  [node-5] margin.left: expected 7.00, got 0.00 (err: 7.00)

❌ Fixture Failed: tier-1-10034.json (Tier 1, Seed 10034)
   Mean Error for test: 72.1091px
  [root-node] x: expected -20.00, got 0.00 (err: 20.00)
  [root-node] y: expected -28.00, got 0.00 (err: 28.00)
  [root-node] width: expected 86.00, got 0.00 (err: 86.00)
  [root-node] height: expected 65.00, got 0.00 (err: 65.00)
  [root-node] borderBoxWidth: expected 118.00, got 0.00 (err: 118.00)
  [root-node] borderBoxHeight: expected 106.00, got 0.00 (err: 106.00)
  [root-node] outerWidth: expected 149.00, got 0.00 (err: 149.00)
  [root-node] outerHeight: expected 106.00, got 0.00 (err: 106.00)
  [root-node] padding.top: expected 18.00, got 0.00 (err: 18.00)
  [root-node] padding.right: expected 6.00, got 0.00 (err: 6.00)
  [root-node] padding.bottom: expected 10.00, got 0.00 (err: 10.00)
  [root-node] padding.left: expected 20.00, got 0.00 (err: 20.00)
  [root-node] border.top: expected 10.00, got 0.00 (err: 10.00)
  [root-node] border.right: expected 6.00, got 0.00 (err: 6.00)
  [root-node] border.bottom: expected 3.00, got 0.00 (err: 3.00)
  [root-node] margin.right: expected 12.00, got 0.00 (err: 12.00)
  [root-node] margin.left: expected 19.00, got 0.00 (err: 19.00)
  [node-2] x: expected 13.00, got 0.00 (err: 13.00)
  [node-2] y: expected 13.00, got 0.00 (err: 13.00)
  [node-2] width: expected 83.00, got 0.00 (err: 83.00)
  [node-2] height: expected 50.00, got 0.00 (err: 50.00)
  [node-2] borderBoxWidth: expected 116.00, got 0.00 (err: 116.00)
  [node-2] borderBoxHeight: expected 85.00, got 0.00 (err: 85.00)
  [node-2] outerWidth: expected 129.00, got 0.00 (err: 129.00)
  [node-2] outerHeight: expected 98.00, got 0.00 (err: 98.00)
  [node-2] padding.top: expected 11.00, got 0.00 (err: 11.00)
  [node-2] padding.right: expected 20.00, got 0.00 (err: 20.00)
  [node-2] padding.bottom: expected 15.00, got 0.00 (err: 15.00)
  [node-2] padding.left: expected 3.00, got 0.00 (err: 3.00)
  [node-2] border.top: expected 5.00, got 0.00 (err: 5.00)
  [node-2] border.right: expected 4.00, got 0.00 (err: 4.00)
  [node-2] border.bottom: expected 4.00, got 0.00 (err: 4.00)
  [node-2] border.left: expected 6.00, got 0.00 (err: 6.00)
  [node-2] margin.top: expected 13.00, got 0.00 (err: 13.00)
  [node-2] margin.left: expected 13.00, got 0.00 (err: 13.00)
  [node-3] x: expected 22.00, got 0.00 (err: 22.00)
  [node-3] y: expected 38.00, got 0.00 (err: 38.00)
  [node-3] width: expected 186.00, got 0.00 (err: 186.00)
  [node-3] height: expected 250.00, got 0.00 (err: 250.00)
  [node-3] borderBoxWidth: expected 218.00, got 0.00 (err: 218.00)
  [node-3] borderBoxHeight: expected 276.00, got 0.00 (err: 276.00)
  [node-3] outerWidth: expected 237.00, got 0.00 (err: 237.00)
  [node-3] outerHeight: expected 285.00, got 0.00 (err: 285.00)
  [node-3] padding.right: expected 3.00, got 0.00 (err: 3.00)
  [node-3] padding.bottom: expected 16.00, got 0.00 (err: 16.00)
  [node-3] padding.left: expected 13.00, got 0.00 (err: 13.00)
  [node-3] border.top: expected 8.00, got 0.00 (err: 8.00)
  [node-3] border.right: expected 7.00, got 0.00 (err: 7.00)
  [node-3] border.bottom: expected 2.00, got 0.00 (err: 2.00)
  [node-3] border.left: expected 9.00, got 0.00 (err: 9.00)
  [node-3] margin.top: expected 9.00, got 0.00 (err: 9.00)
  [node-3] margin.right: expected 19.00, got 0.00 (err: 19.00)
  [node-4] x: expected 24.00, got 0.00 (err: 24.00)
  [node-4] y: expected 315.00, got 0.00 (err: 315.00)
  [node-4] width: expected 156.00, got 0.00 (err: 156.00)
  [node-4] height: expected 101.00, got 0.00 (err: 101.00)
  [node-4] borderBoxWidth: expected 191.00, got 0.00 (err: 191.00)
  [node-4] borderBoxHeight: expected 152.00, got 0.00 (err: 152.00)
  [node-4] outerWidth: expected 211.00, got 0.00 (err: 211.00)
  [node-4] outerHeight: expected 153.00, got 0.00 (err: 153.00)
  [node-4] padding.top: expected 15.00, got 0.00 (err: 15.00)
  [node-4] padding.right: expected 7.00, got 0.00 (err: 7.00)
  [node-4] padding.bottom: expected 20.00, got 0.00 (err: 20.00)
  [node-4] padding.left: expected 15.00, got 0.00 (err: 15.00)
  [node-4] border.top: expected 6.00, got 0.00 (err: 6.00)
  [node-4] border.right: expected 7.00, got 0.00 (err: 7.00)
  [node-4] border.bottom: expected 10.00, got 0.00 (err: 10.00)
  [node-4] border.left: expected 6.00, got 0.00 (err: 6.00)
  [node-4] margin.top: expected 1.00, got 0.00 (err: 1.00)
  [node-4] margin.right: expected 18.00, got 0.00 (err: 18.00)
  [node-4] margin.left: expected 2.00, got 0.00 (err: 2.00)
  [node-5] x: expected 19.00, got 0.00 (err: 19.00)
  [node-5] y: expected 118.00, got 0.00 (err: 118.00)
  [node-5] width: expected 236.00, got 0.00 (err: 236.00)
  [node-5] height: expected 56.00, got 0.00 (err: 56.00)
  [node-5] borderBoxWidth: expected 274.00, got 0.00 (err: 274.00)
  [node-5] borderBoxHeight: expected 91.00, got 0.00 (err: 91.00)
  [node-5] outerWidth: expected 312.00, got 0.00 (err: 312.00)
  [node-5] outerHeight: expected 111.00, got 0.00 (err: 111.00)
  [node-5] padding.top: expected 2.00, got 0.00 (err: 2.00)
  [node-5] padding.right: expected 9.00, got 0.00 (err: 9.00)
  [node-5] padding.bottom: expected 16.00, got 0.00 (err: 16.00)
  [node-5] padding.left: expected 19.00, got 0.00 (err: 19.00)
  [node-5] border.top: expected 10.00, got 0.00 (err: 10.00)
  [node-5] border.right: expected 8.00, got 0.00 (err: 8.00)
  [node-5] border.bottom: expected 7.00, got 0.00 (err: 7.00)
  [node-5] border.left: expected 2.00, got 0.00 (err: 2.00)
  [node-5] margin.top: expected 20.00, got 0.00 (err: 20.00)
  [node-5] margin.right: expected 19.00, got 0.00 (err: 19.00)
  [node-5] margin.left: expected 19.00, got 0.00 (err: 19.00)
  [node-6] x: expected 56.00, got 0.00 (err: 56.00)
  [node-6] y: expected 132.00, got 0.00 (err: 132.00)
  [node-6] width: expected 112.00, got 0.00 (err: 112.00)
  [node-6] height: expected 135.00, got 0.00 (err: 135.00)
  [node-6] borderBoxWidth: expected 132.00, got 0.00 (err: 132.00)
  [node-6] borderBoxHeight: expected 169.00, got 0.00 (err: 169.00)
  [node-6] outerWidth: expected 148.00, got 0.00 (err: 148.00)
  [node-6] outerHeight: expected 171.00, got 0.00 (err: 171.00)
  [node-6] padding.top: expected 9.00, got 0.00 (err: 9.00)
  [node-6] padding.right: expected 8.00, got 0.00 (err: 8.00)
  [node-6] padding.bottom: expected 7.00, got 0.00 (err: 7.00)
  [node-6] padding.left: expected 4.00, got 0.00 (err: 4.00)
  [node-6] border.top: expected 9.00, got 0.00 (err: 9.00)
  [node-6] border.right: expected 7.00, got 0.00 (err: 7.00)
  [node-6] border.bottom: expected 9.00, got 0.00 (err: 9.00)
  [node-6] border.left: expected 1.00, got 0.00 (err: 1.00)
  [node-6] margin.top: expected 2.00, got 0.00 (err: 2.00)
  [node-6] margin.left: expected 16.00, got 0.00 (err: 16.00)
  [node-7] x: expected 47.00, got 0.00 (err: 47.00)
  [node-7] y: expected 313.00, got 0.00 (err: 313.00)
  [node-7] width: expected 238.00, got 0.00 (err: 238.00)
  [node-7] height: expected 160.00, got 0.00 (err: 160.00)
  [node-7] borderBoxWidth: expected 287.00, got 0.00 (err: 287.00)
  [node-7] borderBoxHeight: expected 177.00, got 0.00 (err: 177.00)
  [node-7] outerWidth: expected 303.00, got 0.00 (err: 303.00)
  [node-7] outerHeight: expected 189.00, got 0.00 (err: 189.00)
  [node-7] padding.top: expected 10.00, got 0.00 (err: 10.00)
  [node-7] padding.right: expected 17.00, got 0.00 (err: 17.00)
  [node-7] padding.bottom: expected 1.00, got 0.00 (err: 1.00)
  [node-7] padding.left: expected 19.00, got 0.00 (err: 19.00)
  [node-7] border.right: expected 10.00, got 0.00 (err: 10.00)
  [node-7] border.bottom: expected 6.00, got 0.00 (err: 6.00)
  [node-7] border.left: expected 3.00, got 0.00 (err: 3.00)
  [node-7] margin.top: expected 12.00, got 0.00 (err: 12.00)
  [node-7] margin.right: expected 9.00, got 0.00 (err: 9.00)
  [node-7] margin.left: expected 7.00, got 0.00 (err: 7.00)
  [node-8] x: expected 53.00, got 0.00 (err: 53.00)
  [node-8] y: expected 497.00, got 0.00 (err: 497.00)
  [node-8] width: expected 237.00, got 0.00 (err: 237.00)
  [node-8] height: expected 177.00, got 0.00 (err: 177.00)
  [node-8] borderBoxWidth: expected 249.00, got 0.00 (err: 249.00)
  [node-8] borderBoxHeight: expected 203.00, got 0.00 (err: 203.00)
  [node-8] outerWidth: expected 276.00, got 0.00 (err: 276.00)
  [node-8] outerHeight: expected 210.00, got 0.00 (err: 210.00)
  [node-8] padding.top: expected 13.00, got 0.00 (err: 13.00)
  [node-8] padding.right: expected 3.00, got 0.00 (err: 3.00)
  [node-8] padding.bottom: expected 3.00, got 0.00 (err: 3.00)
  [node-8] padding.left: expected 3.00, got 0.00 (err: 3.00)
  [node-8] border.top: expected 5.00, got 0.00 (err: 5.00)
  [node-8] border.right: expected 6.00, got 0.00 (err: 6.00)
  [node-8] border.bottom: expected 5.00, got 0.00 (err: 5.00)
  [node-8] margin.top: expected 7.00, got 0.00 (err: 7.00)
  [node-8] margin.right: expected 14.00, got 0.00 (err: 14.00)
  [node-8] margin.left: expected 13.00, got 0.00 (err: 13.00)
  [node-9] x: expected 16.00, got 0.00 (err: 16.00)
  [node-9] y: expected 220.00, got 0.00 (err: 220.00)
  [node-9] width: expected 131.00, got 0.00 (err: 131.00)
  [node-9] height: expected 207.00, got 0.00 (err: 207.00)
  [node-9] borderBoxWidth: expected 173.00, got 0.00 (err: 173.00)
  [node-9] borderBoxHeight: expected 253.00, got 0.00 (err: 253.00)
  [node-9] outerWidth: expected 206.00, got 0.00 (err: 206.00)
  [node-9] outerHeight: expected 264.00, got 0.00 (err: 264.00)
  [node-9] padding.top: expected 20.00, got 0.00 (err: 20.00)
  [node-9] padding.right: expected 11.00, got 0.00 (err: 11.00)
  [node-9] padding.bottom: expected 16.00, got 0.00 (err: 16.00)
  [node-9] padding.left: expected 20.00, got 0.00 (err: 20.00)
  [node-9] border.top: expected 3.00, got 0.00 (err: 3.00)
  [node-9] border.right: expected 6.00, got 0.00 (err: 6.00)
  [node-9] border.bottom: expected 7.00, got 0.00 (err: 7.00)
  [node-9] border.left: expected 5.00, got 0.00 (err: 5.00)
  [node-9] margin.top: expected 11.00, got 0.00 (err: 11.00)
  [node-9] margin.right: expected 17.00, got 0.00 (err: 17.00)
  [node-9] margin.left: expected 16.00, got 0.00 (err: 16.00)
  [node-10] x: expected 49.00, got 0.00 (err: 49.00)
  [node-10] y: expected 262.00, got 0.00 (err: 262.00)
  [node-10] width: expected 239.00, got 0.00 (err: 239.00)
  [node-10] height: expected 158.00, got 0.00 (err: 158.00)
  [node-10] borderBoxWidth: expected 272.00, got 0.00 (err: 272.00)
  [node-10] borderBoxHeight: expected 198.00, got 0.00 (err: 198.00)
  [node-10] outerWidth: expected 284.00, got 0.00 (err: 284.00)
  [node-10] outerHeight: expected 217.00, got 0.00 (err: 217.00)
  [node-10] padding.top: expected 20.00, got 0.00 (err: 20.00)
  [node-10] padding.right: expected 18.00, got 0.00 (err: 18.00)
  [node-10] padding.bottom: expected 10.00, got 0.00 (err: 10.00)
  [node-10] padding.left: expected 5.00, got 0.00 (err: 5.00)
  [node-10] border.top: expected 2.00, got 0.00 (err: 2.00)
  [node-10] border.right: expected 1.00, got 0.00 (err: 1.00)
  [node-10] border.bottom: expected 8.00, got 0.00 (err: 8.00)
  [node-10] border.left: expected 9.00, got 0.00 (err: 9.00)
  [node-10] margin.top: expected 19.00, got 0.00 (err: 19.00)
  [node-10] margin.right: expected 4.00, got 0.00 (err: 4.00)
  [node-10] margin.left: expected 8.00, got 0.00 (err: 8.00)
  [node-11] x: expected 41.00, got 0.00 (err: 41.00)
  [node-11] y: expected 461.00, got 0.00 (err: 461.00)
  [node-11] width: expected 141.00, got 0.00 (err: 141.00)
  [node-11] height: expected 192.00, got 0.00 (err: 192.00)
  [node-11] borderBoxWidth: expected 171.00, got 0.00 (err: 171.00)
  [node-11] borderBoxHeight: expected 232.00, got 0.00 (err: 232.00)
  [node-11] outerWidth: expected 190.00, got 0.00 (err: 190.00)
  [node-11] outerHeight: expected 233.00, got 0.00 (err: 233.00)
  [node-11] padding.top: expected 11.00, got 0.00 (err: 11.00)
  [node-11] padding.right: expected 14.00, got 0.00 (err: 14.00)
  [node-11] padding.bottom: expected 16.00, got 0.00 (err: 16.00)
  [node-11] padding.left: expected 10.00, got 0.00 (err: 10.00)
  [node-11] border.top: expected 4.00, got 0.00 (err: 4.00)
  [node-11] border.bottom: expected 9.00, got 0.00 (err: 9.00)
  [node-11] border.left: expected 6.00, got 0.00 (err: 6.00)
  [node-11] margin.top: expected 1.00, got 0.00 (err: 1.00)
  [node-11] margin.right: expected 19.00, got 0.00 (err: 19.00)

❌ Fixture Failed: tier-1-10035.json (Tier 1, Seed 10035)
   Mean Error for test: 68.1000px
  [root-node] x: expected -2.00, got 0.00 (err: 2.00)
  [root-node] y: expected -20.00, got 0.00 (err: 20.00)
  [root-node] width: expected 110.00, got 0.00 (err: 110.00)
  [root-node] height: expected 26.00, got 0.00 (err: 26.00)
  [root-node] borderBoxWidth: expected 128.00, got 0.00 (err: 128.00)
  [root-node] borderBoxHeight: expected 65.00, got 0.00 (err: 65.00)
  [root-node] outerWidth: expected 156.00, got 0.00 (err: 156.00)
  [root-node] outerHeight: expected 77.00, got 0.00 (err: 77.00)
  [root-node] padding.top: expected 14.00, got 0.00 (err: 14.00)
  [root-node] padding.right: expected 10.00, got 0.00 (err: 10.00)
  [root-node] padding.bottom: expected 9.00, got 0.00 (err: 9.00)
  [root-node] border.top: expected 6.00, got 0.00 (err: 6.00)
  [root-node] border.right: expected 6.00, got 0.00 (err: 6.00)
  [root-node] border.bottom: expected 10.00, got 0.00 (err: 10.00)
  [root-node] border.left: expected 2.00, got 0.00 (err: 2.00)
  [root-node] margin.top: expected 12.00, got 0.00 (err: 12.00)
  [root-node] margin.right: expected 9.00, got 0.00 (err: 9.00)
  [root-node] margin.left: expected 19.00, got 0.00 (err: 19.00)
  [node-2] x: expected 19.00, got 0.00 (err: 19.00)
  [node-2] y: expected 3.00, got 0.00 (err: 3.00)
  [node-2] width: expected 201.00, got 0.00 (err: 201.00)
  [node-2] height: expected 271.00, got 0.00 (err: 271.00)
  [node-2] borderBoxWidth: expected 227.00, got 0.00 (err: 227.00)
  [node-2] borderBoxHeight: expected 300.00, got 0.00 (err: 300.00)
  [node-2] outerWidth: expected 259.00, got 0.00 (err: 259.00)
  [node-2] outerHeight: expected 303.00, got 0.00 (err: 303.00)
  [node-2] padding.top: expected 15.00, got 0.00 (err: 15.00)
  [node-2] padding.right: expected 11.00, got 0.00 (err: 11.00)
  [node-2] padding.bottom: expected 4.00, got 0.00 (err: 4.00)
  [node-2] padding.left: expected 7.00, got 0.00 (err: 7.00)
  [node-2] border.top: expected 7.00, got 0.00 (err: 7.00)
  [node-2] border.bottom: expected 3.00, got 0.00 (err: 3.00)
  [node-2] border.left: expected 8.00, got 0.00 (err: 8.00)
  [node-2] margin.top: expected 3.00, got 0.00 (err: 3.00)
  [node-2] margin.right: expected 13.00, got 0.00 (err: 13.00)
  [node-2] margin.left: expected 19.00, got 0.00 (err: 19.00)
  [node-3] x: expected 36.00, got 0.00 (err: 36.00)
  [node-3] y: expected 38.00, got 0.00 (err: 38.00)
  [node-3] width: expected 108.00, got 0.00 (err: 108.00)
  [node-3] height: expected 150.00, got 0.00 (err: 150.00)
  [node-3] borderBoxWidth: expected 149.00, got 0.00 (err: 149.00)
  [node-3] borderBoxHeight: expected 177.00, got 0.00 (err: 177.00)
  [node-3] outerWidth: expected 152.00, got 0.00 (err: 152.00)
  [node-3] outerHeight: expected 190.00, got 0.00 (err: 190.00)
  [node-3] padding.top: expected 8.00, got 0.00 (err: 8.00)
  [node-3] padding.right: expected 18.00, got 0.00 (err: 18.00)
  [node-3] padding.bottom: expected 1.00, got 0.00 (err: 1.00)
  [node-3] padding.left: expected 20.00, got 0.00 (err: 20.00)
  [node-3] border.top: expected 10.00, got 0.00 (err: 10.00)
  [node-3] border.right: expected 3.00, got 0.00 (err: 3.00)
  [node-3] border.bottom: expected 8.00, got 0.00 (err: 8.00)
  [node-3] margin.top: expected 13.00, got 0.00 (err: 13.00)
  [node-3] margin.right: expected 1.00, got 0.00 (err: 1.00)
  [node-3] margin.left: expected 2.00, got 0.00 (err: 2.00)
  [node-4] x: expected 34.00, got 0.00 (err: 34.00)
  [node-4] y: expected 228.00, got 0.00 (err: 228.00)
  [node-4] width: expected 259.00, got 0.00 (err: 259.00)
  [node-4] height: expected 228.00, got 0.00 (err: 228.00)
  [node-4] borderBoxWidth: expected 290.00, got 0.00 (err: 290.00)
  [node-4] borderBoxHeight: expected 280.00, got 0.00 (err: 280.00)
  [node-4] outerWidth: expected 296.00, got 0.00 (err: 296.00)
  [node-4] outerHeight: expected 293.00, got 0.00 (err: 293.00)
  [node-4] padding.top: expected 20.00, got 0.00 (err: 20.00)
  [node-4] padding.right: expected 2.00, got 0.00 (err: 2.00)
  [node-4] padding.bottom: expected 18.00, got 0.00 (err: 18.00)
  [node-4] padding.left: expected 20.00, got 0.00 (err: 20.00)
  [node-4] border.top: expected 8.00, got 0.00 (err: 8.00)
  [node-4] border.right: expected 4.00, got 0.00 (err: 4.00)
  [node-4] border.bottom: expected 6.00, got 0.00 (err: 6.00)
  [node-4] border.left: expected 5.00, got 0.00 (err: 5.00)
  [node-4] margin.top: expected 13.00, got 0.00 (err: 13.00)
  [node-4] margin.right: expected 6.00, got 0.00 (err: 6.00)

❌ Fixture Failed: tier-1-10036.json (Tier 1, Seed 10036)
   Mean Error for test: 68.6833px
  [root-node] x: expected -5.00, got 0.00 (err: 5.00)
  [root-node] y: expected -10.00, got 0.00 (err: 10.00)
  [root-node] width: expected 138.00, got 0.00 (err: 138.00)
  [root-node] height: expected 275.00, got 0.00 (err: 275.00)
  [root-node] borderBoxWidth: expected 164.00, got 0.00 (err: 164.00)
  [root-node] borderBoxHeight: expected 297.00, got 0.00 (err: 297.00)
  [root-node] outerWidth: expected 188.00, got 0.00 (err: 188.00)
  [root-node] outerHeight: expected 299.00, got 0.00 (err: 299.00)
  [root-node] padding.top: expected 9.00, got 0.00 (err: 9.00)
  [root-node] padding.right: expected 15.00, got 0.00 (err: 15.00)
  [root-node] padding.bottom: expected 7.00, got 0.00 (err: 7.00)
  [root-node] padding.left: expected 2.00, got 0.00 (err: 2.00)
  [root-node] border.top: expected 1.00, got 0.00 (err: 1.00)
  [root-node] border.right: expected 6.00, got 0.00 (err: 6.00)
  [root-node] border.bottom: expected 5.00, got 0.00 (err: 5.00)
  [root-node] border.left: expected 3.00, got 0.00 (err: 3.00)
  [root-node] margin.top: expected 2.00, got 0.00 (err: 2.00)
  [root-node] margin.right: expected 6.00, got 0.00 (err: 6.00)
  [root-node] margin.left: expected 18.00, got 0.00 (err: 18.00)
  [node-2] x: expected 4.00, got 0.00 (err: 4.00)
  [node-2] y: expected 14.00, got 0.00 (err: 14.00)
  [node-2] width: expected 87.00, got 0.00 (err: 87.00)
  [node-2] height: expected 264.00, got 0.00 (err: 264.00)
  [node-2] borderBoxWidth: expected 107.00, got 0.00 (err: 107.00)
  [node-2] borderBoxHeight: expected 307.00, got 0.00 (err: 307.00)
  [node-2] outerWidth: expected 115.00, got 0.00 (err: 115.00)
  [node-2] outerHeight: expected 321.00, got 0.00 (err: 321.00)
  [node-2] padding.top: expected 19.00, got 0.00 (err: 19.00)
  [node-2] padding.right: expected 3.00, got 0.00 (err: 3.00)
  [node-2] padding.bottom: expected 14.00, got 0.00 (err: 14.00)
  [node-2] padding.left: expected 10.00, got 0.00 (err: 10.00)
  [node-2] border.top: expected 9.00, got 0.00 (err: 9.00)
  [node-2] border.right: expected 7.00, got 0.00 (err: 7.00)
  [node-2] border.bottom: expected 1.00, got 0.00 (err: 1.00)
  [node-2] margin.top: expected 14.00, got 0.00 (err: 14.00)
  [node-2] margin.right: expected 4.00, got 0.00 (err: 4.00)
  [node-2] margin.left: expected 4.00, got 0.00 (err: 4.00)
  [node-3] x: expected 19.00, got 0.00 (err: 19.00)
  [node-3] y: expected 59.00, got 0.00 (err: 59.00)
  [node-3] width: expected 58.00, got 0.00 (err: 58.00)
  [node-3] height: expected 53.00, got 0.00 (err: 53.00)
  [node-3] borderBoxWidth: expected 79.00, got 0.00 (err: 79.00)
  [node-3] borderBoxHeight: expected 78.00, got 0.00 (err: 78.00)
  [node-3] outerWidth: expected 88.00, got 0.00 (err: 88.00)
  [node-3] outerHeight: expected 95.00, got 0.00 (err: 95.00)
  [node-3] padding.top: expected 15.00, got 0.00 (err: 15.00)
  [node-3] padding.right: expected 12.00, got 0.00 (err: 12.00)
  [node-3] padding.bottom: expected 7.00, got 0.00 (err: 7.00)
  [node-3] padding.left: expected 6.00, got 0.00 (err: 6.00)
  [node-3] border.bottom: expected 3.00, got 0.00 (err: 3.00)
  [node-3] border.left: expected 3.00, got 0.00 (err: 3.00)
  [node-3] margin.top: expected 17.00, got 0.00 (err: 17.00)
  [node-3] margin.right: expected 4.00, got 0.00 (err: 4.00)
  [node-3] margin.left: expected 5.00, got 0.00 (err: 5.00)
  [node-4] x: expected 32.00, got 0.00 (err: 32.00)
  [node-4] y: expected 141.00, got 0.00 (err: 141.00)
  [node-4] width: expected 111.00, got 0.00 (err: 111.00)
  [node-4] height: expected 125.00, got 0.00 (err: 125.00)
  [node-4] borderBoxWidth: expected 138.00, got 0.00 (err: 138.00)
  [node-4] borderBoxHeight: expected 157.00, got 0.00 (err: 157.00)
  [node-4] outerWidth: expected 172.00, got 0.00 (err: 172.00)
  [node-4] outerHeight: expected 161.00, got 0.00 (err: 161.00)
  [node-4] padding.top: expected 5.00, got 0.00 (err: 5.00)
  [node-4] padding.right: expected 18.00, got 0.00 (err: 18.00)
  [node-4] padding.bottom: expected 16.00, got 0.00 (err: 16.00)
  [node-4] padding.left: expected 5.00, got 0.00 (err: 5.00)
  [node-4] border.top: expected 9.00, got 0.00 (err: 9.00)
  [node-4] border.bottom: expected 2.00, got 0.00 (err: 2.00)
  [node-4] border.left: expected 4.00, got 0.00 (err: 4.00)
  [node-4] margin.top: expected 4.00, got 0.00 (err: 4.00)
  [node-4] margin.right: expected 16.00, got 0.00 (err: 16.00)
  [node-4] margin.left: expected 18.00, got 0.00 (err: 18.00)
  [node-5] x: expected 30.00, got 0.00 (err: 30.00)
  [node-5] y: expected 308.00, got 0.00 (err: 308.00)
  [node-5] width: expected 210.00, got 0.00 (err: 210.00)
  [node-5] height: expected 284.00, got 0.00 (err: 284.00)
  [node-5] borderBoxWidth: expected 242.00, got 0.00 (err: 242.00)
  [node-5] borderBoxHeight: expected 324.00, got 0.00 (err: 324.00)
  [node-5] outerWidth: expected 265.00, got 0.00 (err: 265.00)
  [node-5] outerHeight: expected 334.00, got 0.00 (err: 334.00)
  [node-5] padding.top: expected 16.00, got 0.00 (err: 16.00)
  [node-5] padding.right: expected 12.00, got 0.00 (err: 12.00)
  [node-5] padding.bottom: expected 15.00, got 0.00 (err: 15.00)
  [node-5] padding.left: expected 12.00, got 0.00 (err: 12.00)
  [node-5] border.right: expected 4.00, got 0.00 (err: 4.00)
  [node-5] border.bottom: expected 9.00, got 0.00 (err: 9.00)
  [node-5] border.left: expected 4.00, got 0.00 (err: 4.00)
  [node-5] margin.top: expected 10.00, got 0.00 (err: 10.00)
  [node-5] margin.right: expected 7.00, got 0.00 (err: 7.00)
  [node-5] margin.left: expected 16.00, got 0.00 (err: 16.00)
  [node-6] x: expected 1.00, got 0.00 (err: 1.00)
  [node-6] y: expected 337.00, got 0.00 (err: 337.00)
  [node-6] width: expected 66.00, got 0.00 (err: 66.00)
  [node-6] height: expected 229.00, got 0.00 (err: 229.00)
  [node-6] borderBoxWidth: expected 97.00, got 0.00 (err: 97.00)
  [node-6] borderBoxHeight: expected 256.00, got 0.00 (err: 256.00)
  [node-6] outerWidth: expected 98.00, got 0.00 (err: 98.00)
  [node-6] outerHeight: expected 272.00, got 0.00 (err: 272.00)
  [node-6] padding.top: expected 7.00, got 0.00 (err: 7.00)
  [node-6] padding.right: expected 19.00, got 0.00 (err: 19.00)
  [node-6] padding.bottom: expected 9.00, got 0.00 (err: 9.00)
  [node-6] padding.left: expected 9.00, got 0.00 (err: 9.00)
  [node-6] border.top: expected 9.00, got 0.00 (err: 9.00)
  [node-6] border.bottom: expected 2.00, got 0.00 (err: 2.00)
  [node-6] border.left: expected 3.00, got 0.00 (err: 3.00)
  [node-6] margin.top: expected 16.00, got 0.00 (err: 16.00)
  [node-6] margin.left: expected 1.00, got 0.00 (err: 1.00)
  [node-7] x: expected 16.00, got 0.00 (err: 16.00)
  [node-7] y: expected 371.00, got 0.00 (err: 371.00)
  [node-7] width: expected 234.00, got 0.00 (err: 234.00)
  [node-7] height: expected 41.00, got 0.00 (err: 41.00)
  [node-7] borderBoxWidth: expected 264.00, got 0.00 (err: 264.00)
  [node-7] borderBoxHeight: expected 79.00, got 0.00 (err: 79.00)
  [node-7] outerWidth: expected 268.00, got 0.00 (err: 268.00)
  [node-7] outerHeight: expected 97.00, got 0.00 (err: 97.00)
  [node-7] padding.top: expected 17.00, got 0.00 (err: 17.00)
  [node-7] padding.right: expected 19.00, got 0.00 (err: 19.00)
  [node-7] padding.bottom: expected 19.00, got 0.00 (err: 19.00)
  [node-7] padding.left: expected 2.00, got 0.00 (err: 2.00)
  [node-7] border.right: expected 6.00, got 0.00 (err: 6.00)
  [node-7] border.bottom: expected 2.00, got 0.00 (err: 2.00)
  [node-7] border.left: expected 3.00, got 0.00 (err: 3.00)
  [node-7] margin.top: expected 18.00, got 0.00 (err: 18.00)
  [node-7] margin.right: expected 1.00, got 0.00 (err: 1.00)
  [node-7] margin.left: expected 3.00, got 0.00 (err: 3.00)
  [node-8] x: expected 17.00, got 0.00 (err: 17.00)
  [node-8] y: expected 450.00, got 0.00 (err: 450.00)
  [node-8] width: expected 134.00, got 0.00 (err: 134.00)
  [node-8] height: expected 63.00, got 0.00 (err: 63.00)
  [node-8] borderBoxWidth: expected 160.00, got 0.00 (err: 160.00)
  [node-8] borderBoxHeight: expected 81.00, got 0.00 (err: 81.00)
  [node-8] outerWidth: expected 172.00, got 0.00 (err: 172.00)
  [node-8] outerHeight: expected 81.00, got 0.00 (err: 81.00)
  [node-8] padding.top: expected 10.00, got 0.00 (err: 10.00)
  [node-8] padding.right: expected 4.00, got 0.00 (err: 4.00)
  [node-8] padding.left: expected 11.00, got 0.00 (err: 11.00)
  [node-8] border.top: expected 6.00, got 0.00 (err: 6.00)
  [node-8] border.right: expected 9.00, got 0.00 (err: 9.00)
  [node-8] border.bottom: expected 2.00, got 0.00 (err: 2.00)
  [node-8] border.left: expected 2.00, got 0.00 (err: 2.00)
  [node-8] margin.right: expected 8.00, got 0.00 (err: 8.00)
  [node-8] margin.left: expected 4.00, got 0.00 (err: 4.00)
  [node-9] x: expected 14.00, got 0.00 (err: 14.00)
  [node-9] y: expected 541.00, got 0.00 (err: 541.00)
  [node-9] width: expected 171.00, got 0.00 (err: 171.00)
  [node-9] height: expected 114.00, got 0.00 (err: 114.00)
  [node-9] borderBoxWidth: expected 187.00, got 0.00 (err: 187.00)
  [node-9] borderBoxHeight: expected 165.00, got 0.00 (err: 165.00)
  [node-9] outerWidth: expected 205.00, got 0.00 (err: 205.00)
  [node-9] outerHeight: expected 175.00, got 0.00 (err: 175.00)
  [node-9] padding.top: expected 20.00, got 0.00 (err: 20.00)
  [node-9] padding.right: expected 10.00, got 0.00 (err: 10.00)
  [node-9] padding.bottom: expected 18.00, got 0.00 (err: 18.00)
  [node-9] padding.left: expected 4.00, got 0.00 (err: 4.00)
  [node-9] border.top: expected 8.00, got 0.00 (err: 8.00)
  [node-9] border.right: expected 2.00, got 0.00 (err: 2.00)
  [node-9] border.bottom: expected 5.00, got 0.00 (err: 5.00)
  [node-9] margin.top: expected 10.00, got 0.00 (err: 10.00)
  [node-9] margin.right: expected 17.00, got 0.00 (err: 17.00)
  [node-9] margin.left: expected 1.00, got 0.00 (err: 1.00)

❌ Fixture Failed: tier-1-10037.json (Tier 1, Seed 10037)
   Mean Error for test: 85.5750px
  [root-node] x: expected -7.00, got 0.00 (err: 7.00)
  [root-node] y: expected -13.00, got 0.00 (err: 13.00)
  [root-node] width: expected 116.00, got 0.00 (err: 116.00)
  [root-node] height: expected 215.00, got 0.00 (err: 215.00)
  [root-node] borderBoxWidth: expected 148.00, got 0.00 (err: 148.00)
  [root-node] borderBoxHeight: expected 234.00, got 0.00 (err: 234.00)
  [root-node] outerWidth: expected 169.00, got 0.00 (err: 169.00)
  [root-node] outerHeight: expected 247.00, got 0.00 (err: 247.00)
  [root-node] padding.top: expected 5.00, got 0.00 (err: 5.00)
  [root-node] padding.right: expected 19.00, got 0.00 (err: 19.00)
  [root-node] padding.bottom: expected 6.00, got 0.00 (err: 6.00)
  [root-node] padding.left: expected 3.00, got 0.00 (err: 3.00)
  [root-node] border.top: expected 8.00, got 0.00 (err: 8.00)
  [root-node] border.right: expected 6.00, got 0.00 (err: 6.00)
  [root-node] border.left: expected 4.00, got 0.00 (err: 4.00)
  [root-node] margin.top: expected 13.00, got 0.00 (err: 13.00)
  [root-node] margin.right: expected 3.00, got 0.00 (err: 3.00)
  [root-node] margin.left: expected 18.00, got 0.00 (err: 18.00)
  [node-2] x: expected 10.00, got 0.00 (err: 10.00)
  [node-2] y: expected 4.00, got 0.00 (err: 4.00)
  [node-2] width: expected 199.00, got 0.00 (err: 199.00)
  [node-2] height: expected 228.00, got 0.00 (err: 228.00)
  [node-2] borderBoxWidth: expected 232.00, got 0.00 (err: 232.00)
  [node-2] borderBoxHeight: expected 242.00, got 0.00 (err: 242.00)
  [node-2] outerWidth: expected 258.00, got 0.00 (err: 258.00)
  [node-2] outerHeight: expected 246.00, got 0.00 (err: 246.00)
  [node-2] padding.top: expected 1.00, got 0.00 (err: 1.00)
  [node-2] padding.right: expected 15.00, got 0.00 (err: 15.00)
  [node-2] padding.bottom: expected 3.00, got 0.00 (err: 3.00)
  [node-2] padding.left: expected 14.00, got 0.00 (err: 14.00)
  [node-2] border.right: expected 2.00, got 0.00 (err: 2.00)
  [node-2] border.bottom: expected 10.00, got 0.00 (err: 10.00)
  [node-2] border.left: expected 2.00, got 0.00 (err: 2.00)
  [node-2] margin.top: expected 4.00, got 0.00 (err: 4.00)
  [node-2] margin.right: expected 16.00, got 0.00 (err: 16.00)
  [node-2] margin.left: expected 10.00, got 0.00 (err: 10.00)
  [node-3] x: expected 33.00, got 0.00 (err: 33.00)
  [node-3] y: expected 25.00, got 0.00 (err: 25.00)
  [node-3] width: expected 261.00, got 0.00 (err: 261.00)
  [node-3] height: expected 230.00, got 0.00 (err: 230.00)
  [node-3] borderBoxWidth: expected 293.00, got 0.00 (err: 293.00)
  [node-3] borderBoxHeight: expected 256.00, got 0.00 (err: 256.00)
  [node-3] outerWidth: expected 307.00, got 0.00 (err: 307.00)
  [node-3] outerHeight: expected 276.00, got 0.00 (err: 276.00)
  [node-3] padding.top: expected 2.00, got 0.00 (err: 2.00)
  [node-3] padding.right: expected 6.00, got 0.00 (err: 6.00)
  [node-3] padding.bottom: expected 14.00, got 0.00 (err: 14.00)
  [node-3] padding.left: expected 13.00, got 0.00 (err: 13.00)
  [node-3] border.top: expected 2.00, got 0.00 (err: 2.00)
  [node-3] border.right: expected 7.00, got 0.00 (err: 7.00)
  [node-3] border.bottom: expected 8.00, got 0.00 (err: 8.00)
  [node-3] border.left: expected 6.00, got 0.00 (err: 6.00)
  [node-3] margin.top: expected 20.00, got 0.00 (err: 20.00)
  [node-3] margin.right: expected 7.00, got 0.00 (err: 7.00)
  [node-3] margin.left: expected 7.00, got 0.00 (err: 7.00)
  [node-4] x: expected 15.00, got 0.00 (err: 15.00)
  [node-4] y: expected 262.00, got 0.00 (err: 262.00)
  [node-4] width: expected 203.00, got 0.00 (err: 203.00)
  [node-4] height: expected 241.00, got 0.00 (err: 241.00)
  [node-4] borderBoxWidth: expected 237.00, got 0.00 (err: 237.00)
  [node-4] borderBoxHeight: expected 285.00, got 0.00 (err: 285.00)
  [node-4] outerWidth: expected 256.00, got 0.00 (err: 256.00)
  [node-4] outerHeight: expected 301.00, got 0.00 (err: 301.00)
  [node-4] padding.top: expected 11.00, got 0.00 (err: 11.00)
  [node-4] padding.right: expected 12.00, got 0.00 (err: 12.00)
  [node-4] padding.bottom: expected 14.00, got 0.00 (err: 14.00)
  [node-4] padding.left: expected 10.00, got 0.00 (err: 10.00)
  [node-4] border.top: expected 10.00, got 0.00 (err: 10.00)
  [node-4] border.right: expected 8.00, got 0.00 (err: 8.00)
  [node-4] border.bottom: expected 9.00, got 0.00 (err: 9.00)
  [node-4] border.left: expected 4.00, got 0.00 (err: 4.00)
  [node-4] margin.top: expected 16.00, got 0.00 (err: 16.00)
  [node-4] margin.right: expected 4.00, got 0.00 (err: 4.00)
  [node-4] margin.left: expected 15.00, got 0.00 (err: 15.00)
  [node-5] x: expected 42.00, got 0.00 (err: 42.00)
  [node-5] y: expected 294.00, got 0.00 (err: 294.00)
  [node-5] width: expected 255.00, got 0.00 (err: 255.00)
  [node-5] height: expected 72.00, got 0.00 (err: 72.00)
  [node-5] borderBoxWidth: expected 284.00, got 0.00 (err: 284.00)
  [node-5] borderBoxHeight: expected 103.00, got 0.00 (err: 103.00)
  [node-5] outerWidth: expected 315.00, got 0.00 (err: 315.00)
  [node-5] outerHeight: expected 114.00, got 0.00 (err: 114.00)
  [node-5] padding.top: expected 4.00, got 0.00 (err: 4.00)
  [node-5] padding.right: expected 15.00, got 0.00 (err: 15.00)
  [node-5] padding.bottom: expected 20.00, got 0.00 (err: 20.00)
  [node-5] padding.left: expected 6.00, got 0.00 (err: 6.00)
  [node-5] border.top: expected 2.00, got 0.00 (err: 2.00)
  [node-5] border.right: expected 4.00, got 0.00 (err: 4.00)
  [node-5] border.bottom: expected 5.00, got 0.00 (err: 5.00)
  [node-5] border.left: expected 4.00, got 0.00 (err: 4.00)
  [node-5] margin.top: expected 11.00, got 0.00 (err: 11.00)
  [node-5] margin.right: expected 18.00, got 0.00 (err: 18.00)
  [node-5] margin.left: expected 13.00, got 0.00 (err: 13.00)
  [node-6] x: expected 35.00, got 0.00 (err: 35.00)
  [node-6] y: expected 406.00, got 0.00 (err: 406.00)
  [node-6] width: expected 116.00, got 0.00 (err: 116.00)
  [node-6] height: expected 265.00, got 0.00 (err: 265.00)
  [node-6] borderBoxWidth: expected 162.00, got 0.00 (err: 162.00)
  [node-6] borderBoxHeight: expected 269.00, got 0.00 (err: 269.00)
  [node-6] outerWidth: expected 174.00, got 0.00 (err: 174.00)
  [node-6] outerHeight: expected 278.00, got 0.00 (err: 278.00)
  [node-6] padding.top: expected 2.00, got 0.00 (err: 2.00)
  [node-6] padding.right: expected 20.00, got 0.00 (err: 20.00)
  [node-6] padding.left: expected 11.00, got 0.00 (err: 11.00)
  [node-6] border.top: expected 1.00, got 0.00 (err: 1.00)
  [node-6] border.right: expected 6.00, got 0.00 (err: 6.00)
  [node-6] border.bottom: expected 1.00, got 0.00 (err: 1.00)
  [node-6] border.left: expected 9.00, got 0.00 (err: 9.00)
  [node-6] margin.top: expected 9.00, got 0.00 (err: 9.00)
  [node-6] margin.right: expected 6.00, got 0.00 (err: 6.00)
  [node-6] margin.left: expected 6.00, got 0.00 (err: 6.00)
  [node-7] x: expected 1.00, got 0.00 (err: 1.00)
  [node-7] y: expected 547.00, got 0.00 (err: 547.00)
  [node-7] width: expected 248.00, got 0.00 (err: 248.00)
  [node-7] height: expected 256.00, got 0.00 (err: 256.00)
  [node-7] borderBoxWidth: expected 278.00, got 0.00 (err: 278.00)
  [node-7] borderBoxHeight: expected 290.00, got 0.00 (err: 290.00)
  [node-7] outerWidth: expected 298.00, got 0.00 (err: 298.00)
  [node-7] outerHeight: expected 290.00, got 0.00 (err: 290.00)
  [node-7] padding.top: expected 11.00, got 0.00 (err: 11.00)
  [node-7] padding.right: expected 9.00, got 0.00 (err: 9.00)
  [node-7] padding.bottom: expected 17.00, got 0.00 (err: 17.00)
  [node-7] padding.left: expected 14.00, got 0.00 (err: 14.00)
  [node-7] border.top: expected 6.00, got 0.00 (err: 6.00)
  [node-7] border.right: expected 4.00, got 0.00 (err: 4.00)
  [node-7] border.left: expected 3.00, got 0.00 (err: 3.00)
  [node-7] margin.right: expected 19.00, got 0.00 (err: 19.00)
  [node-7] margin.left: expected 1.00, got 0.00 (err: 1.00)
  [node-8] x: expected 32.00, got 0.00 (err: 32.00)
  [node-8] y: expected 579.00, got 0.00 (err: 579.00)
  [node-8] width: expected 126.00, got 0.00 (err: 126.00)
  [node-8] height: expected 132.00, got 0.00 (err: 132.00)
  [node-8] borderBoxWidth: expected 158.00, got 0.00 (err: 158.00)
  [node-8] borderBoxHeight: expected 160.00, got 0.00 (err: 160.00)
  [node-8] outerWidth: expected 174.00, got 0.00 (err: 174.00)
  [node-8] outerHeight: expected 175.00, got 0.00 (err: 175.00)
  [node-8] padding.top: expected 5.00, got 0.00 (err: 5.00)
  [node-8] padding.right: expected 9.00, got 0.00 (err: 9.00)
  [node-8] padding.bottom: expected 15.00, got 0.00 (err: 15.00)
  [node-8] padding.left: expected 7.00, got 0.00 (err: 7.00)
  [node-8] border.right: expected 7.00, got 0.00 (err: 7.00)
  [node-8] border.bottom: expected 8.00, got 0.00 (err: 8.00)
  [node-8] border.left: expected 9.00, got 0.00 (err: 9.00)
  [node-8] margin.top: expected 15.00, got 0.00 (err: 15.00)
  [node-8] margin.right: expected 2.00, got 0.00 (err: 2.00)
  [node-8] margin.left: expected 14.00, got 0.00 (err: 14.00)

❌ Fixture Failed: tier-1-10038.json (Tier 1, Seed 10038)
   Mean Error for test: 70.8750px
  [root-node] x: expected -9.00, got 0.00 (err: 9.00)
  [root-node] y: expected -4.00, got 0.00 (err: 4.00)
  [root-node] width: expected 140.00, got 0.00 (err: 140.00)
  [root-node] height: expected 177.00, got 0.00 (err: 177.00)
  [root-node] borderBoxWidth: expected 158.00, got 0.00 (err: 158.00)
  [root-node] borderBoxHeight: expected 193.00, got 0.00 (err: 193.00)
  [root-node] outerWidth: expected 175.00, got 0.00 (err: 175.00)
  [root-node] outerHeight: expected 196.00, got 0.00 (err: 196.00)
  [root-node] padding.top: expected 1.00, got 0.00 (err: 1.00)
  [root-node] padding.right: expected 3.00, got 0.00 (err: 3.00)
  [root-node] padding.bottom: expected 5.00, got 0.00 (err: 5.00)
  [root-node] padding.left: expected 4.00, got 0.00 (err: 4.00)
  [root-node] border.top: expected 3.00, got 0.00 (err: 3.00)
  [root-node] border.right: expected 6.00, got 0.00 (err: 6.00)
  [root-node] border.bottom: expected 7.00, got 0.00 (err: 7.00)
  [root-node] border.left: expected 5.00, got 0.00 (err: 5.00)
  [root-node] margin.top: expected 3.00, got 0.00 (err: 3.00)
  [root-node] margin.left: expected 17.00, got 0.00 (err: 17.00)
  [node-2] x: expected 15.00, got 0.00 (err: 15.00)
  [node-2] y: expected 15.00, got 0.00 (err: 15.00)
  [node-2] width: expected 59.00, got 0.00 (err: 59.00)
  [node-2] height: expected 192.00, got 0.00 (err: 192.00)
  [node-2] borderBoxWidth: expected 96.00, got 0.00 (err: 96.00)
  [node-2] borderBoxHeight: expected 219.00, got 0.00 (err: 219.00)
  [node-2] outerWidth: expected 119.00, got 0.00 (err: 119.00)
  [node-2] outerHeight: expected 234.00, got 0.00 (err: 234.00)
  [node-2] padding.top: expected 5.00, got 0.00 (err: 5.00)
  [node-2] padding.right: expected 6.00, got 0.00 (err: 6.00)
  [node-2] padding.bottom: expected 13.00, got 0.00 (err: 13.00)
  [node-2] padding.left: expected 18.00, got 0.00 (err: 18.00)
  [node-2] border.top: expected 1.00, got 0.00 (err: 1.00)
  [node-2] border.right: expected 9.00, got 0.00 (err: 9.00)
  [node-2] border.bottom: expected 8.00, got 0.00 (err: 8.00)
  [node-2] border.left: expected 4.00, got 0.00 (err: 4.00)
  [node-2] margin.top: expected 15.00, got 0.00 (err: 15.00)
  [node-2] margin.right: expected 8.00, got 0.00 (err: 8.00)
  [node-2] margin.left: expected 15.00, got 0.00 (err: 15.00)
  [node-3] x: expected 46.00, got 0.00 (err: 46.00)
  [node-3] y: expected 24.00, got 0.00 (err: 24.00)
  [node-3] width: expected 191.00, got 0.00 (err: 191.00)
  [node-3] height: expected 131.00, got 0.00 (err: 131.00)
  [node-3] borderBoxWidth: expected 224.00, got 0.00 (err: 224.00)
  [node-3] borderBoxHeight: expected 166.00, got 0.00 (err: 166.00)
  [node-3] outerWidth: expected 244.00, got 0.00 (err: 244.00)
  [node-3] outerHeight: expected 169.00, got 0.00 (err: 169.00)
  [node-3] padding.top: expected 9.00, got 0.00 (err: 9.00)
  [node-3] padding.bottom: expected 20.00, got 0.00 (err: 20.00)
  [node-3] padding.left: expected 20.00, got 0.00 (err: 20.00)
  [node-3] border.top: expected 3.00, got 0.00 (err: 3.00)
  [node-3] border.right: expected 4.00, got 0.00 (err: 4.00)
  [node-3] border.bottom: expected 3.00, got 0.00 (err: 3.00)
  [node-3] border.left: expected 9.00, got 0.00 (err: 9.00)
  [node-3] margin.top: expected 3.00, got 0.00 (err: 3.00)
  [node-3] margin.right: expected 11.00, got 0.00 (err: 11.00)
  [node-3] margin.left: expected 9.00, got 0.00 (err: 9.00)
  [node-4] x: expected 12.00, got 0.00 (err: 12.00)
  [node-4] y: expected 241.00, got 0.00 (err: 241.00)
  [node-4] width: expected 55.00, got 0.00 (err: 55.00)
  [node-4] height: expected 128.00, got 0.00 (err: 128.00)
  [node-4] borderBoxWidth: expected 85.00, got 0.00 (err: 85.00)
  [node-4] borderBoxHeight: expected 161.00, got 0.00 (err: 161.00)
  [node-4] outerWidth: expected 110.00, got 0.00 (err: 110.00)
  [node-4] outerHeight: expected 168.00, got 0.00 (err: 168.00)
  [node-4] padding.top: expected 16.00, got 0.00 (err: 16.00)
  [node-4] padding.right: expected 7.00, got 0.00 (err: 7.00)
  [node-4] padding.bottom: expected 12.00, got 0.00 (err: 12.00)
  [node-4] padding.left: expected 16.00, got 0.00 (err: 16.00)
  [node-4] border.right: expected 4.00, got 0.00 (err: 4.00)
  [node-4] border.bottom: expected 5.00, got 0.00 (err: 5.00)
  [node-4] border.left: expected 3.00, got 0.00 (err: 3.00)
  [node-4] margin.top: expected 7.00, got 0.00 (err: 7.00)
  [node-4] margin.right: expected 13.00, got 0.00 (err: 13.00)
  [node-4] margin.left: expected 12.00, got 0.00 (err: 12.00)
  [node-5] x: expected 35.00, got 0.00 (err: 35.00)
  [node-5] y: expected 272.00, got 0.00 (err: 272.00)
  [node-5] width: expected 226.00, got 0.00 (err: 226.00)
  [node-5] height: expected 152.00, got 0.00 (err: 152.00)
  [node-5] borderBoxWidth: expected 259.00, got 0.00 (err: 259.00)
  [node-5] borderBoxHeight: expected 180.00, got 0.00 (err: 180.00)
  [node-5] outerWidth: expected 263.00, got 0.00 (err: 263.00)
  [node-5] outerHeight: expected 195.00, got 0.00 (err: 195.00)
  [node-5] padding.top: expected 16.00, got 0.00 (err: 16.00)
  [node-5] padding.right: expected 15.00, got 0.00 (err: 15.00)
  [node-5] padding.bottom: expected 6.00, got 0.00 (err: 6.00)
  [node-5] padding.left: expected 1.00, got 0.00 (err: 1.00)
  [node-5] border.right: expected 10.00, got 0.00 (err: 10.00)
  [node-5] border.bottom: expected 6.00, got 0.00 (err: 6.00)
  [node-5] border.left: expected 7.00, got 0.00 (err: 7.00)
  [node-5] margin.top: expected 15.00, got 0.00 (err: 15.00)
  [node-5] margin.left: expected 4.00, got 0.00 (err: 4.00)
  [node-6] x: expected 48.00, got 0.00 (err: 48.00)
  [node-6] y: expected 470.00, got 0.00 (err: 470.00)
  [node-6] width: expected 95.00, got 0.00 (err: 95.00)
  [node-6] height: expected 146.00, got 0.00 (err: 146.00)
  [node-6] borderBoxWidth: expected 124.00, got 0.00 (err: 124.00)
  [node-6] borderBoxHeight: expected 174.00, got 0.00 (err: 174.00)
  [node-6] outerWidth: expected 156.00, got 0.00 (err: 156.00)
  [node-6] outerHeight: expected 192.00, got 0.00 (err: 192.00)
  [node-6] padding.top: expected 7.00, got 0.00 (err: 7.00)
  [node-6] padding.right: expected 10.00, got 0.00 (err: 10.00)
  [node-6] padding.bottom: expected 12.00, got 0.00 (err: 12.00)
  [node-6] padding.left: expected 6.00, got 0.00 (err: 6.00)
  [node-6] border.top: expected 2.00, got 0.00 (err: 2.00)
  [node-6] border.right: expected 9.00, got 0.00 (err: 9.00)
  [node-6] border.bottom: expected 7.00, got 0.00 (err: 7.00)
  [node-6] border.left: expected 4.00, got 0.00 (err: 4.00)
  [node-6] margin.top: expected 18.00, got 0.00 (err: 18.00)
  [node-6] margin.right: expected 15.00, got 0.00 (err: 15.00)
  [node-6] margin.left: expected 17.00, got 0.00 (err: 17.00)
  [node-7] y: expected 405.00, got 0.00 (err: 405.00)
  [node-7] width: expected 261.00, got 0.00 (err: 261.00)
  [node-7] height: expected 222.00, got 0.00 (err: 222.00)
  [node-7] borderBoxWidth: expected 291.00, got 0.00 (err: 291.00)
  [node-7] borderBoxHeight: expected 250.00, got 0.00 (err: 250.00)
  [node-7] outerWidth: expected 306.00, got 0.00 (err: 306.00)
  [node-7] outerHeight: expected 253.00, got 0.00 (err: 253.00)
  [node-7] padding.top: expected 4.00, got 0.00 (err: 4.00)
  [node-7] padding.right: expected 20.00, got 0.00 (err: 20.00)
  [node-7] padding.bottom: expected 15.00, got 0.00 (err: 15.00)
  [node-7] padding.left: expected 5.00, got 0.00 (err: 5.00)
  [node-7] border.right: expected 2.00, got 0.00 (err: 2.00)
  [node-7] border.bottom: expected 9.00, got 0.00 (err: 9.00)
  [node-7] border.left: expected 3.00, got 0.00 (err: 3.00)
  [node-7] margin.top: expected 3.00, got 0.00 (err: 3.00)
  [node-7] margin.right: expected 15.00, got 0.00 (err: 15.00)
  [node-8] x: expected 23.00, got 0.00 (err: 23.00)
  [node-8] y: expected 410.00, got 0.00 (err: 410.00)
  [node-8] width: expected 197.00, got 0.00 (err: 197.00)
  [node-8] height: expected 115.00, got 0.00 (err: 115.00)
  [node-8] borderBoxWidth: expected 235.00, got 0.00 (err: 235.00)
  [node-8] borderBoxHeight: expected 144.00, got 0.00 (err: 144.00)
  [node-8] outerWidth: expected 251.00, got 0.00 (err: 251.00)
  [node-8] outerHeight: expected 145.00, got 0.00 (err: 145.00)
  [node-8] padding.top: expected 5.00, got 0.00 (err: 5.00)
  [node-8] padding.right: expected 17.00, got 0.00 (err: 17.00)
  [node-8] padding.bottom: expected 19.00, got 0.00 (err: 19.00)
  [node-8] padding.left: expected 14.00, got 0.00 (err: 14.00)
  [node-8] border.top: expected 2.00, got 0.00 (err: 2.00)
  [node-8] border.bottom: expected 3.00, got 0.00 (err: 3.00)
  [node-8] border.left: expected 7.00, got 0.00 (err: 7.00)
  [node-8] margin.top: expected 1.00, got 0.00 (err: 1.00)
  [node-8] margin.right: expected 1.00, got 0.00 (err: 1.00)
  [node-8] margin.left: expected 15.00, got 0.00 (err: 15.00)

❌ Fixture Failed: tier-1-10039.json (Tier 1, Seed 10039)
   Mean Error for test: 73.4750px
  [root-node] x: expected -12.00, got 0.00 (err: 12.00)
  [root-node] y: expected -27.00, got 0.00 (err: 27.00)
  [root-node] width: expected 168.00, got 0.00 (err: 168.00)
  [root-node] height: expected 151.00, got 0.00 (err: 151.00)
  [root-node] borderBoxWidth: expected 194.00, got 0.00 (err: 194.00)
  [root-node] borderBoxHeight: expected 184.00, got 0.00 (err: 184.00)
  [root-node] outerWidth: expected 230.00, got 0.00 (err: 230.00)
  [root-node] outerHeight: expected 198.00, got 0.00 (err: 198.00)
  [root-node] padding.top: expected 18.00, got 0.00 (err: 18.00)
  [root-node] padding.right: expected 7.00, got 0.00 (err: 7.00)
  [root-node] padding.bottom: expected 4.00, got 0.00 (err: 4.00)
  [root-node] padding.left: expected 6.00, got 0.00 (err: 6.00)
  [root-node] border.top: expected 9.00, got 0.00 (err: 9.00)
  [root-node] border.right: expected 7.00, got 0.00 (err: 7.00)
  [root-node] border.bottom: expected 2.00, got 0.00 (err: 2.00)
  [root-node] border.left: expected 6.00, got 0.00 (err: 6.00)
  [root-node] margin.top: expected 14.00, got 0.00 (err: 14.00)
  [root-node] margin.right: expected 19.00, got 0.00 (err: 19.00)
  [root-node] margin.left: expected 17.00, got 0.00 (err: 17.00)
  [node-2] y: expected 5.00, got 0.00 (err: 5.00)
  [node-2] width: expected 170.00, got 0.00 (err: 170.00)
  [node-2] height: expected 156.00, got 0.00 (err: 156.00)
  [node-2] borderBoxWidth: expected 200.00, got 0.00 (err: 200.00)
  [node-2] borderBoxHeight: expected 177.00, got 0.00 (err: 177.00)
  [node-2] outerWidth: expected 220.00, got 0.00 (err: 220.00)
  [node-2] outerHeight: expected 182.00, got 0.00 (err: 182.00)
  [node-2] padding.top: expected 9.00, got 0.00 (err: 9.00)
  [node-2] padding.right: expected 18.00, got 0.00 (err: 18.00)
  [node-2] padding.bottom: expected 3.00, got 0.00 (err: 3.00)
  [node-2] padding.left: expected 1.00, got 0.00 (err: 1.00)
  [node-2] border.top: expected 3.00, got 0.00 (err: 3.00)
  [node-2] border.right: expected 5.00, got 0.00 (err: 5.00)
  [node-2] border.bottom: expected 6.00, got 0.00 (err: 6.00)
  [node-2] border.left: expected 6.00, got 0.00 (err: 6.00)
  [node-2] margin.top: expected 5.00, got 0.00 (err: 5.00)
  [node-2] margin.right: expected 20.00, got 0.00 (err: 20.00)
  [node-3] x: expected 19.00, got 0.00 (err: 19.00)
  [node-3] y: expected 24.00, got 0.00 (err: 24.00)
  [node-3] width: expected 122.00, got 0.00 (err: 122.00)
  [node-3] height: expected 283.00, got 0.00 (err: 283.00)
  [node-3] borderBoxWidth: expected 143.00, got 0.00 (err: 143.00)
  [node-3] borderBoxHeight: expected 320.00, got 0.00 (err: 320.00)
  [node-3] outerWidth: expected 169.00, got 0.00 (err: 169.00)
  [node-3] outerHeight: expected 327.00, got 0.00 (err: 327.00)
  [node-3] padding.top: expected 17.00, got 0.00 (err: 17.00)
  [node-3] padding.right: expected 15.00, got 0.00 (err: 15.00)
  [node-3] padding.bottom: expected 6.00, got 0.00 (err: 6.00)
  [node-3] padding.left: expected 6.00, got 0.00 (err: 6.00)
  [node-3] border.top: expected 5.00, got 0.00 (err: 5.00)
  [node-3] border.bottom: expected 9.00, got 0.00 (err: 9.00)
  [node-3] margin.top: expected 7.00, got 0.00 (err: 7.00)
  [node-3] margin.right: expected 14.00, got 0.00 (err: 14.00)
  [node-3] margin.left: expected 12.00, got 0.00 (err: 12.00)
  [node-4] x: expected 16.00, got 0.00 (err: 16.00)
  [node-4] y: expected 363.00, got 0.00 (err: 363.00)
  [node-4] width: expected 185.00, got 0.00 (err: 185.00)
  [node-4] height: expected 289.00, got 0.00 (err: 289.00)
  [node-4] borderBoxWidth: expected 191.00, got 0.00 (err: 191.00)
  [node-4] borderBoxHeight: expected 303.00, got 0.00 (err: 303.00)
  [node-4] outerWidth: expected 202.00, got 0.00 (err: 202.00)
  [node-4] outerHeight: expected 322.00, got 0.00 (err: 322.00)
  [node-4] padding.top: expected 1.00, got 0.00 (err: 1.00)
  [node-4] padding.right: expected 2.00, got 0.00 (err: 2.00)
  [node-4] padding.bottom: expected 10.00, got 0.00 (err: 10.00)
  [node-4] padding.left: expected 1.00, got 0.00 (err: 1.00)
  [node-4] border.top: expected 2.00, got 0.00 (err: 2.00)
  [node-4] border.right: expected 1.00, got 0.00 (err: 1.00)
  [node-4] border.bottom: expected 1.00, got 0.00 (err: 1.00)
  [node-4] border.left: expected 2.00, got 0.00 (err: 2.00)
  [node-4] margin.top: expected 19.00, got 0.00 (err: 19.00)
  [node-4] margin.right: expected 2.00, got 0.00 (err: 2.00)
  [node-4] margin.left: expected 9.00, got 0.00 (err: 9.00)

❌ Fixture Failed: tier-1-10040.json (Tier 1, Seed 10040)
   Mean Error for test: 71.4562px
  [root-node] x: expected -15.00, got 0.00 (err: 15.00)
  [root-node] y: expected -18.00, got 0.00 (err: 18.00)
  [root-node] width: expected 178.00, got 0.00 (err: 178.00)
  [root-node] height: expected 110.00, got 0.00 (err: 110.00)
  [root-node] borderBoxWidth: expected 212.00, got 0.00 (err: 212.00)
  [root-node] borderBoxHeight: expected 139.00, got 0.00 (err: 139.00)
  [root-node] outerWidth: expected 245.00, got 0.00 (err: 245.00)
  [root-node] outerHeight: expected 143.00, got 0.00 (err: 143.00)
  [root-node] padding.top: expected 13.00, got 0.00 (err: 13.00)
  [root-node] padding.right: expected 12.00, got 0.00 (err: 12.00)
  [root-node] padding.bottom: expected 3.00, got 0.00 (err: 3.00)
  [root-node] padding.left: expected 7.00, got 0.00 (err: 7.00)
  [root-node] border.top: expected 5.00, got 0.00 (err: 5.00)
  [root-node] border.right: expected 7.00, got 0.00 (err: 7.00)
  [root-node] border.bottom: expected 8.00, got 0.00 (err: 8.00)
  [root-node] border.left: expected 8.00, got 0.00 (err: 8.00)
  [root-node] margin.top: expected 4.00, got 0.00 (err: 4.00)
  [root-node] margin.right: expected 16.00, got 0.00 (err: 16.00)
  [root-node] margin.left: expected 17.00, got 0.00 (err: 17.00)
  [node-2] x: expected 6.00, got 0.00 (err: 6.00)
  [node-2] y: expected 16.00, got 0.00 (err: 16.00)
  [node-2] width: expected 281.00, got 0.00 (err: 281.00)
  [node-2] height: expected 120.00, got 0.00 (err: 120.00)
  [node-2] borderBoxWidth: expected 305.00, got 0.00 (err: 305.00)
  [node-2] borderBoxHeight: expected 154.00, got 0.00 (err: 154.00)
  [node-2] outerWidth: expected 322.00, got 0.00 (err: 322.00)
  [node-2] outerHeight: expected 170.00, got 0.00 (err: 170.00)
  [node-2] padding.top: expected 12.00, got 0.00 (err: 12.00)
  [node-2] padding.right: expected 9.00, got 0.00 (err: 9.00)
  [node-2] padding.bottom: expected 13.00, got 0.00 (err: 13.00)
  [node-2] padding.left: expected 5.00, got 0.00 (err: 5.00)
  [node-2] border.top: expected 5.00, got 0.00 (err: 5.00)
  [node-2] border.right: expected 1.00, got 0.00 (err: 1.00)
  [node-2] border.bottom: expected 4.00, got 0.00 (err: 4.00)
  [node-2] border.left: expected 9.00, got 0.00 (err: 9.00)
  [node-2] margin.top: expected 16.00, got 0.00 (err: 16.00)
  [node-2] margin.right: expected 11.00, got 0.00 (err: 11.00)
  [node-2] margin.left: expected 6.00, got 0.00 (err: 6.00)
  [node-3] x: expected 34.00, got 0.00 (err: 34.00)
  [node-3] y: expected 43.00, got 0.00 (err: 43.00)
  [node-3] width: expected 52.00, got 0.00 (err: 52.00)
  [node-3] height: expected 184.00, got 0.00 (err: 184.00)
  [node-3] borderBoxWidth: expected 84.00, got 0.00 (err: 84.00)
  [node-3] borderBoxHeight: expected 208.00, got 0.00 (err: 208.00)
  [node-3] outerWidth: expected 115.00, got 0.00 (err: 115.00)
  [node-3] outerHeight: expected 218.00, got 0.00 (err: 218.00)
  [node-3] padding.top: expected 3.00, got 0.00 (err: 3.00)
  [node-3] padding.right: expected 9.00, got 0.00 (err: 9.00)
  [node-3] padding.bottom: expected 12.00, got 0.00 (err: 12.00)
  [node-3] padding.left: expected 12.00, got 0.00 (err: 12.00)
  [node-3] border.top: expected 6.00, got 0.00 (err: 6.00)
  [node-3] border.right: expected 8.00, got 0.00 (err: 8.00)
  [node-3] border.bottom: expected 3.00, got 0.00 (err: 3.00)
  [node-3] border.left: expected 3.00, got 0.00 (err: 3.00)
  [node-3] margin.top: expected 10.00, got 0.00 (err: 10.00)
  [node-3] margin.right: expected 17.00, got 0.00 (err: 17.00)
  [node-3] margin.left: expected 14.00, got 0.00 (err: 14.00)
  [node-4] x: expected 26.00, got 0.00 (err: 26.00)
  [node-4] y: expected 261.00, got 0.00 (err: 261.00)
  [node-4] width: expected 284.00, got 0.00 (err: 284.00)
  [node-4] height: expected 166.00, got 0.00 (err: 166.00)
  [node-4] borderBoxWidth: expected 316.00, got 0.00 (err: 316.00)
  [node-4] borderBoxHeight: expected 191.00, got 0.00 (err: 191.00)
  [node-4] outerWidth: expected 333.00, got 0.00 (err: 333.00)
  [node-4] outerHeight: expected 201.00, got 0.00 (err: 201.00)
  [node-4] padding.top: expected 6.00, got 0.00 (err: 6.00)
  [node-4] padding.right: expected 17.00, got 0.00 (err: 17.00)
  [node-4] padding.bottom: expected 8.00, got 0.00 (err: 8.00)
  [node-4] padding.left: expected 6.00, got 0.00 (err: 6.00)
  [node-4] border.top: expected 3.00, got 0.00 (err: 3.00)
  [node-4] border.right: expected 8.00, got 0.00 (err: 8.00)
  [node-4] border.bottom: expected 8.00, got 0.00 (err: 8.00)
  [node-4] border.left: expected 1.00, got 0.00 (err: 1.00)
  [node-4] margin.top: expected 10.00, got 0.00 (err: 10.00)
  [node-4] margin.right: expected 11.00, got 0.00 (err: 11.00)
  [node-4] margin.left: expected 6.00, got 0.00 (err: 6.00)
  [node-5] x: expected 10.00, got 0.00 (err: 10.00)
  [node-5] y: expected 182.00, got 0.00 (err: 182.00)
  [node-5] width: expected 83.00, got 0.00 (err: 83.00)
  [node-5] height: expected 168.00, got 0.00 (err: 168.00)
  [node-5] borderBoxWidth: expected 117.00, got 0.00 (err: 117.00)
  [node-5] borderBoxHeight: expected 187.00, got 0.00 (err: 187.00)
  [node-5] outerWidth: expected 130.00, got 0.00 (err: 130.00)
  [node-5] outerHeight: expected 199.00, got 0.00 (err: 199.00)
  [node-5] padding.top: expected 1.00, got 0.00 (err: 1.00)
  [node-5] padding.right: expected 19.00, got 0.00 (err: 19.00)
  [node-5] padding.bottom: expected 14.00, got 0.00 (err: 14.00)
  [node-5] border.top: expected 4.00, got 0.00 (err: 4.00)
  [node-5] border.right: expected 7.00, got 0.00 (err: 7.00)
  [node-5] border.left: expected 8.00, got 0.00 (err: 8.00)
  [node-5] margin.top: expected 12.00, got 0.00 (err: 12.00)
  [node-5] margin.right: expected 3.00, got 0.00 (err: 3.00)
  [node-5] margin.left: expected 10.00, got 0.00 (err: 10.00)
  [node-6] x: expected 35.00, got 0.00 (err: 35.00)
  [node-6] y: expected 203.00, got 0.00 (err: 203.00)
  [node-6] width: expected 173.00, got 0.00 (err: 173.00)
  [node-6] height: expected 114.00, got 0.00 (err: 114.00)
  [node-6] borderBoxWidth: expected 212.00, got 0.00 (err: 212.00)
  [node-6] borderBoxHeight: expected 151.00, got 0.00 (err: 151.00)
  [node-6] outerWidth: expected 241.00, got 0.00 (err: 241.00)
  [node-6] outerHeight: expected 167.00, got 0.00 (err: 167.00)
  [node-6] padding.top: expected 17.00, got 0.00 (err: 17.00)
  [node-6] padding.right: expected 11.00, got 0.00 (err: 11.00)
  [node-6] padding.bottom: expected 15.00, got 0.00 (err: 15.00)
  [node-6] padding.left: expected 18.00, got 0.00 (err: 18.00)
  [node-6] border.top: expected 4.00, got 0.00 (err: 4.00)
  [node-6] border.right: expected 4.00, got 0.00 (err: 4.00)
  [node-6] border.bottom: expected 1.00, got 0.00 (err: 1.00)
  [node-6] border.left: expected 6.00, got 0.00 (err: 6.00)
  [node-6] margin.top: expected 16.00, got 0.00 (err: 16.00)
  [node-6] margin.right: expected 12.00, got 0.00 (err: 12.00)
  [node-6] margin.left: expected 17.00, got 0.00 (err: 17.00)
  [node-7] x: expected 35.00, got 0.00 (err: 35.00)
  [node-7] y: expected 364.00, got 0.00 (err: 364.00)
  [node-7] width: expected 67.00, got 0.00 (err: 67.00)
  [node-7] height: expected 170.00, got 0.00 (err: 170.00)
  [node-7] borderBoxWidth: expected 88.00, got 0.00 (err: 88.00)
  [node-7] borderBoxHeight: expected 199.00, got 0.00 (err: 199.00)
  [node-7] outerWidth: expected 112.00, got 0.00 (err: 112.00)
  [node-7] outerHeight: expected 209.00, got 0.00 (err: 209.00)
  [node-7] padding.top: expected 11.00, got 0.00 (err: 11.00)
  [node-7] padding.bottom: expected 12.00, got 0.00 (err: 12.00)
  [node-7] padding.left: expected 9.00, got 0.00 (err: 9.00)
  [node-7] border.top: expected 1.00, got 0.00 (err: 1.00)
  [node-7] border.right: expected 9.00, got 0.00 (err: 9.00)
  [node-7] border.bottom: expected 5.00, got 0.00 (err: 5.00)
  [node-7] border.left: expected 3.00, got 0.00 (err: 3.00)
  [node-7] margin.top: expected 10.00, got 0.00 (err: 10.00)
  [node-7] margin.right: expected 7.00, got 0.00 (err: 7.00)
  [node-7] margin.left: expected 17.00, got 0.00 (err: 17.00)
  [node-8] x: expected 25.00, got 0.00 (err: 25.00)
  [node-8] y: expected 570.00, got 0.00 (err: 570.00)
  [node-8] width: expected 255.00, got 0.00 (err: 255.00)
  [node-8] height: expected 139.00, got 0.00 (err: 139.00)
  [node-8] borderBoxWidth: expected 278.00, got 0.00 (err: 278.00)
  [node-8] borderBoxHeight: expected 175.00, got 0.00 (err: 175.00)
  [node-8] outerWidth: expected 300.00, got 0.00 (err: 300.00)
  [node-8] outerHeight: expected 182.00, got 0.00 (err: 182.00)
  [node-8] padding.top: expected 5.00, got 0.00 (err: 5.00)
  [node-8] padding.right: expected 6.00, got 0.00 (err: 6.00)
  [node-8] padding.bottom: expected 14.00, got 0.00 (err: 14.00)
  [node-8] padding.left: expected 7.00, got 0.00 (err: 7.00)
  [node-8] border.top: expected 9.00, got 0.00 (err: 9.00)
  [node-8] border.right: expected 5.00, got 0.00 (err: 5.00)
  [node-8] border.bottom: expected 8.00, got 0.00 (err: 8.00)
  [node-8] border.left: expected 5.00, got 0.00 (err: 5.00)
  [node-8] margin.top: expected 7.00, got 0.00 (err: 7.00)
  [node-8] margin.right: expected 15.00, got 0.00 (err: 15.00)
  [node-8] margin.left: expected 7.00, got 0.00 (err: 7.00)

❌ Fixture Failed: tier-1-10041.json (Tier 1, Seed 10041)
   Mean Error for test: 68.0654px
  [root-node] x: expected -17.00, got 0.00 (err: 17.00)
  [root-node] y: expected -9.00, got 0.00 (err: 9.00)
  [root-node] width: expected 148.00, got 0.00 (err: 148.00)
  [root-node] height: expected 54.00, got 0.00 (err: 54.00)
  [root-node] borderBoxWidth: expected 188.00, got 0.00 (err: 188.00)
  [root-node] borderBoxHeight: expected 69.00, got 0.00 (err: 69.00)
  [root-node] outerWidth: expected 217.00, got 0.00 (err: 217.00)
  [root-node] outerHeight: expected 84.00, got 0.00 (err: 84.00)
  [root-node] padding.top: expected 9.00, got 0.00 (err: 9.00)
  [root-node] padding.right: expected 16.00, got 0.00 (err: 16.00)
  [root-node] padding.bottom: expected 2.00, got 0.00 (err: 2.00)
  [root-node] padding.left: expected 8.00, got 0.00 (err: 8.00)
  [root-node] border.right: expected 7.00, got 0.00 (err: 7.00)
  [root-node] border.bottom: expected 4.00, got 0.00 (err: 4.00)
  [root-node] border.left: expected 9.00, got 0.00 (err: 9.00)
  [root-node] margin.top: expected 15.00, got 0.00 (err: 15.00)
  [root-node] margin.right: expected 13.00, got 0.00 (err: 13.00)
  [root-node] margin.left: expected 16.00, got 0.00 (err: 16.00)
  [node-2] x: expected 12.00, got 0.00 (err: 12.00)
  [node-2] y: expected 6.00, got 0.00 (err: 6.00)
  [node-2] width: expected 142.00, got 0.00 (err: 142.00)
  [node-2] height: expected 84.00, got 0.00 (err: 84.00)
  [node-2] borderBoxWidth: expected 160.00, got 0.00 (err: 160.00)
  [node-2] borderBoxHeight: expected 111.00, got 0.00 (err: 111.00)
  [node-2] outerWidth: expected 175.00, got 0.00 (err: 175.00)
  [node-2] outerHeight: expected 117.00, got 0.00 (err: 117.00)
  [node-2] padding.top: expected 16.00, got 0.00 (err: 16.00)
  [node-2] padding.right: expected 1.00, got 0.00 (err: 1.00)
  [node-2] padding.bottom: expected 2.00, got 0.00 (err: 2.00)
  [node-2] padding.left: expected 9.00, got 0.00 (err: 9.00)
  [node-2] border.top: expected 7.00, got 0.00 (err: 7.00)
  [node-2] border.right: expected 8.00, got 0.00 (err: 8.00)
  [node-2] border.bottom: expected 2.00, got 0.00 (err: 2.00)
  [node-2] margin.top: expected 6.00, got 0.00 (err: 6.00)
  [node-2] margin.right: expected 3.00, got 0.00 (err: 3.00)
  [node-2] margin.left: expected 12.00, got 0.00 (err: 12.00)
  [node-3] x: expected 37.00, got 0.00 (err: 37.00)
  [node-3] y: expected 43.00, got 0.00 (err: 43.00)
  [node-3] width: expected 234.00, got 0.00 (err: 234.00)
  [node-3] height: expected 85.00, got 0.00 (err: 85.00)
  [node-3] borderBoxWidth: expected 266.00, got 0.00 (err: 266.00)
  [node-3] borderBoxHeight: expected 131.00, got 0.00 (err: 131.00)
  [node-3] outerWidth: expected 302.00, got 0.00 (err: 302.00)
  [node-3] outerHeight: expected 145.00, got 0.00 (err: 145.00)
  [node-3] padding.top: expected 10.00, got 0.00 (err: 10.00)
  [node-3] padding.right: expected 3.00, got 0.00 (err: 3.00)
  [node-3] padding.bottom: expected 19.00, got 0.00 (err: 19.00)
  [node-3] padding.left: expected 19.00, got 0.00 (err: 19.00)
  [node-3] border.top: expected 8.00, got 0.00 (err: 8.00)
  [node-3] border.right: expected 4.00, got 0.00 (err: 4.00)
  [node-3] border.bottom: expected 9.00, got 0.00 (err: 9.00)
  [node-3] border.left: expected 6.00, got 0.00 (err: 6.00)
  [node-3] margin.top: expected 14.00, got 0.00 (err: 14.00)
  [node-3] margin.right: expected 20.00, got 0.00 (err: 20.00)
  [node-3] margin.left: expected 16.00, got 0.00 (err: 16.00)
  [node-4] x: expected 25.00, got 0.00 (err: 25.00)
  [node-4] y: expected 175.00, got 0.00 (err: 175.00)
  [node-4] width: expected 132.00, got 0.00 (err: 132.00)
  [node-4] height: expected 294.00, got 0.00 (err: 294.00)
  [node-4] borderBoxWidth: expected 162.00, got 0.00 (err: 162.00)
  [node-4] borderBoxHeight: expected 319.00, got 0.00 (err: 319.00)
  [node-4] outerWidth: expected 186.00, got 0.00 (err: 186.00)
  [node-4] outerHeight: expected 320.00, got 0.00 (err: 320.00)
  [node-4] padding.top: expected 12.00, got 0.00 (err: 12.00)
  [node-4] padding.right: expected 12.00, got 0.00 (err: 12.00)
  [node-4] padding.bottom: expected 6.00, got 0.00 (err: 6.00)
  [node-4] padding.left: expected 12.00, got 0.00 (err: 12.00)
  [node-4] border.top: expected 4.00, got 0.00 (err: 4.00)
  [node-4] border.right: expected 5.00, got 0.00 (err: 5.00)
  [node-4] border.bottom: expected 3.00, got 0.00 (err: 3.00)
  [node-4] border.left: expected 1.00, got 0.00 (err: 1.00)
  [node-4] margin.top: expected 1.00, got 0.00 (err: 1.00)
  [node-4] margin.right: expected 20.00, got 0.00 (err: 20.00)
  [node-4] margin.left: expected 4.00, got 0.00 (err: 4.00)
  [node-5] x: expected 40.00, got 0.00 (err: 40.00)
  [node-5] y: expected 501.00, got 0.00 (err: 501.00)
  [node-5] width: expected 51.00, got 0.00 (err: 51.00)
  [node-5] height: expected 139.00, got 0.00 (err: 139.00)
  [node-5] borderBoxWidth: expected 83.00, got 0.00 (err: 83.00)
  [node-5] borderBoxHeight: expected 175.00, got 0.00 (err: 175.00)
  [node-5] outerWidth: expected 109.00, got 0.00 (err: 109.00)
  [node-5] outerHeight: expected 182.00, got 0.00 (err: 182.00)
  [node-5] padding.top: expected 7.00, got 0.00 (err: 7.00)
  [node-5] padding.right: expected 11.00, got 0.00 (err: 11.00)
  [node-5] padding.bottom: expected 13.00, got 0.00 (err: 13.00)
  [node-5] padding.left: expected 7.00, got 0.00 (err: 7.00)
  [node-5] border.top: expected 10.00, got 0.00 (err: 10.00)
  [node-5] border.right: expected 5.00, got 0.00 (err: 5.00)
  [node-5] border.bottom: expected 6.00, got 0.00 (err: 6.00)
  [node-5] border.left: expected 9.00, got 0.00 (err: 9.00)
  [node-5] margin.top: expected 7.00, got 0.00 (err: 7.00)
  [node-5] margin.right: expected 7.00, got 0.00 (err: 7.00)
  [node-5] margin.left: expected 19.00, got 0.00 (err: 19.00)
  [node-6] x: expected 1.00, got 0.00 (err: 1.00)
  [node-6] y: expected 130.00, got 0.00 (err: 130.00)
  [node-6] width: expected 262.00, got 0.00 (err: 262.00)
  [node-6] height: expected 145.00, got 0.00 (err: 145.00)
  [node-6] borderBoxWidth: expected 283.00, got 0.00 (err: 283.00)
  [node-6] borderBoxHeight: expected 175.00, got 0.00 (err: 175.00)
  [node-6] outerWidth: expected 288.00, got 0.00 (err: 288.00)
  [node-6] outerHeight: expected 188.00, got 0.00 (err: 188.00)
  [node-6] padding.top: expected 19.00, got 0.00 (err: 19.00)
  [node-6] padding.right: expected 1.00, got 0.00 (err: 1.00)
  [node-6] padding.left: expected 6.00, got 0.00 (err: 6.00)
  [node-6] border.top: expected 4.00, got 0.00 (err: 4.00)
  [node-6] border.right: expected 5.00, got 0.00 (err: 5.00)
  [node-6] border.bottom: expected 7.00, got 0.00 (err: 7.00)
  [node-6] border.left: expected 9.00, got 0.00 (err: 9.00)
  [node-6] margin.top: expected 13.00, got 0.00 (err: 13.00)
  [node-6] margin.right: expected 4.00, got 0.00 (err: 4.00)
  [node-6] margin.left: expected 1.00, got 0.00 (err: 1.00)
  [node-7] x: expected 31.00, got 0.00 (err: 31.00)
  [node-7] y: expected 166.00, got 0.00 (err: 166.00)
  [node-7] width: expected 80.00, got 0.00 (err: 80.00)
  [node-7] height: expected 129.00, got 0.00 (err: 129.00)
  [node-7] borderBoxWidth: expected 102.00, got 0.00 (err: 102.00)
  [node-7] borderBoxHeight: expected 153.00, got 0.00 (err: 153.00)
  [node-7] outerWidth: expected 120.00, got 0.00 (err: 120.00)
  [node-7] outerHeight: expected 166.00, got 0.00 (err: 166.00)
  [node-7] padding.top: expected 5.00, got 0.00 (err: 5.00)
  [node-7] padding.right: expected 12.00, got 0.00 (err: 12.00)
  [node-7] padding.bottom: expected 11.00, got 0.00 (err: 11.00)
  [node-7] border.top: expected 6.00, got 0.00 (err: 6.00)
  [node-7] border.right: expected 7.00, got 0.00 (err: 7.00)
  [node-7] border.bottom: expected 2.00, got 0.00 (err: 2.00)
  [node-7] border.left: expected 3.00, got 0.00 (err: 3.00)
  [node-7] margin.top: expected 13.00, got 0.00 (err: 13.00)
  [node-7] margin.right: expected 3.00, got 0.00 (err: 3.00)
  [node-7] margin.left: expected 15.00, got 0.00 (err: 15.00)
  [node-8] x: expected 19.00, got 0.00 (err: 19.00)
  [node-8] y: expected 333.00, got 0.00 (err: 333.00)
  [node-8] width: expected 217.00, got 0.00 (err: 217.00)
  [node-8] height: expected 216.00, got 0.00 (err: 216.00)
  [node-8] borderBoxWidth: expected 243.00, got 0.00 (err: 243.00)
  [node-8] borderBoxHeight: expected 232.00, got 0.00 (err: 232.00)
  [node-8] outerWidth: expected 247.00, got 0.00 (err: 247.00)
  [node-8] outerHeight: expected 246.00, got 0.00 (err: 246.00)
  [node-8] padding.top: expected 3.00, got 0.00 (err: 3.00)
  [node-8] padding.right: expected 7.00, got 0.00 (err: 7.00)
  [node-8] padding.bottom: expected 2.00, got 0.00 (err: 2.00)
  [node-8] padding.left: expected 11.00, got 0.00 (err: 11.00)
  [node-8] border.top: expected 10.00, got 0.00 (err: 10.00)
  [node-8] border.right: expected 7.00, got 0.00 (err: 7.00)
  [node-8] border.bottom: expected 1.00, got 0.00 (err: 1.00)
  [node-8] border.left: expected 1.00, got 0.00 (err: 1.00)
  [node-8] margin.top: expected 14.00, got 0.00 (err: 14.00)
  [node-8] margin.right: expected 1.00, got 0.00 (err: 1.00)
  [node-8] margin.left: expected 3.00, got 0.00 (err: 3.00)
  [node-9] x: expected 31.00, got 0.00 (err: 31.00)
  [node-9] y: expected 574.00, got 0.00 (err: 574.00)
  [node-9] width: expected 46.00, got 0.00 (err: 46.00)
  [node-9] height: expected 27.00, got 0.00 (err: 27.00)
  [node-9] borderBoxWidth: expected 74.00, got 0.00 (err: 74.00)
  [node-9] borderBoxHeight: expected 59.00, got 0.00 (err: 59.00)
  [node-9] outerWidth: expected 106.00, got 0.00 (err: 106.00)
  [node-9] outerHeight: expected 68.00, got 0.00 (err: 68.00)
  [node-9] padding.top: expected 19.00, got 0.00 (err: 19.00)
  [node-9] padding.right: expected 8.00, got 0.00 (err: 8.00)
  [node-9] padding.bottom: expected 2.00, got 0.00 (err: 2.00)
  [node-9] padding.left: expected 7.00, got 0.00 (err: 7.00)
  [node-9] border.top: expected 5.00, got 0.00 (err: 5.00)
  [node-9] border.right: expected 7.00, got 0.00 (err: 7.00)
  [node-9] border.bottom: expected 6.00, got 0.00 (err: 6.00)
  [node-9] border.left: expected 6.00, got 0.00 (err: 6.00)
  [node-9] margin.top: expected 9.00, got 0.00 (err: 9.00)
  [node-9] margin.right: expected 17.00, got 0.00 (err: 17.00)
  [node-9] margin.left: expected 15.00, got 0.00 (err: 15.00)
  [node-10] x: expected 10.00, got 0.00 (err: 10.00)
  [node-10] y: expected 305.00, got 0.00 (err: 305.00)
  [node-10] width: expected 175.00, got 0.00 (err: 175.00)
  [node-10] height: expected 179.00, got 0.00 (err: 179.00)
  [node-10] borderBoxWidth: expected 220.00, got 0.00 (err: 220.00)
  [node-10] borderBoxHeight: expected 217.00, got 0.00 (err: 217.00)
  [node-10] outerWidth: expected 241.00, got 0.00 (err: 241.00)
  [node-10] outerHeight: expected 217.00, got 0.00 (err: 217.00)
  [node-10] padding.top: expected 13.00, got 0.00 (err: 13.00)
  [node-10] padding.right: expected 17.00, got 0.00 (err: 17.00)
  [node-10] padding.bottom: expected 14.00, got 0.00 (err: 14.00)
  [node-10] padding.left: expected 9.00, got 0.00 (err: 9.00)
  [node-10] border.top: expected 4.00, got 0.00 (err: 4.00)
  [node-10] border.right: expected 10.00, got 0.00 (err: 10.00)
  [node-10] border.bottom: expected 7.00, got 0.00 (err: 7.00)
  [node-10] border.left: expected 9.00, got 0.00 (err: 9.00)
  [node-10] margin.right: expected 11.00, got 0.00 (err: 11.00)
  [node-10] margin.left: expected 10.00, got 0.00 (err: 10.00)
  [node-11] x: expected 45.00, got 0.00 (err: 45.00)
  [node-11] y: expected 327.00, got 0.00 (err: 327.00)
  [node-11] width: expected 65.00, got 0.00 (err: 65.00)
  [node-11] height: expected 77.00, got 0.00 (err: 77.00)
  [node-11] borderBoxWidth: expected 97.00, got 0.00 (err: 97.00)
  [node-11] borderBoxHeight: expected 126.00, got 0.00 (err: 126.00)
  [node-11] outerWidth: expected 132.00, got 0.00 (err: 132.00)
  [node-11] outerHeight: expected 131.00, got 0.00 (err: 131.00)
  [node-11] padding.top: expected 15.00, got 0.00 (err: 15.00)
  [node-11] padding.right: expected 17.00, got 0.00 (err: 17.00)
  [node-11] padding.bottom: expected 20.00, got 0.00 (err: 20.00)
  [node-11] padding.left: expected 10.00, got 0.00 (err: 10.00)
  [node-11] border.top: expected 4.00, got 0.00 (err: 4.00)
  [node-11] border.right: expected 5.00, got 0.00 (err: 5.00)
  [node-11] border.bottom: expected 10.00, got 0.00 (err: 10.00)
  [node-11] margin.top: expected 5.00, got 0.00 (err: 5.00)
  [node-11] margin.right: expected 18.00, got 0.00 (err: 18.00)
  [node-11] margin.left: expected 17.00, got 0.00 (err: 17.00)
  [node-12] x: expected 43.00, got 0.00 (err: 43.00)
  [node-12] y: expected 455.00, got 0.00 (err: 455.00)
  [node-12] width: expected 84.00, got 0.00 (err: 84.00)
  [node-12] height: expected 65.00, got 0.00 (err: 65.00)
  [node-12] borderBoxWidth: expected 120.00, got 0.00 (err: 120.00)
  [node-12] borderBoxHeight: expected 72.00, got 0.00 (err: 72.00)
  [node-12] outerWidth: expected 140.00, got 0.00 (err: 140.00)
  [node-12] outerHeight: expected 74.00, got 0.00 (err: 74.00)
  [node-12] padding.top: expected 4.00, got 0.00 (err: 4.00)
  [node-12] padding.right: expected 14.00, got 0.00 (err: 14.00)
  [node-12] padding.left: expected 19.00, got 0.00 (err: 19.00)
  [node-12] border.top: expected 2.00, got 0.00 (err: 2.00)
  [node-12] border.bottom: expected 1.00, got 0.00 (err: 1.00)
  [node-12] border.left: expected 3.00, got 0.00 (err: 3.00)
  [node-12] margin.top: expected 2.00, got 0.00 (err: 2.00)
  [node-12] margin.right: expected 5.00, got 0.00 (err: 5.00)
  [node-12] margin.left: expected 15.00, got 0.00 (err: 15.00)
  [node-13] x: expected 33.00, got 0.00 (err: 33.00)
  [node-13] y: expected 529.00, got 0.00 (err: 529.00)
  [node-13] width: expected 161.00, got 0.00 (err: 161.00)
  [node-13] height: expected 297.00, got 0.00 (err: 297.00)
  [node-13] borderBoxWidth: expected 187.00, got 0.00 (err: 187.00)
  [node-13] borderBoxHeight: expected 320.00, got 0.00 (err: 320.00)
  [node-13] outerWidth: expected 205.00, got 0.00 (err: 205.00)
  [node-13] outerHeight: expected 322.00, got 0.00 (err: 322.00)
  [node-13] padding.top: expected 6.00, got 0.00 (err: 6.00)
  [node-13] padding.right: expected 7.00, got 0.00 (err: 7.00)
  [node-13] padding.bottom: expected 12.00, got 0.00 (err: 12.00)
  [node-13] padding.left: expected 8.00, got 0.00 (err: 8.00)
  [node-13] border.top: expected 4.00, got 0.00 (err: 4.00)
  [node-13] border.right: expected 6.00, got 0.00 (err: 6.00)
  [node-13] border.bottom: expected 1.00, got 0.00 (err: 1.00)
  [node-13] border.left: expected 5.00, got 0.00 (err: 5.00)
  [node-13] margin.top: expected 2.00, got 0.00 (err: 2.00)
  [node-13] margin.right: expected 13.00, got 0.00 (err: 13.00)
  [node-13] margin.left: expected 5.00, got 0.00 (err: 5.00)

❌ Fixture Failed: tier-1-10042.json (Tier 1, Seed 10042)
   Mean Error for test: 88.6800px
  [root-node] x: expected -20.00, got 0.00 (err: 20.00)
  [root-node] y: expected -12.00, got 0.00 (err: 12.00)
  [root-node] width: expected 198.00, got 0.00 (err: 198.00)
  [root-node] height: expected 279.00, got 0.00 (err: 279.00)
  [root-node] borderBoxWidth: expected 225.00, got 0.00 (err: 225.00)
  [root-node] borderBoxHeight: expected 302.00, got 0.00 (err: 302.00)
  [root-node] outerWidth: expected 251.00, got 0.00 (err: 251.00)
  [root-node] outerHeight: expected 307.00, got 0.00 (err: 307.00)
  [root-node] padding.top: expected 5.00, got 0.00 (err: 5.00)
  [root-node] padding.bottom: expected 1.00, got 0.00 (err: 1.00)
  [root-node] padding.left: expected 10.00, got 0.00 (err: 10.00)
  [root-node] border.top: expected 7.00, got 0.00 (err: 7.00)
  [root-node] border.right: expected 7.00, got 0.00 (err: 7.00)
  [root-node] border.bottom: expected 10.00, got 0.00 (err: 10.00)
  [root-node] border.left: expected 10.00, got 0.00 (err: 10.00)
  [root-node] margin.top: expected 5.00, got 0.00 (err: 5.00)
  [root-node] margin.right: expected 10.00, got 0.00 (err: 10.00)
  [root-node] margin.left: expected 16.00, got 0.00 (err: 16.00)
  [node-2] x: expected 17.00, got 0.00 (err: 17.00)
  [node-2] y: expected 17.00, got 0.00 (err: 17.00)
  [node-2] width: expected 253.00, got 0.00 (err: 253.00)
  [node-2] height: expected 299.00, got 0.00 (err: 299.00)
  [node-2] borderBoxWidth: expected 283.00, got 0.00 (err: 283.00)
  [node-2] borderBoxHeight: expected 339.00, got 0.00 (err: 339.00)
  [node-2] outerWidth: expected 315.00, got 0.00 (err: 315.00)
  [node-2] outerHeight: expected 356.00, got 0.00 (err: 356.00)
  [node-2] padding.top: expected 20.00, got 0.00 (err: 20.00)
  [node-2] padding.right: expected 13.00, got 0.00 (err: 13.00)
  [node-2] padding.bottom: expected 12.00, got 0.00 (err: 12.00)
  [node-2] padding.left: expected 12.00, got 0.00 (err: 12.00)
  [node-2] border.top: expected 8.00, got 0.00 (err: 8.00)
  [node-2] border.right: expected 3.00, got 0.00 (err: 3.00)
  [node-2] border.left: expected 2.00, got 0.00 (err: 2.00)
  [node-2] margin.top: expected 17.00, got 0.00 (err: 17.00)
  [node-2] margin.right: expected 15.00, got 0.00 (err: 15.00)
  [node-2] margin.left: expected 17.00, got 0.00 (err: 17.00)
  [node-3] x: expected 50.00, got 0.00 (err: 50.00)
  [node-3] y: expected 63.00, got 0.00 (err: 63.00)
  [node-3] width: expected 164.00, got 0.00 (err: 164.00)
  [node-3] height: expected 237.00, got 0.00 (err: 237.00)
  [node-3] borderBoxWidth: expected 197.00, got 0.00 (err: 197.00)
  [node-3] borderBoxHeight: expected 272.00, got 0.00 (err: 272.00)
  [node-3] outerWidth: expected 218.00, got 0.00 (err: 218.00)
  [node-3] outerHeight: expected 290.00, got 0.00 (err: 290.00)
  [node-3] padding.top: expected 18.00, got 0.00 (err: 18.00)
  [node-3] padding.right: expected 18.00, got 0.00 (err: 18.00)
  [node-3] padding.bottom: expected 4.00, got 0.00 (err: 4.00)
  [node-3] padding.left: expected 5.00, got 0.00 (err: 5.00)
  [node-3] border.top: expected 9.00, got 0.00 (err: 9.00)
  [node-3] border.right: expected 1.00, got 0.00 (err: 1.00)
  [node-3] border.bottom: expected 4.00, got 0.00 (err: 4.00)
  [node-3] border.left: expected 9.00, got 0.00 (err: 9.00)
  [node-3] margin.top: expected 18.00, got 0.00 (err: 18.00)
  [node-3] margin.right: expected 2.00, got 0.00 (err: 2.00)
  [node-3] margin.left: expected 19.00, got 0.00 (err: 19.00)
  [node-4] x: expected 32.00, got 0.00 (err: 32.00)
  [node-4] y: expected 348.00, got 0.00 (err: 348.00)
  [node-4] width: expected 231.00, got 0.00 (err: 231.00)
  [node-4] height: expected 170.00, got 0.00 (err: 170.00)
  [node-4] borderBoxWidth: expected 257.00, got 0.00 (err: 257.00)
  [node-4] borderBoxHeight: expected 208.00, got 0.00 (err: 208.00)
  [node-4] outerWidth: expected 266.00, got 0.00 (err: 266.00)
  [node-4] outerHeight: expected 221.00, got 0.00 (err: 221.00)
  [node-4] padding.top: expected 18.00, got 0.00 (err: 18.00)
  [node-4] padding.right: expected 7.00, got 0.00 (err: 7.00)
  [node-4] padding.bottom: expected 4.00, got 0.00 (err: 4.00)
  [node-4] padding.left: expected 18.00, got 0.00 (err: 18.00)
  [node-4] border.top: expected 6.00, got 0.00 (err: 6.00)
  [node-4] border.right: expected 1.00, got 0.00 (err: 1.00)
  [node-4] border.bottom: expected 10.00, got 0.00 (err: 10.00)
  [node-4] margin.top: expected 13.00, got 0.00 (err: 13.00)
  [node-4] margin.right: expected 8.00, got 0.00 (err: 8.00)
  [node-4] margin.left: expected 1.00, got 0.00 (err: 1.00)
  [node-5] x: expected 38.00, got 0.00 (err: 38.00)
  [node-5] y: expected 558.00, got 0.00 (err: 558.00)
  [node-5] width: expected 241.00, got 0.00 (err: 241.00)
  [node-5] height: expected 77.00, got 0.00 (err: 77.00)
  [node-5] borderBoxWidth: expected 270.00, got 0.00 (err: 270.00)
  [node-5] borderBoxHeight: expected 110.00, got 0.00 (err: 110.00)
  [node-5] outerWidth: expected 289.00, got 0.00 (err: 289.00)
  [node-5] outerHeight: expected 112.00, got 0.00 (err: 112.00)
  [node-5] padding.top: expected 14.00, got 0.00 (err: 14.00)
  [node-5] padding.right: expected 2.00, got 0.00 (err: 2.00)
  [node-5] padding.bottom: expected 13.00, got 0.00 (err: 13.00)
  [node-5] padding.left: expected 14.00, got 0.00 (err: 14.00)
  [node-5] border.top: expected 5.00, got 0.00 (err: 5.00)
  [node-5] border.right: expected 3.00, got 0.00 (err: 3.00)
  [node-5] border.bottom: expected 1.00, got 0.00 (err: 1.00)
  [node-5] border.left: expected 10.00, got 0.00 (err: 10.00)
  [node-5] margin.top: expected 2.00, got 0.00 (err: 2.00)
  [node-5] margin.right: expected 12.00, got 0.00 (err: 12.00)
  [node-5] margin.left: expected 7.00, got 0.00 (err: 7.00)

❌ Fixture Failed: tier-1-10043.json (Tier 1, Seed 10043)
   Mean Error for test: 76.3214px
  [root-node] x: expected -11.00, got 0.00 (err: 11.00)
  [root-node] y: expected -2.00, got 0.00 (err: 2.00)
  [root-node] width: expected 208.00, got 0.00 (err: 208.00)
  [root-node] height: expected 238.00, got 0.00 (err: 238.00)
  [root-node] borderBoxWidth: expected 230.00, got 0.00 (err: 230.00)
  [root-node] borderBoxHeight: expected 265.00, got 0.00 (err: 265.00)
  [root-node] outerWidth: expected 253.00, got 0.00 (err: 253.00)
  [root-node] outerHeight: expected 281.00, got 0.00 (err: 281.00)
  [root-node] padding.right: expected 4.00, got 0.00 (err: 4.00)
  [root-node] padding.bottom: expected 20.00, got 0.00 (err: 20.00)
  [root-node] padding.left: expected 11.00, got 0.00 (err: 11.00)
  [root-node] border.top: expected 2.00, got 0.00 (err: 2.00)
  [root-node] border.right: expected 7.00, got 0.00 (err: 7.00)
  [root-node] border.bottom: expected 5.00, got 0.00 (err: 5.00)
  [root-node] margin.top: expected 16.00, got 0.00 (err: 16.00)
  [root-node] margin.right: expected 7.00, got 0.00 (err: 7.00)
  [root-node] margin.left: expected 16.00, got 0.00 (err: 16.00)
  [node-2] x: expected 2.00, got 0.00 (err: 2.00)
  [node-2] y: expected 7.00, got 0.00 (err: 7.00)
  [node-2] width: expected 113.00, got 0.00 (err: 113.00)
  [node-2] height: expected 263.00, got 0.00 (err: 263.00)
  [node-2] borderBoxWidth: expected 147.00, got 0.00 (err: 147.00)
  [node-2] borderBoxHeight: expected 286.00, got 0.00 (err: 286.00)
  [node-2] outerWidth: expected 155.00, got 0.00 (err: 155.00)
  [node-2] outerHeight: expected 293.00, got 0.00 (err: 293.00)
  [node-2] padding.top: expected 2.00, got 0.00 (err: 2.00)
  [node-2] padding.right: expected 4.00, got 0.00 (err: 4.00)
  [node-2] padding.bottom: expected 1.00, got 0.00 (err: 1.00)
  [node-2] padding.left: expected 16.00, got 0.00 (err: 16.00)
  [node-2] border.top: expected 10.00, got 0.00 (err: 10.00)
  [node-2] border.right: expected 10.00, got 0.00 (err: 10.00)
  [node-2] border.bottom: expected 10.00, got 0.00 (err: 10.00)
  [node-2] border.left: expected 4.00, got 0.00 (err: 4.00)
  [node-2] margin.top: expected 7.00, got 0.00 (err: 7.00)
  [node-2] margin.right: expected 6.00, got 0.00 (err: 6.00)
  [node-2] margin.left: expected 2.00, got 0.00 (err: 2.00)
  [node-3] x: expected 22.00, got 0.00 (err: 22.00)
  [node-3] y: expected 19.00, got 0.00 (err: 19.00)
  [node-3] width: expected 63.00, got 0.00 (err: 63.00)
  [node-3] height: expected 104.00, got 0.00 (err: 104.00)
  [node-3] borderBoxWidth: expected 95.00, got 0.00 (err: 95.00)
  [node-3] borderBoxHeight: expected 138.00, got 0.00 (err: 138.00)
  [node-3] outerWidth: expected 100.00, got 0.00 (err: 100.00)
  [node-3] outerHeight: expected 138.00, got 0.00 (err: 138.00)
  [node-3] padding.top: expected 4.00, got 0.00 (err: 4.00)
  [node-3] padding.right: expected 12.00, got 0.00 (err: 12.00)
  [node-3] padding.bottom: expected 11.00, got 0.00 (err: 11.00)
  [node-3] padding.left: expected 12.00, got 0.00 (err: 12.00)
  [node-3] border.top: expected 10.00, got 0.00 (err: 10.00)
  [node-3] border.right: expected 8.00, got 0.00 (err: 8.00)
  [node-3] border.bottom: expected 9.00, got 0.00 (err: 9.00)
  [node-3] margin.right: expected 5.00, got 0.00 (err: 5.00)
  [node-4] x: expected 19.00, got 0.00 (err: 19.00)
  [node-4] y: expected 297.00, got 0.00 (err: 297.00)
  [node-4] width: expected 79.00, got 0.00 (err: 79.00)
  [node-4] height: expected 298.00, got 0.00 (err: 298.00)
  [node-4] borderBoxWidth: expected 101.00, got 0.00 (err: 101.00)
  [node-4] borderBoxHeight: expected 315.00, got 0.00 (err: 315.00)
  [node-4] outerWidth: expected 138.00, got 0.00 (err: 138.00)
  [node-4] outerHeight: expected 319.00, got 0.00 (err: 319.00)
  [node-4] padding.top: expected 2.00, got 0.00 (err: 2.00)
  [node-4] padding.right: expected 1.00, got 0.00 (err: 1.00)
  [node-4] padding.bottom: expected 2.00, got 0.00 (err: 2.00)
  [node-4] padding.left: expected 2.00, got 0.00 (err: 2.00)
  [node-4] border.top: expected 7.00, got 0.00 (err: 7.00)
  [node-4] border.right: expected 9.00, got 0.00 (err: 9.00)
  [node-4] border.bottom: expected 6.00, got 0.00 (err: 6.00)
  [node-4] border.left: expected 10.00, got 0.00 (err: 10.00)
  [node-4] margin.top: expected 4.00, got 0.00 (err: 4.00)
  [node-4] margin.right: expected 18.00, got 0.00 (err: 18.00)
  [node-4] margin.left: expected 19.00, got 0.00 (err: 19.00)
  [node-5] x: expected 33.00, got 0.00 (err: 33.00)
  [node-5] y: expected 322.00, got 0.00 (err: 322.00)
  [node-5] width: expected 81.00, got 0.00 (err: 81.00)
  [node-5] height: expected 51.00, got 0.00 (err: 51.00)
  [node-5] borderBoxWidth: expected 128.00, got 0.00 (err: 128.00)
  [node-5] borderBoxHeight: expected 76.00, got 0.00 (err: 76.00)
  [node-5] outerWidth: expected 149.00, got 0.00 (err: 149.00)
  [node-5] outerHeight: expected 92.00, got 0.00 (err: 92.00)
  [node-5] padding.top: expected 14.00, got 0.00 (err: 14.00)
  [node-5] padding.right: expected 12.00, got 0.00 (err: 12.00)
  [node-5] padding.left: expected 18.00, got 0.00 (err: 18.00)
  [node-5] border.top: expected 1.00, got 0.00 (err: 1.00)
  [node-5] border.right: expected 7.00, got 0.00 (err: 7.00)
  [node-5] border.bottom: expected 10.00, got 0.00 (err: 10.00)
  [node-5] border.left: expected 10.00, got 0.00 (err: 10.00)
  [node-5] margin.top: expected 16.00, got 0.00 (err: 16.00)
  [node-5] margin.right: expected 19.00, got 0.00 (err: 19.00)
  [node-5] margin.left: expected 2.00, got 0.00 (err: 2.00)
  [node-6] x: expected 39.00, got 0.00 (err: 39.00)
  [node-6] y: expected 400.00, got 0.00 (err: 400.00)
  [node-6] width: expected 262.00, got 0.00 (err: 262.00)
  [node-6] height: expected 284.00, got 0.00 (err: 284.00)
  [node-6] borderBoxWidth: expected 271.00, got 0.00 (err: 271.00)
  [node-6] borderBoxHeight: expected 313.00, got 0.00 (err: 313.00)
  [node-6] outerWidth: expected 297.00, got 0.00 (err: 297.00)
  [node-6] outerHeight: expected 315.00, got 0.00 (err: 315.00)
  [node-6] padding.top: expected 10.00, got 0.00 (err: 10.00)
  [node-6] padding.right: expected 1.00, got 0.00 (err: 1.00)
  [node-6] padding.bottom: expected 9.00, got 0.00 (err: 9.00)
  [node-6] padding.left: expected 4.00, got 0.00 (err: 4.00)
  [node-6] border.top: expected 7.00, got 0.00 (err: 7.00)
  [node-6] border.right: expected 2.00, got 0.00 (err: 2.00)
  [node-6] border.bottom: expected 3.00, got 0.00 (err: 3.00)
  [node-6] border.left: expected 2.00, got 0.00 (err: 2.00)
  [node-6] margin.top: expected 2.00, got 0.00 (err: 2.00)
  [node-6] margin.right: expected 18.00, got 0.00 (err: 18.00)
  [node-6] margin.left: expected 8.00, got 0.00 (err: 8.00)
  [node-7] x: expected 42.00, got 0.00 (err: 42.00)
  [node-7] y: expected 733.00, got 0.00 (err: 733.00)
  [node-7] width: expected 83.00, got 0.00 (err: 83.00)
  [node-7] height: expected 266.00, got 0.00 (err: 266.00)
  [node-7] borderBoxWidth: expected 106.00, got 0.00 (err: 106.00)
  [node-7] borderBoxHeight: expected 300.00, got 0.00 (err: 300.00)
  [node-7] outerWidth: expected 133.00, got 0.00 (err: 133.00)
  [node-7] outerHeight: expected 320.00, got 0.00 (err: 320.00)
  [node-7] padding.top: expected 12.00, got 0.00 (err: 12.00)
  [node-7] padding.right: expected 13.00, got 0.00 (err: 13.00)
  [node-7] padding.bottom: expected 7.00, got 0.00 (err: 7.00)
  [node-7] padding.left: expected 4.00, got 0.00 (err: 4.00)
  [node-7] border.top: expected 6.00, got 0.00 (err: 6.00)
  [node-7] border.right: expected 3.00, got 0.00 (err: 3.00)
  [node-7] border.bottom: expected 9.00, got 0.00 (err: 9.00)
  [node-7] border.left: expected 3.00, got 0.00 (err: 3.00)
  [node-7] margin.top: expected 20.00, got 0.00 (err: 20.00)
  [node-7] margin.right: expected 16.00, got 0.00 (err: 16.00)
  [node-7] margin.left: expected 11.00, got 0.00 (err: 11.00)

❌ Fixture Failed: tier-1-10044.json (Tier 1, Seed 10044)
   Mean Error for test: 80.8500px
  [root-node] x: expected -13.00, got 0.00 (err: 13.00)
  [root-node] y: expected -26.00, got 0.00 (err: 26.00)
  [root-node] width: expected 189.00, got 0.00 (err: 189.00)
  [root-node] height: expected 151.00, got 0.00 (err: 151.00)
  [root-node] borderBoxWidth: expected 218.00, got 0.00 (err: 218.00)
  [root-node] borderBoxHeight: expected 197.00, got 0.00 (err: 197.00)
  [root-node] outerWidth: expected 237.00, got 0.00 (err: 237.00)
  [root-node] outerHeight: expected 204.00, got 0.00 (err: 204.00)
  [root-node] padding.top: expected 17.00, got 0.00 (err: 17.00)
  [root-node] padding.right: expected 9.00, got 0.00 (err: 9.00)
  [root-node] padding.bottom: expected 19.00, got 0.00 (err: 19.00)
  [root-node] padding.left: expected 12.00, got 0.00 (err: 12.00)
  [root-node] border.top: expected 9.00, got 0.00 (err: 9.00)
  [root-node] border.right: expected 7.00, got 0.00 (err: 7.00)
  [root-node] border.bottom: expected 1.00, got 0.00 (err: 1.00)
  [root-node] border.left: expected 1.00, got 0.00 (err: 1.00)
  [root-node] margin.top: expected 7.00, got 0.00 (err: 7.00)
  [root-node] margin.right: expected 4.00, got 0.00 (err: 4.00)
  [root-node] margin.left: expected 15.00, got 0.00 (err: 15.00)
  [node-2] x: expected 8.00, got 0.00 (err: 8.00)
  [node-2] y: expected 18.00, got 0.00 (err: 18.00)
  [node-2] width: expected 224.00, got 0.00 (err: 224.00)
  [node-2] height: expected 227.00, got 0.00 (err: 227.00)
  [node-2] borderBoxWidth: expected 273.00, got 0.00 (err: 273.00)
  [node-2] borderBoxHeight: expected 254.00, got 0.00 (err: 254.00)
  [node-2] outerWidth: expected 300.00, got 0.00 (err: 300.00)
  [node-2] outerHeight: expected 272.00, got 0.00 (err: 272.00)
  [node-2] padding.top: expected 6.00, got 0.00 (err: 6.00)
  [node-2] padding.right: expected 16.00, got 0.00 (err: 16.00)
  [node-2] padding.bottom: expected 12.00, got 0.00 (err: 12.00)
  [node-2] padding.left: expected 20.00, got 0.00 (err: 20.00)
  [node-2] border.top: expected 1.00, got 0.00 (err: 1.00)
  [node-2] border.right: expected 6.00, got 0.00 (err: 6.00)
  [node-2] border.bottom: expected 8.00, got 0.00 (err: 8.00)
  [node-2] border.left: expected 7.00, got 0.00 (err: 7.00)
  [node-2] margin.top: expected 18.00, got 0.00 (err: 18.00)
  [node-2] margin.right: expected 19.00, got 0.00 (err: 19.00)
  [node-2] margin.left: expected 8.00, got 0.00 (err: 8.00)
  [node-3] x: expected 37.00, got 0.00 (err: 37.00)
  [node-3] y: expected 29.00, got 0.00 (err: 29.00)
  [node-3] width: expected 244.00, got 0.00 (err: 244.00)
  [node-3] height: expected 256.00, got 0.00 (err: 256.00)
  [node-3] borderBoxWidth: expected 276.00, got 0.00 (err: 276.00)
  [node-3] borderBoxHeight: expected 290.00, got 0.00 (err: 290.00)
  [node-3] outerWidth: expected 287.00, got 0.00 (err: 287.00)
  [node-3] outerHeight: expected 294.00, got 0.00 (err: 294.00)
  [node-3] padding.top: expected 12.00, got 0.00 (err: 12.00)
  [node-3] padding.right: expected 5.00, got 0.00 (err: 5.00)
  [node-3] padding.bottom: expected 17.00, got 0.00 (err: 17.00)
  [node-3] padding.left: expected 19.00, got 0.00 (err: 19.00)
  [node-3] border.top: expected 1.00, got 0.00 (err: 1.00)
  [node-3] border.right: expected 5.00, got 0.00 (err: 5.00)
  [node-3] border.bottom: expected 4.00, got 0.00 (err: 4.00)
  [node-3] border.left: expected 3.00, got 0.00 (err: 3.00)
  [node-3] margin.top: expected 4.00, got 0.00 (err: 4.00)
  [node-3] margin.right: expected 9.00, got 0.00 (err: 9.00)
  [node-3] margin.left: expected 2.00, got 0.00 (err: 2.00)
  [node-4] x: expected 16.00, got 0.00 (err: 16.00)
  [node-4] y: expected 288.00, got 0.00 (err: 288.00)
  [node-4] width: expected 139.00, got 0.00 (err: 139.00)
  [node-4] height: expected 157.00, got 0.00 (err: 157.00)
  [node-4] borderBoxWidth: expected 178.00, got 0.00 (err: 178.00)
  [node-4] borderBoxHeight: expected 175.00, got 0.00 (err: 175.00)
  [node-4] outerWidth: expected 200.00, got 0.00 (err: 200.00)
  [node-4] outerHeight: expected 191.00, got 0.00 (err: 191.00)
  [node-4] padding.top: expected 8.00, got 0.00 (err: 8.00)
  [node-4] padding.right: expected 17.00, got 0.00 (err: 17.00)
  [node-4] padding.left: expected 8.00, got 0.00 (err: 8.00)
  [node-4] border.top: expected 8.00, got 0.00 (err: 8.00)
  [node-4] border.right: expected 5.00, got 0.00 (err: 5.00)
  [node-4] border.bottom: expected 2.00, got 0.00 (err: 2.00)
  [node-4] border.left: expected 9.00, got 0.00 (err: 9.00)
  [node-4] margin.top: expected 16.00, got 0.00 (err: 16.00)
  [node-4] margin.right: expected 6.00, got 0.00 (err: 6.00)
  [node-4] margin.left: expected 16.00, got 0.00 (err: 16.00)
  [node-5] x: expected 47.00, got 0.00 (err: 47.00)
  [node-5] y: expected 324.00, got 0.00 (err: 324.00)
  [node-5] width: expected 53.00, got 0.00 (err: 53.00)
  [node-5] height: expected 132.00, got 0.00 (err: 132.00)
  [node-5] borderBoxWidth: expected 83.00, got 0.00 (err: 83.00)
  [node-5] borderBoxHeight: expected 156.00, got 0.00 (err: 156.00)
  [node-5] outerWidth: expected 99.00, got 0.00 (err: 99.00)
  [node-5] outerHeight: expected 176.00, got 0.00 (err: 176.00)
  [node-5] padding.top: expected 6.00, got 0.00 (err: 6.00)
  [node-5] padding.right: expected 12.00, got 0.00 (err: 12.00)
  [node-5] padding.bottom: expected 8.00, got 0.00 (err: 8.00)
  [node-5] padding.left: expected 14.00, got 0.00 (err: 14.00)
  [node-5] border.top: expected 10.00, got 0.00 (err: 10.00)
  [node-5] border.right: expected 2.00, got 0.00 (err: 2.00)
  [node-5] border.left: expected 2.00, got 0.00 (err: 2.00)
  [node-5] margin.top: expected 20.00, got 0.00 (err: 20.00)
  [node-5] margin.right: expected 2.00, got 0.00 (err: 2.00)
  [node-5] margin.left: expected 14.00, got 0.00 (err: 14.00)
  [node-6] x: expected 51.00, got 0.00 (err: 51.00)
  [node-6] y: expected 491.00, got 0.00 (err: 491.00)
  [node-6] width: expected 150.00, got 0.00 (err: 150.00)
  [node-6] height: expected 108.00, got 0.00 (err: 108.00)
  [node-6] borderBoxWidth: expected 195.00, got 0.00 (err: 195.00)
  [node-6] borderBoxHeight: expected 161.00, got 0.00 (err: 161.00)
  [node-6] outerWidth: expected 219.00, got 0.00 (err: 219.00)
  [node-6] outerHeight: expected 172.00, got 0.00 (err: 172.00)
  [node-6] padding.top: expected 15.00, got 0.00 (err: 15.00)
  [node-6] padding.right: expected 12.00, got 0.00 (err: 12.00)
  [node-6] padding.bottom: expected 20.00, got 0.00 (err: 20.00)
  [node-6] padding.left: expected 20.00, got 0.00 (err: 20.00)
  [node-6] border.top: expected 8.00, got 0.00 (err: 8.00)
  [node-6] border.right: expected 5.00, got 0.00 (err: 5.00)
  [node-6] border.bottom: expected 10.00, got 0.00 (err: 10.00)
  [node-6] border.left: expected 8.00, got 0.00 (err: 8.00)
  [node-6] margin.top: expected 11.00, got 0.00 (err: 11.00)
  [node-6] margin.right: expected 6.00, got 0.00 (err: 6.00)
  [node-6] margin.left: expected 18.00, got 0.00 (err: 18.00)
  [node-7] x: expected 9.00, got 0.00 (err: 9.00)
  [node-7] y: expected 465.00, got 0.00 (err: 465.00)
  [node-7] width: expected 97.00, got 0.00 (err: 97.00)
  [node-7] height: expected 241.00, got 0.00 (err: 241.00)
  [node-7] borderBoxWidth: expected 120.00, got 0.00 (err: 120.00)
  [node-7] borderBoxHeight: expected 260.00, got 0.00 (err: 260.00)
  [node-7] outerWidth: expected 141.00, got 0.00 (err: 141.00)
  [node-7] outerHeight: expected 262.00, got 0.00 (err: 262.00)
  [node-7] padding.top: expected 5.00, got 0.00 (err: 5.00)
  [node-7] padding.right: expected 3.00, got 0.00 (err: 3.00)
  [node-7] padding.bottom: expected 6.00, got 0.00 (err: 6.00)
  [node-7] padding.left: expected 16.00, got 0.00 (err: 16.00)
  [node-7] border.top: expected 1.00, got 0.00 (err: 1.00)
  [node-7] border.right: expected 1.00, got 0.00 (err: 1.00)
  [node-7] border.bottom: expected 7.00, got 0.00 (err: 7.00)
  [node-7] border.left: expected 3.00, got 0.00 (err: 3.00)
  [node-7] margin.top: expected 2.00, got 0.00 (err: 2.00)
  [node-7] margin.right: expected 12.00, got 0.00 (err: 12.00)
  [node-7] margin.left: expected 9.00, got 0.00 (err: 9.00)
  [node-8] x: expected 29.00, got 0.00 (err: 29.00)
  [node-8] y: expected 472.00, got 0.00 (err: 472.00)
  [node-8] width: expected 197.00, got 0.00 (err: 197.00)
  [node-8] height: expected 296.00, got 0.00 (err: 296.00)
  [node-8] borderBoxWidth: expected 228.00, got 0.00 (err: 228.00)
  [node-8] borderBoxHeight: expected 317.00, got 0.00 (err: 317.00)
  [node-8] outerWidth: expected 244.00, got 0.00 (err: 244.00)
  [node-8] outerHeight: expected 318.00, got 0.00 (err: 318.00)
  [node-8] padding.top: expected 8.00, got 0.00 (err: 8.00)
  [node-8] padding.right: expected 7.00, got 0.00 (err: 7.00)
  [node-8] padding.bottom: expected 3.00, got 0.00 (err: 3.00)
  [node-8] padding.left: expected 14.00, got 0.00 (err: 14.00)
  [node-8] border.top: expected 1.00, got 0.00 (err: 1.00)
  [node-8] border.right: expected 3.00, got 0.00 (err: 3.00)
  [node-8] border.bottom: expected 9.00, got 0.00 (err: 9.00)
  [node-8] border.left: expected 7.00, got 0.00 (err: 7.00)
  [node-8] margin.top: expected 1.00, got 0.00 (err: 1.00)
  [node-8] margin.right: expected 15.00, got 0.00 (err: 15.00)
  [node-8] margin.left: expected 1.00, got 0.00 (err: 1.00)

❌ Fixture Failed: tier-1-10045.json (Tier 1, Seed 10045)
   Mean Error for test: 61.3000px
  [root-node] x: expected -17.00, got 0.00 (err: 17.00)
  [root-node] y: expected -17.00, got 0.00 (err: 17.00)
  [root-node] width: expected 190.00, got 0.00 (err: 190.00)
  [root-node] height: expected 113.00, got 0.00 (err: 113.00)
  [root-node] borderBoxWidth: expected 228.00, got 0.00 (err: 228.00)
  [root-node] borderBoxHeight: expected 155.00, got 0.00 (err: 155.00)
  [root-node] outerWidth: expected 244.00, got 0.00 (err: 244.00)
  [root-node] outerHeight: expected 173.00, got 0.00 (err: 173.00)
  [root-node] padding.top: expected 13.00, got 0.00 (err: 13.00)
  [root-node] padding.right: expected 13.00, got 0.00 (err: 13.00)
  [root-node] padding.bottom: expected 18.00, got 0.00 (err: 18.00)
  [root-node] padding.left: expected 14.00, got 0.00 (err: 14.00)
  [root-node] border.top: expected 4.00, got 0.00 (err: 4.00)
  [root-node] border.right: expected 8.00, got 0.00 (err: 8.00)
  [root-node] border.bottom: expected 7.00, got 0.00 (err: 7.00)
  [root-node] border.left: expected 3.00, got 0.00 (err: 3.00)
  [root-node] margin.top: expected 18.00, got 0.00 (err: 18.00)
  [root-node] margin.right: expected 1.00, got 0.00 (err: 1.00)
  [root-node] margin.left: expected 15.00, got 0.00 (err: 15.00)
  [node-2] x: expected 14.00, got 0.00 (err: 14.00)
  [node-2] y: expected 8.00, got 0.00 (err: 8.00)
  [node-2] width: expected 84.00, got 0.00 (err: 84.00)
  [node-2] height: expected 191.00, got 0.00 (err: 191.00)
  [node-2] borderBoxWidth: expected 105.00, got 0.00 (err: 105.00)
  [node-2] borderBoxHeight: expected 210.00, got 0.00 (err: 210.00)
  [node-2] outerWidth: expected 129.00, got 0.00 (err: 129.00)
  [node-2] outerHeight: expected 218.00, got 0.00 (err: 218.00)
  [node-2] padding.top: expected 9.00, got 0.00 (err: 9.00)
  [node-2] padding.right: expected 7.00, got 0.00 (err: 7.00)
  [node-2] padding.bottom: expected 1.00, got 0.00 (err: 1.00)
  [node-2] padding.left: expected 3.00, got 0.00 (err: 3.00)
  [node-2] border.top: expected 3.00, got 0.00 (err: 3.00)
  [node-2] border.right: expected 2.00, got 0.00 (err: 2.00)
  [node-2] border.bottom: expected 6.00, got 0.00 (err: 6.00)
  [node-2] border.left: expected 9.00, got 0.00 (err: 9.00)
  [node-2] margin.top: expected 8.00, got 0.00 (err: 8.00)
  [node-2] margin.right: expected 10.00, got 0.00 (err: 10.00)
  [node-2] margin.left: expected 14.00, got 0.00 (err: 14.00)
  [node-3] x: expected 30.00, got 0.00 (err: 30.00)
  [node-3] y: expected 28.00, got 0.00 (err: 28.00)
  [node-3] width: expected 173.00, got 0.00 (err: 173.00)
  [node-3] height: expected 157.00, got 0.00 (err: 157.00)
  [node-3] borderBoxWidth: expected 206.00, got 0.00 (err: 206.00)
  [node-3] borderBoxHeight: expected 191.00, got 0.00 (err: 191.00)
  [node-3] outerWidth: expected 222.00, got 0.00 (err: 222.00)
  [node-3] outerHeight: expected 199.00, got 0.00 (err: 199.00)
  [node-3] padding.top: expected 19.00, got 0.00 (err: 19.00)
  [node-3] padding.right: expected 20.00, got 0.00 (err: 20.00)
  [node-3] padding.bottom: expected 3.00, got 0.00 (err: 3.00)
  [node-3] padding.left: expected 5.00, got 0.00 (err: 5.00)
  [node-3] border.top: expected 2.00, got 0.00 (err: 2.00)
  [node-3] border.right: expected 2.00, got 0.00 (err: 2.00)
  [node-3] border.bottom: expected 10.00, got 0.00 (err: 10.00)
  [node-3] border.left: expected 6.00, got 0.00 (err: 6.00)
  [node-3] margin.top: expected 8.00, got 0.00 (err: 8.00)
  [node-3] margin.right: expected 12.00, got 0.00 (err: 12.00)
  [node-3] margin.left: expected 4.00, got 0.00 (err: 4.00)
  [node-4] x: expected 39.00, got 0.00 (err: 39.00)
  [node-4] y: expected 226.00, got 0.00 (err: 226.00)
  [node-4] width: expected 242.00, got 0.00 (err: 242.00)
  [node-4] borderBoxWidth: expected 278.00, got 0.00 (err: 278.00)
  [node-4] borderBoxHeight: expected 52.00, got 0.00 (err: 52.00)
  [node-4] outerWidth: expected 306.00, got 0.00 (err: 306.00)
  [node-4] outerHeight: expected 59.00, got 0.00 (err: 59.00)
  [node-4] padding.top: expected 14.00, got 0.00 (err: 14.00)
  [node-4] padding.right: expected 12.00, got 0.00 (err: 12.00)
  [node-4] padding.bottom: expected 19.00, got 0.00 (err: 19.00)
  [node-4] padding.left: expected 13.00, got 0.00 (err: 13.00)
  [node-4] border.top: expected 10.00, got 0.00 (err: 10.00)
  [node-4] border.right: expected 2.00, got 0.00 (err: 2.00)
  [node-4] border.bottom: expected 9.00, got 0.00 (err: 9.00)
  [node-4] border.left: expected 9.00, got 0.00 (err: 9.00)
  [node-4] margin.top: expected 7.00, got 0.00 (err: 7.00)
  [node-4] margin.right: expected 15.00, got 0.00 (err: 15.00)
  [node-4] margin.left: expected 13.00, got 0.00 (err: 13.00)

❌ Fixture Failed: tier-1-10046.json (Tier 1, Seed 10046)
   Mean Error for test: 63.1500px
  [root-node] x: expected -19.00, got 0.00 (err: 19.00)
  [root-node] y: expected -19.00, got 0.00 (err: 19.00)
  [root-node] width: expected 238.00, got 0.00 (err: 238.00)
  [root-node] height: expected 114.00, got 0.00 (err: 114.00)
  [root-node] borderBoxWidth: expected 283.00, got 0.00 (err: 283.00)
  [root-node] borderBoxHeight: expected 152.00, got 0.00 (err: 152.00)
  [root-node] outerWidth: expected 316.00, got 0.00 (err: 316.00)
  [root-node] outerHeight: expected 160.00, got 0.00 (err: 160.00)
  [root-node] padding.top: expected 9.00, got 0.00 (err: 9.00)
  [root-node] padding.right: expected 18.00, got 0.00 (err: 18.00)
  [root-node] padding.bottom: expected 17.00, got 0.00 (err: 17.00)
  [root-node] padding.left: expected 15.00, got 0.00 (err: 15.00)
  [root-node] border.top: expected 10.00, got 0.00 (err: 10.00)
  [root-node] border.right: expected 8.00, got 0.00 (err: 8.00)
  [root-node] border.bottom: expected 2.00, got 0.00 (err: 2.00)
  [root-node] border.left: expected 4.00, got 0.00 (err: 4.00)
  [root-node] margin.top: expected 8.00, got 0.00 (err: 8.00)
  [root-node] margin.right: expected 19.00, got 0.00 (err: 19.00)
  [root-node] margin.left: expected 14.00, got 0.00 (err: 14.00)
  [node-2] x: expected 19.00, got 0.00 (err: 19.00)
  [node-2] y: expected 19.00, got 0.00 (err: 19.00)
  [node-2] width: expected 196.00, got 0.00 (err: 196.00)
  [node-2] height: expected 155.00, got 0.00 (err: 155.00)
  [node-2] borderBoxWidth: expected 231.00, got 0.00 (err: 231.00)
  [node-2] borderBoxHeight: expected 187.00, got 0.00 (err: 187.00)
  [node-2] outerWidth: expected 251.00, got 0.00 (err: 251.00)
  [node-2] outerHeight: expected 206.00, got 0.00 (err: 206.00)
  [node-2] padding.top: expected 13.00, got 0.00 (err: 13.00)
  [node-2] padding.right: expected 20.00, got 0.00 (err: 20.00)
  [node-2] padding.bottom: expected 11.00, got 0.00 (err: 11.00)
  [node-2] padding.left: expected 7.00, got 0.00 (err: 7.00)
  [node-2] border.top: expected 4.00, got 0.00 (err: 4.00)
  [node-2] border.right: expected 8.00, got 0.00 (err: 8.00)
  [node-2] border.bottom: expected 4.00, got 0.00 (err: 4.00)
  [node-2] margin.top: expected 19.00, got 0.00 (err: 19.00)
  [node-2] margin.right: expected 1.00, got 0.00 (err: 1.00)
  [node-2] margin.left: expected 19.00, got 0.00 (err: 19.00)
  [node-3] x: expected 33.00, got 0.00 (err: 33.00)
  [node-3] y: expected 47.00, got 0.00 (err: 47.00)
  [node-3] width: expected 93.00, got 0.00 (err: 93.00)
  [node-3] height: expected 69.00, got 0.00 (err: 69.00)
  [node-3] borderBoxWidth: expected 137.00, got 0.00 (err: 137.00)
  [node-3] borderBoxHeight: expected 92.00, got 0.00 (err: 92.00)
  [node-3] outerWidth: expected 159.00, got 0.00 (err: 159.00)
  [node-3] outerHeight: expected 103.00, got 0.00 (err: 103.00)
  [node-3] padding.top: expected 6.00, got 0.00 (err: 6.00)
  [node-3] padding.right: expected 14.00, got 0.00 (err: 14.00)
  [node-3] padding.bottom: expected 9.00, got 0.00 (err: 9.00)
  [node-3] padding.left: expected 12.00, got 0.00 (err: 12.00)
  [node-3] border.top: expected 4.00, got 0.00 (err: 4.00)
  [node-3] border.right: expected 9.00, got 0.00 (err: 9.00)
  [node-3] border.bottom: expected 4.00, got 0.00 (err: 4.00)
  [node-3] border.left: expected 9.00, got 0.00 (err: 9.00)
  [node-3] margin.top: expected 11.00, got 0.00 (err: 11.00)
  [node-3] margin.right: expected 15.00, got 0.00 (err: 15.00)
  [node-3] margin.left: expected 7.00, got 0.00 (err: 7.00)
  [node-4] x: expected 36.00, got 0.00 (err: 36.00)
  [node-4] y: expected 158.00, got 0.00 (err: 158.00)
  [node-4] width: expected 84.00, got 0.00 (err: 84.00)
  [node-4] height: expected 138.00, got 0.00 (err: 138.00)
  [node-4] borderBoxWidth: expected 126.00, got 0.00 (err: 126.00)
  [node-4] borderBoxHeight: expected 179.00, got 0.00 (err: 179.00)
  [node-4] outerWidth: expected 140.00, got 0.00 (err: 140.00)
  [node-4] outerHeight: expected 198.00, got 0.00 (err: 198.00)
  [node-4] padding.top: expected 19.00, got 0.00 (err: 19.00)
  [node-4] padding.right: expected 6.00, got 0.00 (err: 6.00)
  [node-4] padding.bottom: expected 17.00, got 0.00 (err: 17.00)
  [node-4] padding.left: expected 19.00, got 0.00 (err: 19.00)
  [node-4] border.right: expected 9.00, got 0.00 (err: 9.00)
  [node-4] border.bottom: expected 5.00, got 0.00 (err: 5.00)
  [node-4] border.left: expected 8.00, got 0.00 (err: 8.00)
  [node-4] margin.top: expected 19.00, got 0.00 (err: 19.00)
  [node-4] margin.right: expected 4.00, got 0.00 (err: 4.00)
  [node-4] margin.left: expected 10.00, got 0.00 (err: 10.00)
  [node-5] x: expected 26.00, got 0.00 (err: 26.00)
  [node-5] y: expected 341.00, got 0.00 (err: 341.00)
  [node-5] width: expected 124.00, got 0.00 (err: 124.00)
  [node-5] height: expected 202.00, got 0.00 (err: 202.00)
  [node-5] borderBoxWidth: expected 142.00, got 0.00 (err: 142.00)
  [node-5] borderBoxHeight: expected 246.00, got 0.00 (err: 246.00)
  [node-5] outerWidth: expected 150.00, got 0.00 (err: 150.00)
  [node-5] outerHeight: expected 250.00, got 0.00 (err: 250.00)
  [node-5] padding.top: expected 20.00, got 0.00 (err: 20.00)
  [node-5] padding.right: expected 9.00, got 0.00 (err: 9.00)
  [node-5] padding.bottom: expected 11.00, got 0.00 (err: 11.00)
  [node-5] padding.left: expected 1.00, got 0.00 (err: 1.00)
  [node-5] border.top: expected 9.00, got 0.00 (err: 9.00)
  [node-5] border.right: expected 6.00, got 0.00 (err: 6.00)
  [node-5] border.bottom: expected 4.00, got 0.00 (err: 4.00)
  [node-5] border.left: expected 2.00, got 0.00 (err: 2.00)
  [node-5] margin.top: expected 4.00, got 0.00 (err: 4.00)
  [node-5] margin.right: expected 8.00, got 0.00 (err: 8.00)
  [node-6] y: expected 217.00, got 0.00 (err: 217.00)
  [node-6] width: expected 186.00, got 0.00 (err: 186.00)
  [node-6] height: expected 29.00, got 0.00 (err: 29.00)
  [node-6] borderBoxWidth: expected 206.00, got 0.00 (err: 206.00)
  [node-6] borderBoxHeight: expected 60.00, got 0.00 (err: 60.00)
  [node-6] outerWidth: expected 215.00, got 0.00 (err: 215.00)
  [node-6] outerHeight: expected 71.00, got 0.00 (err: 71.00)
  [node-6] padding.top: expected 9.00, got 0.00 (err: 9.00)
  [node-6] padding.right: expected 4.00, got 0.00 (err: 4.00)
  [node-6] padding.bottom: expected 13.00, got 0.00 (err: 13.00)
  [node-6] padding.left: expected 2.00, got 0.00 (err: 2.00)
  [node-6] border.top: expected 9.00, got 0.00 (err: 9.00)
  [node-6] border.right: expected 10.00, got 0.00 (err: 10.00)
  [node-6] border.left: expected 4.00, got 0.00 (err: 4.00)
  [node-6] margin.top: expected 11.00, got 0.00 (err: 11.00)
  [node-6] margin.right: expected 9.00, got 0.00 (err: 9.00)
  [node-7] x: expected 12.00, got 0.00 (err: 12.00)
  [node-7] y: expected 243.00, got 0.00 (err: 243.00)
  [node-7] width: expected 146.00, got 0.00 (err: 146.00)
  [node-7] height: expected 179.00, got 0.00 (err: 179.00)
  [node-7] borderBoxWidth: expected 181.00, got 0.00 (err: 181.00)
  [node-7] borderBoxHeight: expected 198.00, got 0.00 (err: 198.00)
  [node-7] outerWidth: expected 191.00, got 0.00 (err: 191.00)
  [node-7] outerHeight: expected 206.00, got 0.00 (err: 206.00)
  [node-7] padding.top: expected 13.00, got 0.00 (err: 13.00)
  [node-7] padding.right: expected 5.00, got 0.00 (err: 5.00)
  [node-7] padding.bottom: expected 2.00, got 0.00 (err: 2.00)
  [node-7] padding.left: expected 19.00, got 0.00 (err: 19.00)
  [node-7] border.top: expected 1.00, got 0.00 (err: 1.00)
  [node-7] border.right: expected 8.00, got 0.00 (err: 8.00)
  [node-7] border.bottom: expected 3.00, got 0.00 (err: 3.00)
  [node-7] border.left: expected 3.00, got 0.00 (err: 3.00)
  [node-7] margin.top: expected 8.00, got 0.00 (err: 8.00)
  [node-7] margin.right: expected 4.00, got 0.00 (err: 4.00)
  [node-7] margin.left: expected 6.00, got 0.00 (err: 6.00)

❌ Fixture Failed: tier-1-10047.json (Tier 1, Seed 10047)
   Mean Error for test: 75.2727px
  [root-node] x: expected -21.00, got 0.00 (err: 21.00)
  [root-node] y: expected -10.00, got 0.00 (err: 10.00)
  [root-node] width: expected 218.00, got 0.00 (err: 218.00)
  [root-node] height: expected 38.00, got 0.00 (err: 38.00)
  [root-node] borderBoxWidth: expected 248.00, got 0.00 (err: 248.00)
  [root-node] borderBoxHeight: expected 73.00, got 0.00 (err: 73.00)
  [root-node] outerWidth: expected 278.00, got 0.00 (err: 278.00)
  [root-node] outerHeight: expected 92.00, got 0.00 (err: 92.00)
  [root-node] padding.top: expected 4.00, got 0.00 (err: 4.00)
  [root-node] padding.right: expected 1.00, got 0.00 (err: 1.00)
  [root-node] padding.bottom: expected 16.00, got 0.00 (err: 16.00)
  [root-node] padding.left: expected 16.00, got 0.00 (err: 16.00)
  [root-node] border.top: expected 6.00, got 0.00 (err: 6.00)
  [root-node] border.right: expected 8.00, got 0.00 (err: 8.00)
  [root-node] border.bottom: expected 9.00, got 0.00 (err: 9.00)
  [root-node] border.left: expected 5.00, got 0.00 (err: 5.00)
  [root-node] margin.top: expected 19.00, got 0.00 (err: 19.00)
  [root-node] margin.right: expected 16.00, got 0.00 (err: 16.00)
  [root-node] margin.left: expected 14.00, got 0.00 (err: 14.00)
  [node-2] x: expected 4.00, got 0.00 (err: 4.00)
  [node-2] y: expected 9.00, got 0.00 (err: 9.00)
  [node-2] width: expected 56.00, got 0.00 (err: 56.00)
  [node-2] height: expected 119.00, got 0.00 (err: 119.00)
  [node-2] borderBoxWidth: expected 84.00, got 0.00 (err: 84.00)
  [node-2] borderBoxHeight: expected 144.00, got 0.00 (err: 144.00)
  [node-2] outerWidth: expected 102.00, got 0.00 (err: 102.00)
  [node-2] outerHeight: expected 153.00, got 0.00 (err: 153.00)
  [node-2] padding.top: expected 17.00, got 0.00 (err: 17.00)
  [node-2] padding.right: expected 11.00, got 0.00 (err: 11.00)
  [node-2] padding.left: expected 11.00, got 0.00 (err: 11.00)
  [node-2] border.top: expected 6.00, got 0.00 (err: 6.00)
  [node-2] border.right: expected 4.00, got 0.00 (err: 4.00)
  [node-2] border.bottom: expected 2.00, got 0.00 (err: 2.00)
  [node-2] border.left: expected 2.00, got 0.00 (err: 2.00)
  [node-2] margin.top: expected 9.00, got 0.00 (err: 9.00)
  [node-2] margin.right: expected 14.00, got 0.00 (err: 14.00)
  [node-2] margin.left: expected 4.00, got 0.00 (err: 4.00)
  [node-3] x: expected 26.00, got 0.00 (err: 26.00)
  [node-3] y: expected 47.00, got 0.00 (err: 47.00)
  [node-3] width: expected 34.00, got 0.00 (err: 34.00)
  [node-3] height: expected 200.00, got 0.00 (err: 200.00)
  [node-3] borderBoxWidth: expected 67.00, got 0.00 (err: 67.00)
  [node-3] borderBoxHeight: expected 244.00, got 0.00 (err: 244.00)
  [node-3] outerWidth: expected 94.00, got 0.00 (err: 94.00)
  [node-3] outerHeight: expected 259.00, got 0.00 (err: 259.00)
  [node-3] padding.top: expected 13.00, got 0.00 (err: 13.00)
  [node-3] padding.right: expected 8.00, got 0.00 (err: 8.00)
  [node-3] padding.bottom: expected 16.00, got 0.00 (err: 16.00)
  [node-3] padding.left: expected 18.00, got 0.00 (err: 18.00)
  [node-3] border.top: expected 5.00, got 0.00 (err: 5.00)
  [node-3] border.right: expected 6.00, got 0.00 (err: 6.00)
  [node-3] border.bottom: expected 10.00, got 0.00 (err: 10.00)
  [node-3] border.left: expected 1.00, got 0.00 (err: 1.00)
  [node-3] margin.top: expected 15.00, got 0.00 (err: 15.00)
  [node-3] margin.right: expected 18.00, got 0.00 (err: 18.00)
  [node-3] margin.left: expected 9.00, got 0.00 (err: 9.00)
  [node-4] x: expected 24.00, got 0.00 (err: 24.00)
  [node-4] y: expected 301.00, got 0.00 (err: 301.00)
  [node-4] width: expected 207.00, got 0.00 (err: 207.00)
  [node-4] height: expected 35.00, got 0.00 (err: 35.00)
  [node-4] borderBoxWidth: expected 225.00, got 0.00 (err: 225.00)
  [node-4] borderBoxHeight: expected 56.00, got 0.00 (err: 56.00)
  [node-4] outerWidth: expected 245.00, got 0.00 (err: 245.00)
  [node-4] outerHeight: expected 66.00, got 0.00 (err: 66.00)
  [node-4] padding.top: expected 4.00, got 0.00 (err: 4.00)
  [node-4] padding.right: expected 1.00, got 0.00 (err: 1.00)
  [node-4] padding.bottom: expected 15.00, got 0.00 (err: 15.00)
  [node-4] padding.left: expected 4.00, got 0.00 (err: 4.00)
  [node-4] border.top: expected 1.00, got 0.00 (err: 1.00)
  [node-4] border.right: expected 6.00, got 0.00 (err: 6.00)
  [node-4] border.bottom: expected 1.00, got 0.00 (err: 1.00)
  [node-4] border.left: expected 7.00, got 0.00 (err: 7.00)
  [node-4] margin.top: expected 10.00, got 0.00 (err: 10.00)
  [node-4] margin.right: expected 13.00, got 0.00 (err: 13.00)
  [node-4] margin.left: expected 7.00, got 0.00 (err: 7.00)
  [node-5] x: expected 26.00, got 0.00 (err: 26.00)
  [node-5] y: expected 377.00, got 0.00 (err: 377.00)
  [node-5] width: expected 110.00, got 0.00 (err: 110.00)
  [node-5] height: expected 217.00, got 0.00 (err: 217.00)
  [node-5] borderBoxWidth: expected 126.00, got 0.00 (err: 126.00)
  [node-5] borderBoxHeight: expected 247.00, got 0.00 (err: 247.00)
  [node-5] outerWidth: expected 147.00, got 0.00 (err: 147.00)
  [node-5] outerHeight: expected 267.00, got 0.00 (err: 267.00)
  [node-5] padding.top: expected 6.00, got 0.00 (err: 6.00)
  [node-5] padding.bottom: expected 10.00, got 0.00 (err: 10.00)
  [node-5] padding.left: expected 9.00, got 0.00 (err: 9.00)
  [node-5] border.top: expected 4.00, got 0.00 (err: 4.00)
  [node-5] border.right: expected 4.00, got 0.00 (err: 4.00)
  [node-5] border.bottom: expected 10.00, got 0.00 (err: 10.00)
  [node-5] border.left: expected 3.00, got 0.00 (err: 3.00)
  [node-5] margin.top: expected 20.00, got 0.00 (err: 20.00)
  [node-5] margin.right: expected 12.00, got 0.00 (err: 12.00)
  [node-5] margin.left: expected 9.00, got 0.00 (err: 9.00)
  [node-6] x: expected 16.00, got 0.00 (err: 16.00)
  [node-6] y: expected 159.00, got 0.00 (err: 159.00)
  [node-6] width: expected 245.00, got 0.00 (err: 245.00)
  [node-6] height: expected 244.00, got 0.00 (err: 244.00)
  [node-6] borderBoxWidth: expected 269.00, got 0.00 (err: 269.00)
  [node-6] borderBoxHeight: expected 275.00, got 0.00 (err: 275.00)
  [node-6] outerWidth: expected 303.00, got 0.00 (err: 303.00)
  [node-6] outerHeight: expected 281.00, got 0.00 (err: 281.00)
  [node-6] padding.top: expected 20.00, got 0.00 (err: 20.00)
  [node-6] padding.right: expected 9.00, got 0.00 (err: 9.00)
  [node-6] padding.bottom: expected 3.00, got 0.00 (err: 3.00)
  [node-6] padding.left: expected 14.00, got 0.00 (err: 14.00)
  [node-6] border.top: expected 4.00, got 0.00 (err: 4.00)
  [node-6] border.bottom: expected 4.00, got 0.00 (err: 4.00)
  [node-6] border.left: expected 1.00, got 0.00 (err: 1.00)
  [node-6] margin.top: expected 6.00, got 0.00 (err: 6.00)
  [node-6] margin.right: expected 18.00, got 0.00 (err: 18.00)
  [node-6] margin.left: expected 16.00, got 0.00 (err: 16.00)
  [node-7] x: expected 35.00, got 0.00 (err: 35.00)
  [node-7] y: expected 194.00, got 0.00 (err: 194.00)
  [node-7] width: expected 160.00, got 0.00 (err: 160.00)
  [node-7] height: expected 139.00, got 0.00 (err: 139.00)
  [node-7] borderBoxWidth: expected 196.00, got 0.00 (err: 196.00)
  [node-7] borderBoxHeight: expected 153.00, got 0.00 (err: 153.00)
  [node-7] outerWidth: expected 200.00, got 0.00 (err: 200.00)
  [node-7] outerHeight: expected 164.00, got 0.00 (err: 164.00)
  [node-7] padding.top: expected 6.00, got 0.00 (err: 6.00)
  [node-7] padding.right: expected 16.00, got 0.00 (err: 16.00)
  [node-7] padding.bottom: expected 1.00, got 0.00 (err: 1.00)
  [node-7] padding.left: expected 11.00, got 0.00 (err: 11.00)
  [node-7] border.top: expected 6.00, got 0.00 (err: 6.00)
  [node-7] border.right: expected 6.00, got 0.00 (err: 6.00)
  [node-7] border.bottom: expected 1.00, got 0.00 (err: 1.00)
  [node-7] border.left: expected 3.00, got 0.00 (err: 3.00)
  [node-7] margin.top: expected 11.00, got 0.00 (err: 11.00)
  [node-7] margin.left: expected 4.00, got 0.00 (err: 4.00)
  [node-8] x: expected 49.00, got 0.00 (err: 49.00)
  [node-8] y: expected 361.00, got 0.00 (err: 361.00)
  [node-8] width: expected 235.00, got 0.00 (err: 235.00)
  [node-8] height: expected 178.00, got 0.00 (err: 178.00)
  [node-8] borderBoxWidth: expected 272.00, got 0.00 (err: 272.00)
  [node-8] borderBoxHeight: expected 213.00, got 0.00 (err: 213.00)
  [node-8] outerWidth: expected 291.00, got 0.00 (err: 291.00)
  [node-8] outerHeight: expected 227.00, got 0.00 (err: 227.00)
  [node-8] padding.top: expected 16.00, got 0.00 (err: 16.00)
  [node-8] padding.right: expected 9.00, got 0.00 (err: 9.00)
  [node-8] padding.bottom: expected 13.00, got 0.00 (err: 13.00)
  [node-8] padding.left: expected 16.00, got 0.00 (err: 16.00)
  [node-8] border.top: expected 2.00, got 0.00 (err: 2.00)
  [node-8] border.right: expected 6.00, got 0.00 (err: 6.00)
  [node-8] border.bottom: expected 4.00, got 0.00 (err: 4.00)
  [node-8] border.left: expected 6.00, got 0.00 (err: 6.00)
  [node-8] margin.top: expected 14.00, got 0.00 (err: 14.00)
  [node-8] margin.right: expected 1.00, got 0.00 (err: 1.00)
  [node-8] margin.left: expected 18.00, got 0.00 (err: 18.00)
  [node-9] x: expected 11.00, got 0.00 (err: 11.00)
  [node-9] y: expected 442.00, got 0.00 (err: 442.00)
  [node-9] width: expected 225.00, got 0.00 (err: 225.00)
  [node-9] height: expected 143.00, got 0.00 (err: 143.00)
  [node-9] borderBoxWidth: expected 240.00, got 0.00 (err: 240.00)
  [node-9] borderBoxHeight: expected 182.00, got 0.00 (err: 182.00)
  [node-9] outerWidth: expected 267.00, got 0.00 (err: 267.00)
  [node-9] outerHeight: expected 190.00, got 0.00 (err: 190.00)
  [node-9] padding.top: expected 19.00, got 0.00 (err: 19.00)
  [node-9] padding.right: expected 5.00, got 0.00 (err: 5.00)
  [node-9] padding.bottom: expected 9.00, got 0.00 (err: 9.00)
  [node-9] padding.left: expected 1.00, got 0.00 (err: 1.00)
  [node-9] border.top: expected 10.00, got 0.00 (err: 10.00)
  [node-9] border.right: expected 5.00, got 0.00 (err: 5.00)
  [node-9] border.bottom: expected 1.00, got 0.00 (err: 1.00)
  [node-9] border.left: expected 4.00, got 0.00 (err: 4.00)
  [node-9] margin.top: expected 8.00, got 0.00 (err: 8.00)
  [node-9] margin.right: expected 16.00, got 0.00 (err: 16.00)
  [node-9] margin.left: expected 11.00, got 0.00 (err: 11.00)
  [node-10] x: expected 34.00, got 0.00 (err: 34.00)
  [node-10] y: expected 477.00, got 0.00 (err: 477.00)
  [node-10] width: expected 172.00, got 0.00 (err: 172.00)
  [node-10] height: expected 250.00, got 0.00 (err: 250.00)
  [node-10] borderBoxWidth: expected 206.00, got 0.00 (err: 206.00)
  [node-10] borderBoxHeight: expected 279.00, got 0.00 (err: 279.00)
  [node-10] outerWidth: expected 230.00, got 0.00 (err: 230.00)
  [node-10] outerHeight: expected 285.00, got 0.00 (err: 285.00)
  [node-10] padding.top: expected 6.00, got 0.00 (err: 6.00)
  [node-10] padding.right: expected 13.00, got 0.00 (err: 13.00)
  [node-10] padding.bottom: expected 11.00, got 0.00 (err: 11.00)
  [node-10] padding.left: expected 15.00, got 0.00 (err: 15.00)
  [node-10] border.top: expected 4.00, got 0.00 (err: 4.00)
  [node-10] border.right: expected 3.00, got 0.00 (err: 3.00)
  [node-10] border.bottom: expected 8.00, got 0.00 (err: 8.00)
  [node-10] border.left: expected 3.00, got 0.00 (err: 3.00)
  [node-10] margin.top: expected 6.00, got 0.00 (err: 6.00)
  [node-10] margin.right: expected 6.00, got 0.00 (err: 6.00)
  [node-10] margin.left: expected 18.00, got 0.00 (err: 18.00)
  [node-11] x: expected 18.00, got 0.00 (err: 18.00)
  [node-11] y: expected 770.00, got 0.00 (err: 770.00)
  [node-11] width: expected 139.00, got 0.00 (err: 139.00)
  [node-11] height: expected 144.00, got 0.00 (err: 144.00)
  [node-11] borderBoxWidth: expected 167.00, got 0.00 (err: 167.00)
  [node-11] borderBoxHeight: expected 177.00, got 0.00 (err: 177.00)
  [node-11] outerWidth: expected 171.00, got 0.00 (err: 171.00)
  [node-11] outerHeight: expected 191.00, got 0.00 (err: 191.00)
  [node-11] padding.top: expected 13.00, got 0.00 (err: 13.00)
  [node-11] padding.right: expected 6.00, got 0.00 (err: 6.00)
  [node-11] padding.bottom: expected 6.00, got 0.00 (err: 6.00)
  [node-11] padding.left: expected 16.00, got 0.00 (err: 16.00)
  [node-11] border.top: expected 4.00, got 0.00 (err: 4.00)
  [node-11] border.bottom: expected 10.00, got 0.00 (err: 10.00)
  [node-11] border.left: expected 6.00, got 0.00 (err: 6.00)
  [node-11] margin.top: expected 14.00, got 0.00 (err: 14.00)
  [node-11] margin.right: expected 2.00, got 0.00 (err: 2.00)
  [node-11] margin.left: expected 2.00, got 0.00 (err: 2.00)

❌ Fixture Failed: tier-1-10048.json (Tier 1, Seed 10048)
   Mean Error for test: 65.3500px
  [root-node] x: expected -24.00, got 0.00 (err: 24.00)
  [root-node] y: expected -1.00, got 0.00 (err: 1.00)
  [root-node] width: expected 220.00, got 0.00 (err: 220.00)
  [root-node] height: expected 263.00, got 0.00 (err: 263.00)
  [root-node] borderBoxWidth: expected 258.00, got 0.00 (err: 258.00)
  [root-node] borderBoxHeight: expected 283.00, got 0.00 (err: 283.00)
  [root-node] outerWidth: expected 286.00, got 0.00 (err: 286.00)
  [root-node] outerHeight: expected 292.00, got 0.00 (err: 292.00)
  [root-node] padding.right: expected 6.00, got 0.00 (err: 6.00)
  [root-node] padding.bottom: expected 15.00, got 0.00 (err: 15.00)
  [root-node] padding.left: expected 18.00, got 0.00 (err: 18.00)
  [root-node] border.top: expected 1.00, got 0.00 (err: 1.00)
  [root-node] border.right: expected 8.00, got 0.00 (err: 8.00)
  [root-node] border.bottom: expected 4.00, got 0.00 (err: 4.00)
  [root-node] border.left: expected 6.00, got 0.00 (err: 6.00)
  [root-node] margin.top: expected 9.00, got 0.00 (err: 9.00)
  [root-node] margin.right: expected 14.00, got 0.00 (err: 14.00)
  [root-node] margin.left: expected 14.00, got 0.00 (err: 14.00)
  [node-2] x: expected 10.00, got 0.00 (err: 10.00)
  [node-2] y: expected 20.00, got 0.00 (err: 20.00)
  [node-2] width: expected 146.00, got 0.00 (err: 146.00)
  [node-2] height: expected 45.00, got 0.00 (err: 45.00)
  [node-2] borderBoxWidth: expected 167.00, got 0.00 (err: 167.00)
  [node-2] borderBoxHeight: expected 83.00, got 0.00 (err: 83.00)
  [node-2] outerWidth: expected 182.00, got 0.00 (err: 182.00)
  [node-2] outerHeight: expected 103.00, got 0.00 (err: 103.00)
  [node-2] padding.top: expected 20.00, got 0.00 (err: 20.00)
  [node-2] padding.right: expected 2.00, got 0.00 (err: 2.00)
  [node-2] padding.bottom: expected 10.00, got 0.00 (err: 10.00)
  [node-2] padding.left: expected 14.00, got 0.00 (err: 14.00)
  [node-2] border.top: expected 8.00, got 0.00 (err: 8.00)
  [node-2] border.left: expected 5.00, got 0.00 (err: 5.00)
  [node-2] margin.top: expected 20.00, got 0.00 (err: 20.00)
  [node-2] margin.right: expected 5.00, got 0.00 (err: 5.00)
  [node-2] margin.left: expected 10.00, got 0.00 (err: 10.00)
  [node-3] x: expected 40.00, got 0.00 (err: 40.00)
  [node-3] y: expected 67.00, got 0.00 (err: 67.00)
  [node-3] width: expected 238.00, got 0.00 (err: 238.00)
  [node-3] height: expected 132.00, got 0.00 (err: 132.00)
  [node-3] borderBoxWidth: expected 249.00, got 0.00 (err: 249.00)
  [node-3] borderBoxHeight: expected 145.00, got 0.00 (err: 145.00)
  [node-3] outerWidth: expected 260.00, got 0.00 (err: 260.00)
  [node-3] outerHeight: expected 164.00, got 0.00 (err: 164.00)
  [node-3] padding.right: expected 2.00, got 0.00 (err: 2.00)
  [node-3] padding.bottom: expected 1.00, got 0.00 (err: 1.00)
  [node-3] padding.left: expected 4.00, got 0.00 (err: 4.00)
  [node-3] border.top: expected 7.00, got 0.00 (err: 7.00)
  [node-3] border.right: expected 2.00, got 0.00 (err: 2.00)
  [node-3] border.bottom: expected 5.00, got 0.00 (err: 5.00)
  [node-3] border.left: expected 3.00, got 0.00 (err: 3.00)
  [node-3] margin.top: expected 19.00, got 0.00 (err: 19.00)
  [node-3] margin.left: expected 11.00, got 0.00 (err: 11.00)

❌ Fixture Failed: tier-1-10049.json (Tier 1, Seed 10049)
   Mean Error for test: 89.1214px
  [root-node] x: expected -27.00, got 0.00 (err: 27.00)
  [root-node] y: expected -25.00, got 0.00 (err: 25.00)
  [root-node] width: expected 268.00, got 0.00 (err: 268.00)
  [root-node] height: expected 242.00, got 0.00 (err: 242.00)
  [root-node] borderBoxWidth: expected 313.00, got 0.00 (err: 313.00)
  [root-node] borderBoxHeight: expected 291.00, got 0.00 (err: 291.00)
  [root-node] outerWidth: expected 337.00, got 0.00 (err: 337.00)
  [root-node] outerHeight: expected 311.00, got 0.00 (err: 311.00)
  [root-node] padding.top: expected 17.00, got 0.00 (err: 17.00)
  [root-node] padding.right: expected 10.00, got 0.00 (err: 10.00)
  [root-node] padding.bottom: expected 14.00, got 0.00 (err: 14.00)
  [root-node] padding.left: expected 19.00, got 0.00 (err: 19.00)
  [root-node] border.top: expected 8.00, got 0.00 (err: 8.00)
  [root-node] border.right: expected 8.00, got 0.00 (err: 8.00)
  [root-node] border.bottom: expected 10.00, got 0.00 (err: 10.00)
  [root-node] border.left: expected 8.00, got 0.00 (err: 8.00)
  [root-node] margin.top: expected 20.00, got 0.00 (err: 20.00)
  [root-node] margin.right: expected 11.00, got 0.00 (err: 11.00)
  [root-node] margin.left: expected 13.00, got 0.00 (err: 13.00)
  [node-2] x: expected 16.00, got 0.00 (err: 16.00)
  [node-2] y: expected 10.00, got 0.00 (err: 10.00)
  [node-2] width: expected 232.00, got 0.00 (err: 232.00)
  [node-2] height: expected 256.00, got 0.00 (err: 256.00)
  [node-2] borderBoxWidth: expected 278.00, got 0.00 (err: 278.00)
  [node-2] borderBoxHeight: expected 298.00, got 0.00 (err: 298.00)
  [node-2] outerWidth: expected 311.00, got 0.00 (err: 311.00)
  [node-2] outerHeight: expected 308.00, got 0.00 (err: 308.00)
  [node-2] padding.top: expected 3.00, got 0.00 (err: 3.00)
  [node-2] padding.right: expected 14.00, got 0.00 (err: 14.00)
  [node-2] padding.bottom: expected 20.00, got 0.00 (err: 20.00)
  [node-2] padding.left: expected 18.00, got 0.00 (err: 18.00)
  [node-2] border.top: expected 10.00, got 0.00 (err: 10.00)
  [node-2] border.right: expected 7.00, got 0.00 (err: 7.00)
  [node-2] border.bottom: expected 9.00, got 0.00 (err: 9.00)
  [node-2] border.left: expected 7.00, got 0.00 (err: 7.00)
  [node-2] margin.top: expected 10.00, got 0.00 (err: 10.00)
  [node-2] margin.right: expected 17.00, got 0.00 (err: 17.00)
  [node-2] margin.left: expected 16.00, got 0.00 (err: 16.00)
  [node-3] x: expected 55.00, got 0.00 (err: 55.00)
  [node-3] y: expected 25.00, got 0.00 (err: 25.00)
  [node-3] width: expected 135.00, got 0.00 (err: 135.00)
  [node-3] height: expected 264.00, got 0.00 (err: 264.00)
  [node-3] borderBoxWidth: expected 179.00, got 0.00 (err: 179.00)
  [node-3] borderBoxHeight: expected 297.00, got 0.00 (err: 297.00)
  [node-3] outerWidth: expected 196.00, got 0.00 (err: 196.00)
  [node-3] outerHeight: expected 299.00, got 0.00 (err: 299.00)
  [node-3] padding.top: expected 7.00, got 0.00 (err: 7.00)
  [node-3] padding.right: expected 17.00, got 0.00 (err: 17.00)
  [node-3] padding.bottom: expected 8.00, got 0.00 (err: 8.00)
  [node-3] padding.left: expected 11.00, got 0.00 (err: 11.00)
  [node-3] border.top: expected 8.00, got 0.00 (err: 8.00)
  [node-3] border.right: expected 10.00, got 0.00 (err: 10.00)
  [node-3] border.bottom: expected 10.00, got 0.00 (err: 10.00)
  [node-3] border.left: expected 6.00, got 0.00 (err: 6.00)
  [node-3] margin.top: expected 2.00, got 0.00 (err: 2.00)
  [node-3] margin.right: expected 3.00, got 0.00 (err: 3.00)
  [node-3] margin.left: expected 14.00, got 0.00 (err: 14.00)
  [node-4] x: expected 2.00, got 0.00 (err: 2.00)
  [node-4] y: expected 321.00, got 0.00 (err: 321.00)
  [node-4] width: expected 172.00, got 0.00 (err: 172.00)
  [node-4] height: expected 61.00, got 0.00 (err: 61.00)
  [node-4] borderBoxWidth: expected 214.00, got 0.00 (err: 214.00)
  [node-4] borderBoxHeight: expected 95.00, got 0.00 (err: 95.00)
  [node-4] outerWidth: expected 227.00, got 0.00 (err: 227.00)
  [node-4] outerHeight: expected 108.00, got 0.00 (err: 108.00)
  [node-4] padding.top: expected 15.00, got 0.00 (err: 15.00)
  [node-4] padding.right: expected 11.00, got 0.00 (err: 11.00)
  [node-4] padding.bottom: expected 11.00, got 0.00 (err: 11.00)
  [node-4] padding.left: expected 15.00, got 0.00 (err: 15.00)
  [node-4] border.top: expected 4.00, got 0.00 (err: 4.00)
  [node-4] border.right: expected 10.00, got 0.00 (err: 10.00)
  [node-4] border.bottom: expected 4.00, got 0.00 (err: 4.00)
  [node-4] border.left: expected 6.00, got 0.00 (err: 6.00)
  [node-4] margin.top: expected 13.00, got 0.00 (err: 13.00)
  [node-4] margin.right: expected 11.00, got 0.00 (err: 11.00)
  [node-4] margin.left: expected 2.00, got 0.00 (err: 2.00)
  [node-5] x: expected 35.00, got 0.00 (err: 35.00)
  [node-5] y: expected 340.00, got 0.00 (err: 340.00)
  [node-5] width: expected 159.00, got 0.00 (err: 159.00)
  [node-5] height: expected 282.00, got 0.00 (err: 282.00)
  [node-5] borderBoxWidth: expected 183.00, got 0.00 (err: 183.00)
  [node-5] borderBoxHeight: expected 293.00, got 0.00 (err: 293.00)
  [node-5] outerWidth: expected 195.00, got 0.00 (err: 195.00)
  [node-5] outerHeight: expected 293.00, got 0.00 (err: 293.00)
  [node-5] padding.top: expected 4.00, got 0.00 (err: 4.00)
  [node-5] padding.right: expected 9.00, got 0.00 (err: 9.00)
  [node-5] padding.bottom: expected 2.00, got 0.00 (err: 2.00)
  [node-5] padding.left: expected 10.00, got 0.00 (err: 10.00)
  [node-5] border.bottom: expected 5.00, got 0.00 (err: 5.00)
  [node-5] border.left: expected 5.00, got 0.00 (err: 5.00)
  [node-5] margin.left: expected 12.00, got 0.00 (err: 12.00)
  [node-6] x: expected 32.00, got 0.00 (err: 32.00)
  [node-6] y: expected 649.00, got 0.00 (err: 649.00)
  [node-6] width: expected 73.00, got 0.00 (err: 73.00)
  [node-6] height: expected 258.00, got 0.00 (err: 258.00)
  [node-6] borderBoxWidth: expected 110.00, got 0.00 (err: 110.00)
  [node-6] borderBoxHeight: expected 300.00, got 0.00 (err: 300.00)
  [node-6] outerWidth: expected 127.00, got 0.00 (err: 127.00)
  [node-6] outerHeight: expected 316.00, got 0.00 (err: 316.00)
  [node-6] padding.top: expected 18.00, got 0.00 (err: 18.00)
  [node-6] padding.right: expected 4.00, got 0.00 (err: 4.00)
  [node-6] padding.bottom: expected 17.00, got 0.00 (err: 17.00)
  [node-6] padding.left: expected 17.00, got 0.00 (err: 17.00)
  [node-6] border.top: expected 2.00, got 0.00 (err: 2.00)
  [node-6] border.right: expected 10.00, got 0.00 (err: 10.00)
  [node-6] border.bottom: expected 5.00, got 0.00 (err: 5.00)
  [node-6] border.left: expected 6.00, got 0.00 (err: 6.00)
  [node-6] margin.top: expected 16.00, got 0.00 (err: 16.00)
  [node-6] margin.right: expected 8.00, got 0.00 (err: 8.00)
  [node-6] margin.left: expected 9.00, got 0.00 (err: 9.00)
  [node-7] x: expected 23.00, got 0.00 (err: 23.00)
  [node-7] y: expected 967.00, got 0.00 (err: 967.00)
  [node-7] width: expected 186.00, got 0.00 (err: 186.00)
  [node-7] height: expected 59.00, got 0.00 (err: 59.00)
  [node-7] borderBoxWidth: expected 222.00, got 0.00 (err: 222.00)
  [node-7] borderBoxHeight: expected 105.00, got 0.00 (err: 105.00)
  [node-7] outerWidth: expected 235.00, got 0.00 (err: 235.00)
  [node-7] outerHeight: expected 123.00, got 0.00 (err: 123.00)
  [node-7] padding.top: expected 14.00, got 0.00 (err: 14.00)
  [node-7] padding.right: expected 17.00, got 0.00 (err: 17.00)
  [node-7] padding.bottom: expected 18.00, got 0.00 (err: 18.00)
  [node-7] padding.left: expected 14.00, got 0.00 (err: 14.00)
  [node-7] border.top: expected 6.00, got 0.00 (err: 6.00)
  [node-7] border.right: expected 2.00, got 0.00 (err: 2.00)
  [node-7] border.bottom: expected 8.00, got 0.00 (err: 8.00)
  [node-7] border.left: expected 3.00, got 0.00 (err: 3.00)
  [node-7] margin.top: expected 18.00, got 0.00 (err: 18.00)
  [node-7] margin.right: expected 13.00, got 0.00 (err: 13.00)

--- Test Summary ---
Total:  50
Passed: 0
Failed: 50

Fitness Score: 0.014209
Mean Error Across Failing Tests: 69.3778px

--- Highest Priority Failing Tests ---
- tier-1-10032.json (Tier 1, Nodes: 3, Mean Error: 55.6833px)
- tier-1-10016.json (Tier 1, Nodes: 3, Mean Error: 58.7333px)
- tier-1-10048.json (Tier 1, Nodes: 3, Mean Error: 65.3500px)
- tier-1-10006.json (Tier 1, Nodes: 3, Mean Error: 67.0000px)
- tier-1-10012.json (Tier 1, Nodes: 3, Mean Error: 69.9833px)

📝 Appended run to tracker.jsonl
